Microchip Technology Inc, v2.10 (B)

Tool Name:
  c:\program files\microchip\xc16\v2.10\bin\bin\..\bin/elf-ld.exe

Command:
  -p33EP256GP506 \
  --mdfp=C:/Users/user/.mchp_packs/Microchip/dsPIC33E-GM-GP-MC-GU-MU_DFP/1.5.258/xc16 \
  -o \
  dist/default/debug/OBD_Interpreter-main.debug.elf \
  -Lc:/program files/microchip/xc16/v2.10/bin/bin/.. \
  -LC:/Users/user/.mchp_packs/Microchip/dsPIC33E-GM-GP-MC-GU-MU_DFP/1.5.258/xc16/bin/../support/PIC24E/gld \
  -LC:/Users/user/.mchp_packs/Microchip/dsPIC33E-GM-GP-MC-GU-MU_DFP/1.5.258/xc16/bin/../support/dsPIC33E/gld \
  -Lc:/program files/microchip/xc16/v2.10/bin/bin/../../lib \
  -Lc:/program files/microchip/xc16/v2.10/bin/bin/../../support/PIC24E/gld \
  -Lc:/program files/microchip/xc16/v2.10/bin/bin/../../support/PIC24F/gld \
  -Lc:/program files/microchip/xc16/v2.10/bin/bin/../../support/PIC24H/gld \
  -Lc:/program files/microchip/xc16/v2.10/bin/bin/../../support/dsPIC30F/gld \
  -Lc:/program files/microchip/xc16/v2.10/bin/bin/../../support/dsPIC33C/gld \
  -Lc:/program files/microchip/xc16/v2.10/bin/bin/../../support/dsPIC33E/gld \
  -Lc:/program files/microchip/xc16/v2.10/bin/bin/../../support/dsPIC33F/gld \
  build/default/debug/mcc_generated_files/mcc.o \
  build/default/debug/mcc_generated_files/where_was_i.o \
  build/default/debug/mcc_generated_files/pin_manager.o \
  build/default/debug/mcc_generated_files/traps.o \
  build/default/debug/mcc_generated_files/reset.o \
  build/default/debug/mcc_generated_files/uart1.o \
  build/default/debug/mcc_generated_files/clock.o \
  build/default/debug/mcc_generated_files/interrupt_manager.o \
  build/default/debug/mcc_generated_files/system.o \
  build/default/debug/flash.o \
  build/default/debug/main.o \
  build/default/debug/nvmpic.o \
  build/default/debug/commands.o \
  build/default/debug/at.o \
  build/default/debug/test_commands.o \
  --local-stack \
  --defsym=__MPLAB_BUILD=1 \
  --defsym=__MPLAB_DEBUG=1 \
  --defsym=__DEBUG=1 \
  --defsym=__MPLAB_DEBUGGER_SIMULATOR=1 \
  -Tp33EP256GP506.gld.00 \
  --stack=16 \
  --check-sections \
  --data-init \
  --pack-data \
  --handles \
  --isr \
  --no-gc-sections \
  --fill-upper=0 \
  --stackguard=16 \
  --no-force-link \
  --smart-io \
  -Map=dist/default/debug/OBD_Interpreter-main.debug.map \
  --report-mem \
  --memorysummary \
  dist/default/debug/memoryfile.xml \
  -start-group \
  --library=c99-pic30-elf \
  --library=m-elf \
  --library=c99-elf \
  -end-group \


Optional library libp33EP256GP506.a not found
Archive member included because of file (symbol)

c:/program files/microchip/xc16/v2.10/bin/bin/../../lib\libc99-pic30-elf.a(crt0_extendedep.o)
                              (__resetPRI)
c:/program files/microchip/xc16/v2.10/bin/bin/../../lib\libc99-pic30-elf.a(data_init_extended.o)
                              c:/program files/microchip/xc16/v2.10/bin/bin/../../lib\libc99-pic30-elf.a(crt0_extendedep.o) (__data_init_extended)
c:/program files/microchip/xc16/v2.10/bin/bin/../../lib\libc99-pic30-elf.a(crt_start_mode_normalep.Meo)
                              (__crt_start_mode_normal)
c:/program files/microchip/xc16/v2.10/bin/bin/../../lib\libc99-pic30-elf.a(fixunssfsi.EP_o)
                              build/default/debug/mcc_generated_files/uart1.o (___fixunssfsi)
c:/program files/microchip/xc16/v2.10/bin/bin/../../lib\libc99-pic30-elf.a(floatunsisf.EP_o)
                              build/default/debug/mcc_generated_files/uart1.o (___floatunsisf)
c:/program files/microchip/xc16/v2.10/bin/bin/../../lib\libc99-pic30-elf.a(funpack.EP_o)
                              c:/program files/microchip/xc16/v2.10/bin/bin/../../lib\libc99-pic30-elf.a(fixunssfsi.EP_o) (__funpack)
c:/program files/microchip/xc16/v2.10/bin/bin/../../lib\libc99-pic30-elf.a(udivsi3.EP_o)
                              build/default/debug/mcc_generated_files/uart1.o (___udivsi3)
c:/program files/microchip/xc16/v2.10/bin/bin/../../lib\libc99-pic30-elf.a(divsf3x.EP_o)
                              build/default/debug/mcc_generated_files/uart1.o (___divsf3)
c:/program files/microchip/xc16/v2.10/bin/bin/../../lib\libc99-pic30-elf.a(mulsf3x.EP_o)
                              build/default/debug/mcc_generated_files/uart1.o (___mulsf3)
c:/program files/microchip/xc16/v2.10/bin/bin/../../lib\libc99-pic30-elf.a(dnrmpackfx.EP_o)
                              c:/program files/microchip/xc16/v2.10/bin/bin/../../lib\libc99-pic30-elf.a(mulsf3x.EP_o) (__dnrmpackf)
c:/program files/microchip/xc16/v2.10/bin/bin/../../lib\libc99-pic30-elf.a(unpackdnrmfx.EP_o)
                              c:/program files/microchip/xc16/v2.10/bin/bin/../../lib\libc99-pic30-elf.a(mulsf3x.EP_o) (__unpackdnrmf)
c:/program files/microchip/xc16/v2.10/bin/bin/../../lib\libc99-pic30-elf.a(typefx.EP_o)
                              c:/program files/microchip/xc16/v2.10/bin/bin/../../lib\libc99-pic30-elf.a(divsf3x.EP_o) (__typef)
c:/program files/microchip/xc16/v2.10/bin/bin/../../lib\libc99-pic30-elf.a(propnanfx.EP_o)
[...]
Memory Configuration

Name             Origin             Length             Attributes
data             0x001000           0x008000           a !xr
reset            0x000000           0x000004  
ivt              0x000004           0x0001fc  
program          0x000200           0x02adec           xr
FICD             0x02aff0           0x000002  
FPOR             0x02aff2           0x000002  
FWDT             0x02aff4           0x000002  
FOSC             0x02aff6           0x000002  
FOSCSEL          0x02aff8           0x000002  
FGS              0x02affa           0x000002  
FUID0            0x800ff8           0x000002  
FUID1            0x800ffa           0x000002  
FUID2            0x800ffc           0x000002  
FUID3            0x800ffe           0x000002  
*default*        0x000000           0xffffffff  

Linker script and memory map

LOAD build/default/debug/mcc_generated_files/mcc.o
LOAD build/default/debug/mcc_generated_files/where_was_i.o
LOAD build/default/debug/mcc_generated_files/pin_manager.o
LOAD build/default/debug/mcc_generated_files/traps.o
LOAD build/default/debug/mcc_generated_files/reset.o
LOAD build/default/debug/mcc_generated_files/uart1.o
LOAD build/default/debug/mcc_generated_files/clock.o
LOAD build/default/debug/mcc_generated_files/interrupt_manager.o
LOAD build/default/debug/mcc_generated_files/system.o
LOAD build/default/debug/flash.o
LOAD build/default/debug/main.o
LOAD build/default/debug/nvmpic.o
LOAD build/default/debug/commands.o
LOAD build/default/debug/at.o
LOAD build/default/debug/test_commands.o
                    0x0001                  __MPLAB_BUILD = 0x1
                    0x0001                  __MPLAB_DEBUG = 0x1
                    0x0001                  __DEBUG = 0x1
                    0x0001                  __MPLAB_DEBUGGER_SIMULATOR = 0x1
LOAD p33EP256GP506
LOAD c:/program files/microchip/xc16/v2.10/bin/bin/../../lib\libfx-elf.a
                    0x2aff0                  __FICD = 0x2aff0
                    0x2aff2                  __FPOR = 0x2aff2
                    0x2aff4                  __FWDT = 0x2aff4
                    0x2aff6                  __FOSC = 0x2aff6
                    0x2aff8                  __FOSCSEL = 0x2aff8
                    0x2affa                  __FGS = 0x2affa
                    0x800ff8                  __FUID0 = 0x800ff8
                    0x800ffa                  __FUID1 = 0x800ffa
                    0x800ffc                  __FUID2 = 0x800ffc
                    0x800ffe                  __FUID3 = 0x800ffe
                    0x0200                  __CODE_BASE = 0x200
                    0x2adec                  __CODE_LENGTH = 0x2adec
                    0x0004                  __IVT_BASE = 0x4
                    0x1000                  __DATA_BASE = 0x1000
                    0x8000                  __DATA_LENGTH = 0x8000
                    0x5000                  __YDATA_BASE = 0x5000
                    0x9000                  __YDATA_END = 0x9000

.reset            0x000000          0x4
                  0x000000          0x2 SHORT 0x200 ABSOLUTE (__reset)
                  0x000001          0x2 SHORT 0x4
                  0x000002          0x2 SHORT 0x0 ((ABSOLUTE (__reset) >> 0x10) & 0x7f)
                  0x000003          0x2 SHORT 0x0

.text             0x000200       0x5540
 *(.init)
 .init            0x000200         0x48 c:/program files/microchip/xc16/v2.10/bin/bin/../../lib\libc99-pic30-elf.a(crt0_extendedep.o)
                  0x000200                  __resetPRI
                  0x000200                  __reset
                  0x00023c                  __psv_init
 .init            0x000248         0xb2 c:/program files/microchip/xc16/v2.10/bin/bin/../../lib\libc99-pic30-elf.a(data_init_extended.o)
                  0x000248                  __data_init
                  0x000248                  __data_init_extended
 *(.user_init)
 *(.handle)
 .handle          0x0002fa         0x20 jump_table
 *(.isr*)
 .isr.text        0x00031a         0xee build/default/debug/mcc_generated_files/traps.o
                  0x00031a                  __OscillatorFail
                  0x00033a                  __StackError
                  0x00035c                  __AddressError
                  0x00037c                  __MathError
                  0x00039c                  __DMACError
                  0x0003bc                  __HardTrapError
                  0x0003dc                  __SoftTrapError
 .isr             0x000408          0x4 default_isr
                  0x000408                  __DefaultInterrupt
 *(.libc)
 .libc            0x00040c         0x88 c:/program files/microchip/xc16/v2.10/bin/bin/../../lib\libc99-pic30-elf.a(readep.Meo)
                  0x00040c                  _read
 .libc            0x000494         0x12 c:/program files/microchip/xc16/v2.10/bin/bin/../../lib\libc99-pic30-elf.a(closeep.Meo)
                  0x000494                  _close
 .libc            0x0004a6         0x84 c:/program files/microchip/xc16/v2.10/bin/bin/../../lib\libc99-pic30-elf.a(writeep.Meo)
                  0x0004a6                  _write
 .libc            0x00052a         0x2a c:/program files/microchip/xc16/v2.10/bin/bin/../../lib\libc99-pic30-elf.a(sbrkep.Meo)
                  0x00052a                  _sbrk
 .libc            0x000554         0x1a c:/program files/microchip/xc16/v2.10/bin/bin/../../lib\libc99-pic30-elf.a(brkep.Meo)
                  0x000554                  _brk
 *(.libm)
 *(.libdsp)
 *(.lib*)
 .libpic30_crt_start_mode
                  0x00056e          0x2 c:/program files/microchip/xc16/v2.10/bin/bin/../../lib\libc99-pic30-elf.a(crt_start_mode_normalep.Meo)
                  0x00056e                  __crt_start_mode
                  0x00056e                  __crt_start_mode_normal
 .libm.fixunssfsi
                  0x000570         0x36 c:/program files/microchip/xc16/v2.10/bin/bin/../../lib\libc99-pic30-elf.a(fixunssfsi.EP_o)
                  0x000570                  ___fixunssfsi
 .libm.floatunsisf
                  0x0005a6          0x4 c:/program files/microchip/xc16/v2.10/bin/bin/../../lib\libc99-pic30-elf.a(floatunsisf.EP_o)
                  0x0005a6                  ___floatunsisf
 .libm.funpack    0x0005aa         0x2a c:/program files/microchip/xc16/v2.10/bin/bin/../../lib\libc99-pic30-elf.a(funpack.EP_o)
                  0x0005aa                  __funpack
 .libm.udivsi3    0x0005d4         0x20 c:/program files/microchip/xc16/v2.10/bin/bin/../../lib\libc99-pic30-elf.a(udivsi3.EP_o)
                  0x0005d4                  ___udivsi3
 .libmx           0x0005f4        0x1be c:/program files/microchip/xc16/v2.10/bin/bin/../../lib\libc99-pic30-elf.a(divsf3x.EP_o)
                  0x0005f4                  ___divsf3x
                  0x0005f4                  ___divsf3
                  0x000786                  __sdivf
 .libmx           0x0007b2        0x10c c:/program files/microchip/xc16/v2.10/bin/bin/../../lib\libc99-pic30-elf.a(mulsf3x.EP_o)
                  0x0007b2                  ___mulsf3x
                  0x0007b2                  ___mulsf3
 .libmx           0x0008be         0x54 c:/program files/microchip/xc16/v2.10/bin/bin/../../lib\libc99-pic30-elf.a(dnrmpackfx.EP_o)
                  0x0008be                  __dnrmpackf
 .libmx           0x000912         0x5e c:/program files/microchip/xc16/v2.10/bin/bin/../../lib\libc99-pic30-elf.a(unpackdnrmfx.EP_o)
                  0x000912                  __unpackdnrmf
 .libmx           0x000970         0x34 c:/program files/microchip/xc16/v2.10/bin/bin/../../lib\libc99-pic30-elf.a(typefx.EP_o)
                  0x000970                  __typef
 .libmx           0x0009a4         0x12 c:/program files/microchip/xc16/v2.10/bin/bin/../../lib\libc99-pic30-elf.a(propnanfx.EP_o)
                  0x0009a4                  __propnanf
 .libmx           0x0009b6         0xa6 c:/program files/microchip/xc16/v2.10/bin/bin/../../lib\libc99-pic30-elf.a(spackfx.EP_o)
                  0x0009b6                  __spackf
 .libmx           0x000a5c         0x66 c:/program files/microchip/xc16/v2.10/bin/bin/../../lib\libc99-pic30-elf.a(unpackfx.EP_o)
                  0x000a5c                  __unpackf
 .libm.floatundisf
                  0x000ac2         0x5e c:/program files/microchip/xc16/v2.10/bin/bin/../../lib\libc99-pic30-elf.a(floatundisf.EP_o)
                  0x000ac2                  ___floatundisf
 .libm.fpack      0x000b20         0x4c c:/program files/microchip/xc16/v2.10/bin/bin/../../lib\libc99-pic30-elf.a(fpack.EP_o)
                  0x000b20                  __fpack
 .libc.__wrap_sprintf
                  0x000b6c          0xc c:/program files/microchip/xc16/v2.10/bin/bin/../../lib\libc99-elf.a(__sio_sprintf_dfoux.EP_o)
                  0x000b6c                  __dsprintf_cdeEgGnopuxX
                  0x000b6c                  __sprintf_cdeEgGnopuxX
                  0x000b6c                  __sprintf_cdfFnopuxX
                  0x000b6c                  __dsprintf_cdgGnopuxX
                  0x000b6c                  __dsprintf_cdeEfFnopuxX
                  0x000b6c                  __dsprintf_cdeEfFgGnopuxX
                  0x000b6c                  __dsprintf_cdeEnopuxX
                  0x000b6c                  __sprintf_cdeEnopuxX
                  0x000b6c                  __dsprintf_cdfFgGnopuxX
                  0x000b6c                  __sprintf_cdfFgGnopuxX
                  0x000b6c                  __sprintf_cdeEfFgGnopuxX
                  0x000b6c                  __dsprintf_cdfFnopuxX
                  0x000b6c                  __sprintf_cdgGnopuxX
                  0x000b6c                  __sprintf_cdeEfFnopuxX
 .libc.__sio_sprintf_dfoux
                  0x000b78         0x12 c:/program files/microchip/xc16/v2.10/bin/bin/../../lib\libc99-elf.a(__sio_sprintf_dfoux.EP_o)
                  0x000b78                  ___sio_sprintf_dfoux
 .libc.__wrap_sprintf
                  0x000b8a          0xc c:/program files/microchip/xc16/v2.10/bin/bin/../../lib\libc99-elf.a(__sio_sprintf_doux.EP_o)
                  0x000b8a                  __sprintf_cdnopuxX
                  0x000b8a                  __dsprintf_cdnopuxX
 .libc.__sio_sprintf_doux
                  0x000b96          0xe c:/program files/microchip/xc16/v2.10/bin/bin/../../lib\libc99-elf.a(__sio_sprintf_doux.EP_o)
                  0x000b96                  ___sio_sprintf_doux
 .libc.__wrap_sscanf
                  0x000ba4          0xc c:/program files/microchip/xc16/v2.10/bin/bin/../../lib\libc99-elf.a(__sio_sscanf_f.EP_o)
                  0x000ba4                  __dsscanf_fFgG
                  0x000ba4                  __dsscanf_fF
                  0x000ba4                  __sscanf_fFgG
                  0x000ba4                  __sscanf_fF
                  0x000ba4                  __dsscanf_eEfFgG
                  0x000ba4                  __dsscanf_eE
                  0x000ba4                  __sscanf_eEfF
                  0x000ba4                  __sscanf_eEfFgG
                  0x000ba4                  __dsscanf_eEfF
                  0x000ba4                  __dsscanf_gG
                  0x000ba4                  __dsscanf_eEgG
                  0x000ba4                  __sscanf_eEgG
                  0x000ba4                  __sscanf_eE
                  0x000ba4                  __sscanf_gG
 .libc.__sio_sscanf_f
                  0x000bb0          0x2 c:/program files/microchip/xc16/v2.10/bin/bin/../../lib\libc99-elf.a(__sio_sscanf_f.EP_o)
                  0x000bb0                  ___sio_sscanf_f
 .libc.__wrap_sscanf
                  0x000bb2          0xc c:/program files/microchip/xc16/v2.10/bin/bin/../../lib\libc99-elf.a(__sio_sscanf_fs.EP_o)
                  0x000bb2                  __sscanf_fFgGs
                  0x000bb2                  __dsscanf_eEs
                  0x000bb2                  __dsscanf_eEfFs
                  0x000bb2                  __dsscanf_fFs
                  0x000bb2                  __sscanf_eEs
                  0x000bb2                  __dsscanf_eEfFgGs
                  0x000bb2                  __sscanf_eEgGs
                  0x000bb2                  __sscanf_eEfFs
                  0x000bb2                  __dsscanf_fFgGs
                  0x000bb2                  __sscanf_gGs
                  0x000bb2                  __dsscanf_eEgGs
                  0x000bb2                  __dsscanf_gGs
                  0x000bb2                  __sscanf_eEfFgGs
                  0x000bb2                  __sscanf_fFs
 .libc.__sio_sscanf_fs
                  0x000bbe          0x4 c:/program files/microchip/xc16/v2.10/bin/bin/../../lib\libc99-elf.a(__sio_sscanf_fs.EP_o)
                  0x000bbe                  ___sio_sscanf_fs
 .libc.__wrap_sscanf
                  0x000bc2          0xc c:/program files/microchip/xc16/v2.10/bin/bin/../../lib\libc99-elf.a(__sio_sscanf_s.EP_o)
                  0x000bc2                  __sscanf_s
                  0x000bc2                  __dsscanf_s
 .libc.__sio_sscanf_s
                  0x000bce          0x2 c:/program files/microchip/xc16/v2.10/bin/bin/../../lib\libc99-elf.a(__sio_sscanf_s.EP_o)
                  0x000bce                  ___sio_sscanf_s
 .libc.__isspace
                  0x000bd0         0x14 c:/program files/microchip/xc16/v2.10/bin/bin/../../lib\libc99-elf.a(atoi.EP_o)
 .libc.atoi       0x000be4         0x4c c:/program files/microchip/xc16/v2.10/bin/bin/../../lib\libc99-elf.a(atoi.EP_o)
                  0x000be4                  _atoi
 .libc.memcpy     0x000c30          0xe c:/program files/microchip/xc16/v2.10/bin/bin/../../lib\libc99-elf.a(memcpy.EP_o)
                  0x000c30                  _memcpy
 .libc.srand      0x000c3e          0xa c:/program files/microchip/xc16/v2.10/bin/bin/../../lib\libc99-elf.a(rand.EP_o)
                  0x000c3e                  _srand
 .libc.rand       0x000c48         0x18 c:/program files/microchip/xc16/v2.10/bin/bin/../../lib\libc99-elf.a(rand.EP_o)
                  0x000c48                  _rand
 .libc.strcat     0x000c60         0x14 c:/program files/microchip/xc16/v2.10/bin/bin/../../lib\libc99-elf.a(strcat.EP_o)
                  0x000c60                  _strcat
 .libc.strchr     0x000c74         0x12 c:/program files/microchip/xc16/v2.10/bin/bin/../../lib\libc99-elf.a(strchr.EP_o)
                  0x000c74                  _strchr
 .libc.__strchrnul
                  0x000c86         0x58 c:/program files/microchip/xc16/v2.10/bin/bin/../../lib\libc99-elf.a(strchrnul.EP_o)
                  0x000c86                  ___strchrnul
                  0x000c86                  _strchrnul
 .libc.strcmp     0x000cde         0x16 c:/program files/microchip/xc16/v2.10/bin/bin/../../lib\libc99-elf.a(strcmp.EP_o)
                  0x000cde                  _strcmp
 .libc.strcpy     0x000cf4          0xe c:/program files/microchip/xc16/v2.10/bin/bin/../../lib\libc99-elf.a(strcpy.EP_o)
                  0x000cf4                  _strcpy
 .libc.strlen     0x000d02         0x30 c:/program files/microchip/xc16/v2.10/bin/bin/../../lib\libc99-elf.a(strlen.EP_o)
                  0x000d02                  _strlen
 .libc.strncmp    0x000d32         0x2a c:/program files/microchip/xc16/v2.10/bin/bin/../../lib\libc99-elf.a(strncmp.EP_o)
                  0x000d32                  _strncmp
 .libc.twobyte_strstr
                  0x000d5c         0x2c c:/program files/microchip/xc16/v2.10/bin/bin/../../lib\libc99-elf.a(strstr.EP_o)
 .libc.threebyte_strstr
                  0x000d88         0x5e c:/program files/microchip/xc16/v2.10/bin/bin/../../lib\libc99-elf.a(strstr.EP_o)
 .libc.fourbyte_strstr
                  0x000de6         0x6c c:/program files/microchip/xc16/v2.10/bin/bin/../../lib\libc99-elf.a(strstr.EP_o)
 .libc.twoway_strstr
                  0x000e52        0x1a6 c:/program files/microchip/xc16/v2.10/bin/bin/../../lib\libc99-elf.a(strstr.EP_o)
 .libc.strstr     0x000ff8         0x5a c:/program files/microchip/xc16/v2.10/bin/bin/../../lib\libc99-elf.a(strstr.EP_o)
                  0x000ff8                  _strstr
 .libc.strtox     0x001052         0x52 c:/program files/microchip/xc16/v2.10/bin/bin/../../lib\libc99-elf.a(strtol.EP_o)
 .libc.strtoull
                  0x0010a4          0x8 c:/program files/microchip/xc16/v2.10/bin/bin/../../lib\libc99-elf.a(strtol.EP_o)
                  0x0010a4                  ___strtoull_internal
                  0x0010a4                  _strtoull
 .libc.strtoll    0x0010ac          0x8 c:/program files/microchip/xc16/v2.10/bin/bin/../../lib\libc99-elf.a(strtol.EP_o)
                  0x0010ac                  _strtoll
                  0x0010ac                  ___strtoll_internal
 .libc.strtoul    0x0010b4          0x8 c:/program files/microchip/xc16/v2.10/bin/bin/../../lib\libc99-elf.a(strtol.EP_o)
                  0x0010b4                  _strtoul
                  0x0010b4                  ___strtoul_internal
 .libc.strtol     0x0010bc          0x8 c:/program files/microchip/xc16/v2.10/bin/bin/../../lib\libc99-elf.a(strtol.EP_o)
                  0x0010bc                  _strtol
                  0x0010bc                  ___strtol_internal
 .libc.strtoimax
                  0x0010c4          0x2 c:/program files/microchip/xc16/v2.10/bin/bin/../../lib\libc99-elf.a(strtol.EP_o)
                  0x0010c4                  ___strtoimax_internal
                  0x0010c4                  _strtoimax
 .libc.strtoumax
                  0x0010c6          0x2 c:/program files/microchip/xc16/v2.10/bin/bin/../../lib\libc99-elf.a(strtol.EP_o)
                  0x0010c6                  _strtoumax
                  0x0010c6                  ___strtoumax_internal
 .libc.tolower    0x0010c8          0xc c:/program files/microchip/xc16/v2.10/bin/bin/../../lib\libc99-elf.a(tolower.EP_o)
                  0x0010c8                  _tolower
 .libc.__tolower_l
                  0x0010d4          0x2 c:/program files/microchip/xc16/v2.10/bin/bin/../../lib\libc99-elf.a(tolower.EP_o)
                  0x0010d4                  ___tolower_l
                  0x0010d4                  _tolower_l
 .libc.toupper    0x0010d6          0xc c:/program files/microchip/xc16/v2.10/bin/bin/../../lib\libc99-elf.a(toupper.EP_o)
                  0x0010d6                  _toupper
 .libc.__toupper_l
                  0x0010e2          0x2 c:/program files/microchip/xc16/v2.10/bin/bin/../../lib\libc99-elf.a(toupper.EP_o)
                  0x0010e2                  ___toupper_l
                  0x0010e2                  _toupper_l
 .libc.__fmt_d    0x0010e4         0xb8 c:/program files/microchip/xc16/v2.10/bin/bin/../../lib\libc99-elf.a(__fmt_d.EP_o)
                  0x0010e4                  ___fmt_d
                  0x0010e4                  ___fmt_d_needed
 .libc.__LONG_DOUBLE_BITS
                  0x00119c          0x2 c:/program files/microchip/xc16/v2.10/bin/bin/../../lib\libc99-elf.a(__fmt_fp.EP_o)
 .libc.__fmt_fp
                  0x00119e        0x5a6 c:/program files/microchip/xc16/v2.10/bin/bin/../../lib\libc99-elf.a(__fmt_fp.EP_o)
                  0x00119e                  ___fmt_f_needed
                  0x00119e                  ___fmt_fp
 .libc.__fmt_o    0x001744         0x72 c:/program files/microchip/xc16/v2.10/bin/bin/../../lib\libc99-elf.a(__fmt_o.EP_o)
                  0x001744                  ___fmt_o
                  0x001744                  ___fmt_o_needed
 .libc.__fmt_s    0x0017b6         0x54 c:/program files/microchip/xc16/v2.10/bin/bin/../../lib\libc99-elf.a(__fmt_s.EP_o)
                  0x0017b6                  ___fmt_0_needed
                  0x0017b6                  ___fmt_s_needed
                  0x0017b6                  ___fmt_s
 .libc.__cvt_u    0x00180a         0xa6 c:/program files/microchip/xc16/v2.10/bin/bin/../../lib\libc99-elf.a(__fmt_u.EP_o)
                  0x00180a                  ___cvt_u
 .libc.__fmt_u    0x0018b0         0x56 c:/program files/microchip/xc16/v2.10/bin/bin/../../lib\libc99-elf.a(__fmt_u.EP_o)
                  0x0018b0                  ___fmt_u
                  0x0018b0                  ___fmt_u_needed
 .libc.__fmt_x    0x001906        0x15e c:/program files/microchip/xc16/v2.10/bin/bin/../../lib\libc99-elf.a(__fmt_x.EP_o)
                  0x001906                  ___fmt_x_needed
                  0x001906                  ___fmt_x
 .libc.__vsprintf
                  0x001a64          0x8 c:/program files/microchip/xc16/v2.10/bin/bin/../../lib\libc99-elf.a(__int_vsprintf.EP_o)
                  0x001a64                  ___vsprintf
 .libc.do_read    0x001a6c          0x2 c:/program files/microchip/xc16/v2.10/bin/bin/../../lib\libc99-elf.a(__int_vsscanf.EP_o)
                  0x001a6c                  __int_vsscanf.EP_o:_do_read
 .libc.__vsscanf
                  0x001a6e         0x1c c:/program files/microchip/xc16/v2.10/bin/bin/../../lib\libc99-elf.a(__int_vsscanf.EP_o)
                  0x001a6e                  ___vsscanf
 .libc.__pop_float
                  0x001a8a         0x44 c:/program files/microchip/xc16/v2.10/bin/bin/../../lib\libc99-elf.a(__pop_float.EP_o)
                  0x001a8a                  ___pop_float
                  0x001a8a                  ___pop_float_needed
 .libc.__pop_int
                  0x001ace         0xb0 c:/program files/microchip/xc16/v2.10/bin/bin/../../lib\libc99-elf.a(__pop_int.EP_o)
                  0x001ace                  ___pop_int
                  0x001ace                  ___pop_int_needed
 .libc.__pop_ptr
                  0x001b7e         0x70 c:/program files/microchip/xc16/v2.10/bin/bin/../../lib\libc99-elf.a(__pop_ptr.EP_o)
                  0x001b7e                  ___pop_ptr_needed
                  0x001b7e                  ___pop_ptr
 .libc.__string_out
                  0x001bee         0x26 c:/program files/microchip/xc16/v2.10/bin/bin/../../lib\libc99-elf.a(__printf_core.EP_o)
 .libc.__pad      0x001c14         0x74 c:/program files/microchip/xc16/v2.10/bin/bin/../../lib\libc99-elf.a(__printf_core.EP_o)
                  0x001c14                  ___pad
 .libc.__dummy_fmt3
                  0x001c88          0x2 c:/program files/microchip/xc16/v2.10/bin/bin/../../lib\libc99-elf.a(__printf_core.EP_o)
 .libc.__dummy_fmt4
                  0x001c8a          0x2 c:/program files/microchip/xc16/v2.10/bin/bin/../../lib\libc99-elf.a(__printf_core.EP_o)
                  0x001c8a                  ___fmt_a
 .libc.__dummy_fmts
                  0x001c8c          0x2 c:/program files/microchip/xc16/v2.10/bin/bin/../../lib\libc99-elf.a(__printf_core.EP_o)
 .libc.__fmt_state
                  0x001c8e         0x32 c:/program files/microchip/xc16/v2.10/bin/bin/../../lib\libc99-elf.a(__printf_core.EP_o)
                  0x001c8e                  ___fmt_state
 .libc.vfpfcnvrt.clone.0
                  0x001cc0        0x2d8 c:/program files/microchip/xc16/v2.10/bin/bin/../../lib\libc99-elf.a(__printf_core.EP_o)
 .libc.__printf_core
                  0x001f98         0x40 c:/program files/microchip/xc16/v2.10/bin/bin/../../lib\libc99-elf.a(__printf_core.EP_o)
                  0x001f98                  ___printf_core
 .libc.is_inf_nan
                  0x001fd8         0xa2 c:/program files/microchip/xc16/v2.10/bin/bin/../../lib\libc99-elf.a(__scan_fp.EP_o)
 .libc.__scan_fp
                  0x00207a        0x18e c:/program files/microchip/xc16/v2.10/bin/bin/../../lib\libc99-elf.a(__scan_fp.EP_o)
                  0x00207a                  ___scan_a_needed
                  0x00207a                  ___scan_fp
                  0x00207a                  ___scan_f_needed
 .libc.__isspace
                  0x002208         0x14 c:/program files/microchip/xc16/v2.10/bin/bin/../../lib\libc99-elf.a(__scan_s.EP_o)
 .libc.__scan_s
                  0x00221c         0x8c c:/program files/microchip/xc16/v2.10/bin/bin/../../lib\libc99-elf.a(__scan_s.EP_o)
                  0x00221c                  ___scan_s_needed
                  0x00221c                  ___scan_s
 .libc.__isspace
                  0x0022a8         0x14 c:/program files/microchip/xc16/v2.10/bin/bin/../../lib\libc99-elf.a(__scanf_core.EP_o)
 .libc.__skipws
                  0x0022bc         0x3a c:/program files/microchip/xc16/v2.10/bin/bin/../../lib\libc99-elf.a(__scanf_core.EP_o)
                  0x0022bc                  ___skipws
 .libc.__consumews
                  0x0022f6         0x2c c:/program files/microchip/xc16/v2.10/bin/bin/../../lib\libc99-elf.a(__scanf_core.EP_o)
                  0x0022f6                  ___consumews
 .libc.vfsfcnvrt.clone.0
                  0x002322        0x396 c:/program files/microchip/xc16/v2.10/bin/bin/../../lib\libc99-elf.a(__scanf_core.EP_o)
 .libc.__dummy_scan
                  0x0026b8          0x2 c:/program files/microchip/xc16/v2.10/bin/bin/../../lib\libc99-elf.a(__scanf_core.EP_o)
                  0x0026b8                  ___scan_x
                  0x0026b8                  ___scan_d
                  0x0026b8                  ___scan_i
                  0x0026b8                  ___scan_a
                  0x0026b8                  ___scan_o
                  0x0026b8                  ___scan_u
 .libc.__dummy_scan_s
                  0x0026ba          0x2 c:/program files/microchip/xc16/v2.10/bin/bin/../../lib\libc99-elf.a(__scanf_core.EP_o)
 .libc.__scanf_core
                  0x0026bc         0x48 c:/program files/microchip/xc16/v2.10/bin/bin/../../lib\libc99-elf.a(__scanf_core.EP_o)
                  0x0026bc                  ___scanf_core
 .libc.__string_read
                  0x002704         0x44 c:/program files/microchip/xc16/v2.10/bin/bin/../../lib\libc99-elf.a(__string_read.EP_o)
                  0x002704                  ___string_read
 .libc.__isspace
                  0x002748         0x14 c:/program files/microchip/xc16/v2.10/bin/bin/../../lib\libc99-elf.a(intscan.EP_o)
 .libc.__intscan
                  0x00275c        0x436 c:/program files/microchip/xc16/v2.10/bin/bin/../../lib\libc99-elf.a(intscan.EP_o)
                  0x00275c                  ___intscan
 .libc.isxdigit
                  0x002b92         0x18 c:/program files/microchip/xc16/v2.10/bin/bin/../../lib\libc99-elf.a(isxdigit.EP_o)
                  0x002b92                  _isxdigit
 .libc.__isxdigit_l
                  0x002baa          0x2 c:/program files/microchip/xc16/v2.10/bin/bin/../../lib\libc99-elf.a(isxdigit.EP_o)
                  0x002baa                  _isxdigit_l
                  0x002baa                  ___isxdigit_l
 .libc.memchr     0x002bac         0x5e c:/program files/microchip/xc16/v2.10/bin/bin/../../lib\libc99-elf.a(memchr.EP_o)
                  0x002bac                  _memchr
 .libc.memcmp     0x002c0a         0x1c c:/program files/microchip/xc16/v2.10/bin/bin/../../lib\libc99-elf.a(memcmp.EP_o)
                  0x002c0a                  _memcmp
 .libc.memset     0x002c26         0xc8 c:/program files/microchip/xc16/v2.10/bin/bin/../../lib\libc99-elf.a(memset.EP_o)
                  0x002c26                  _memset
 .libc.__shlim    0x002cee         0x4a c:/program files/microchip/xc16/v2.10/bin/bin/../../lib\libc99-elf.a(shgetc.EP_o)
                  0x002cee                  ___shlim
 .libc.__shgetc
                  0x002d38        0x130 c:/program files/microchip/xc16/v2.10/bin/bin/../../lib\libc99-elf.a(shgetc.EP_o)
                  0x002d38                  ___shgetc
 .libc.__stpcpy
                  0x002e68         0x40 c:/program files/microchip/xc16/v2.10/bin/bin/../../lib\libc99-elf.a(stpcpy.EP_o)
                  0x002e68                  ___stpcpy
                  0x002e68                  _stpcpy
 .libc.strtox     0x002ea8         0x58 c:/program files/microchip/xc16/v2.10/bin/bin/../../lib\libc99-elf.a(strtod.EP_o)
 .libc.strtof     0x002f00          0x6 c:/program files/microchip/xc16/v2.10/bin/bin/../../lib\libc99-elf.a(strtod.EP_o)
                  0x002f00                  ___strtof_l
                  0x002f00                  _strtof
                  0x002f00                  _strtof_l
 .libc.strtod     0x002f06          0x6 c:/program files/microchip/xc16/v2.10/bin/bin/../../lib\libc99-elf.a(strtod.EP_o)
                  0x002f06                  ___strtod_l
                  0x002f06                  _strtod
                  0x002f06                  _strtod_l
 .libc.strtold    0x002f0c          0x4 c:/program files/microchip/xc16/v2.10/bin/bin/../../lib\libc99-elf.a(strtod.EP_o)
                  0x002f0c                  _strtold_l
                  0x002f0c                  _strtold
                  0x002f0c                  ___strtold_l
 .libc.__vfscanf
                  0x002f10         0x1c c:/program files/microchip/xc16/v2.10/bin/bin/../../lib\libc99-elf.a(__int_vfscanf.EP_o)
                  0x002f10                  ___vfscanf
 .libc.__vsnprintf
                  0x002f2c         0x4a c:/program files/microchip/xc16/v2.10/bin/bin/../../lib\libc99-elf.a(__int_vsnprintf.EP_o)
                  0x002f2c                  ___vsnprintf
 .libc.__push_float
                  0x002f76         0x46 c:/program files/microchip/xc16/v2.10/bin/bin/../../lib\libc99-elf.a(__push_float.EP_o)
                  0x002f76                  ___push_float
                  0x002f76                  ___push_float_needed
 .libc.__push_int
                  0x002fbc         0x76 c:/program files/microchip/xc16/v2.10/bin/bin/../../lib\libc99-elf.a(__push_int.EP_o)
                  0x002fbc                  ___push_int
                  0x002fbc                  ___push_int_needed
 .libc.__towrite_rw
                  0x003032         0x1c c:/program files/microchip/xc16/v2.10/bin/bin/../../lib\libc99-elf.a(__towrite_rw.EP_o)
                  0x003032                  ___towrite_rw
                  0x003032                  ___towrite_rw_needed
 .libc.__uflow    0x00304e         0x2a c:/program files/microchip/xc16/v2.10/bin/bin/../../lib\libc99-elf.a(__uflow.EP_o)
                  0x00304e                  ___uflow
 .libc.__isspace
                  0x003078         0x14 c:/program files/microchip/xc16/v2.10/bin/bin/../../lib\libc99-elf.a(floatscan.EP_o)
 .libc.scanexp    0x00308c        0x174 c:/program files/microchip/xc16/v2.10/bin/bin/../../lib\libc99-elf.a(floatscan.EP_o)
 .libc.hexfloat
                  0x003200        0x532 c:/program files/microchip/xc16/v2.10/bin/bin/../../lib\libc99-elf.a(floatscan.EP_o)
 .libc.decfloat
                  0x003732        0x924 c:/program files/microchip/xc16/v2.10/bin/bin/../../lib\libc99-elf.a(floatscan.EP_o)
 .libc.__floatscan
                  0x004056        0x22c c:/program files/microchip/xc16/v2.10/bin/bin/../../lib\libc99-elf.a(floatscan.EP_o)
                  0x004056                  ___floatscan
 .libc.__fopen_rw
                  0x004282         0x38 c:/program files/microchip/xc16/v2.10/bin/bin/../../lib\libc99-elf.a(__fopen_rw.EP_o)
                  0x004282                  ___fopen_rw
                  0x004282                  ___fopen_rw_needed
 .libc.__ftello_adj_rw
                  0x0042ba         0x36 c:/program files/microchip/xc16/v2.10/bin/bin/../../lib\libc99-elf.a(__ftello_rw.EP_o)
                  0x0042ba                  ___ftello_adj_rw
                  0x0042ba                  ___ftello_adj_rw_needed
 .libc.__vfprintf
                  0x0042f0         0x1c c:/program files/microchip/xc16/v2.10/bin/bin/../../lib\libc99-elf.a(__int_vfprintf.EP_o)
                  0x0042f0                  ___vfprintf
 .libc.__string_out
                  0x00430c         0x26 c:/program files/microchip/xc16/v2.10/bin/bin/../../lib\libc99-elf.a(__out.EP_o)
 .libc.__fwrite_min
                  0x004332          0x4 c:/program files/microchip/xc16/v2.10/bin/bin/../../lib\libc99-elf.a(__out.EP_o)
                  0x004332                  ___stdio_write
                  0x004332                  ___stdio_write_unbuffered
 .libc.__out      0x004336         0x10 c:/program files/microchip/xc16/v2.10/bin/bin/../../lib\libc99-elf.a(__out.EP_o)
                  0x004336                  ___out_needed
                  0x004336                  ___out
 .libc.__putc     0x004346         0x32 c:/program files/microchip/xc16/v2.10/bin/bin/../../lib\libc99-elf.a(__putc.EP_o)
                  0x004346                  ___putc_needed
                  0x004346                  ___putc
 .libc.__dummy    0x004378          0x2 c:/program files/microchip/xc16/v2.10/bin/bin/../../lib\libc99-elf.a(__stderr.EP_o)
 .libc.__get_stderr
                  0x00437a          0x4 c:/program files/microchip/xc16/v2.10/bin/bin/../../lib\libc99-elf.a(__stderr.EP_o)
                  0x00437a                  ___get_stderr
                  0x00437a                  ___init_stderr_needed
 .libc.__stdio_close
                  0x00437e         0x3e c:/program files/microchip/xc16/v2.10/bin/bin/../../lib\libc99-elf.a(__stdio_close.EP_o)
                  0x00437e                  ___stdio_close
 .libc.__stdio_close_rw
                  0x0043bc         0x58 c:/program files/microchip/xc16/v2.10/bin/bin/../../lib\libc99-elf.a(__stdio_close.EP_o)
                  0x0043bc                  ___stdio_close_rw
 .libc.__dummy    0x004414          0x2 c:/program files/microchip/xc16/v2.10/bin/bin/../../lib\libc99-elf.a(__stdio_exit.EP_o)
                  0x004414                  ___stdio_exit_ofl
 .libc.__dummy1
                  0x004416          0x2 c:/program files/microchip/xc16/v2.10/bin/bin/../../lib\libc99-elf.a(__stdio_exit.EP_o)
 .libc.__stdio_exit
                  0x004418         0x14 c:/program files/microchip/xc16/v2.10/bin/bin/../../lib\libc99-elf.a(__stdio_exit.EP_o)
                  0x004418                  ___stdio_exit_needed
                  0x004418                  ___stdio_exit
 .libc.__stdio_read
                  0x00442c         0x6a c:/program files/microchip/xc16/v2.10/bin/bin/../../lib\libc99-elf.a(__stdio_read.EP_o)
                  0x00442c                  ___stdio_read
 .libc.__stdio_seek_unbuffered
                  0x004496         0x2a c:/program files/microchip/xc16/v2.10/bin/bin/../../lib\libc99-elf.a(__stdio_seek.EP_o)
                  0x004496                  ___stdio_seek_needed
                  0x004496                  ___stdio_seek_unbuffered
 .libc.__stdio_seek
                  0x0044c0         0x50 c:/program files/microchip/xc16/v2.10/bin/bin/../../lib\libc99-elf.a(__stdio_seek.EP_o)
                  0x0044c0                  ___stdio_seek
 .libc.__stdio_seek_rw
                  0x004510         0x82 c:/program files/microchip/xc16/v2.10/bin/bin/../../lib\libc99-elf.a(__stdio_seek.EP_o)
                  0x004510                  ___stdio_seek_rw
 .libc.__dummy    0x004592          0x2 c:/program files/microchip/xc16/v2.10/bin/bin/../../lib\libc99-elf.a(__stdout.EP_o)
 .libc.__get_stdout
                  0x004594          0x4 c:/program files/microchip/xc16/v2.10/bin/bin/../../lib\libc99-elf.a(__stdout.EP_o)
                  0x004594                  ___get_stdout
                  0x004594                  ___init_stdout_needed
 .libc.__toread
                  0x004598         0x48 c:/program files/microchip/xc16/v2.10/bin/bin/../../lib\libc99-elf.a(__toread.EP_o)
                  0x004598                  ___toread
 .libc.__toread_needs_stdio_exit
                  0x0045e0          0x2 c:/program files/microchip/xc16/v2.10/bin/bin/../../lib\libc99-elf.a(__toread.EP_o)
                  0x0045e0                  ___toread_needs_stdio_exit
 .libc.__simple_malloc
                  0x0045e2         0x86 c:/program files/microchip/xc16/v2.10/bin/bin/../../lib\libc99-elf.a(lite_malloc.EP_o)
                  0x0045e2                  ___malloc0
                  0x0045e2                  _malloc
                  0x0045e2                  ___simple_malloc
 .libc.__lseek    0x004668          0xc c:/program files/microchip/xc16/v2.10/bin/bin/../../lib\libc99-elf.a(lseek.EP_o)
                  0x004668                  _lseek
                  0x004668                  ___lseek
 .libc.__putc_unbuffered
                  0x004674         0x2e c:/program files/microchip/xc16/v2.10/bin/bin/../../lib\libc99-elf.a(putc.EP_o)
                  0x004674                  ___putc_unbuffered
 .libc.putc       0x0046a2          0x2 c:/program files/microchip/xc16/v2.10/bin/bin/../../lib\libc99-elf.a(putc.EP_o)
                  0x0046a2                  _putc
                  0x0046a2                  _fputc
                  0x0046a2                  _putc_unlocked
                  0x0046a2                  __IO_putc
 .libc.__readv    0x0046a4         0x2e c:/program files/microchip/xc16/v2.10/bin/bin/../../lib\libc99-elf.a(readv.EP_o)
                  0x0046a4                  _readv
 .libc.__syscall_ret
                  0x0046d2         0x14 c:/program files/microchip/xc16/v2.10/bin/bin/../../lib\libc99-elf.a(syscall_ret.EP_o)
                  0x0046d2                  ___syscall_ret
 .libc.__fclose
                  0x0046e6         0x14 c:/program files/microchip/xc16/v2.10/bin/bin/../../lib\libc99-elf.a(__fclose.EP_o)
                  0x0046e6                  ___fclose_needed
                  0x0046e6                  ___fclose
 .libc.__dummy    0x0046fa          0x6 c:/program files/microchip/xc16/v2.10/bin/bin/../../lib\libc99-elf.a(__fopen.EP_o)
 .libc.__fopen_std
                  0x004700         0x26 c:/program files/microchip/xc16/v2.10/bin/bin/../../lib\libc99-elf.a(__fopen.EP_o)
 .libc.__fopen    0x004726          0x2 c:/program files/microchip/xc16/v2.10/bin/bin/../../lib\libc99-elf.a(__fopen.EP_o)
                  0x004726                  ___fopen
                  0x004726                  ___fopen_needed
 .libc.__fseeko
                  0x004728          0x4 c:/program files/microchip/xc16/v2.10/bin/bin/../../lib\libc99-elf.a(__fseeko.EP_o)
                  0x004728                  ___fseeko_unlocked
                  0x004728                  _fseeko
                  0x004728                  ___fseeko
                  0x004728                  ___fseeko_needed
 .libc.__dummy    0x00472c         0x20 c:/program files/microchip/xc16/v2.10/bin/bin/../../lib\libc99-elf.a(__ftello.EP_o)
 .libc.__ftello_adj
                  0x00474c          0x2 c:/program files/microchip/xc16/v2.10/bin/bin/../../lib\libc99-elf.a(__ftello.EP_o)
                  0x00474c                  ___ftello_adj_needed
                  0x00474c                  ___ftello_adj
 .libc.__fwrite
                  0x00474e          0xc c:/program files/microchip/xc16/v2.10/bin/bin/../../lib\libc99-elf.a(__fwrite.EP_o)
                  0x00474e                  ___fwrite
                  0x00474e                  ___fwrite_needed
 .libc.__overflow
                  0x00475a         0x50 c:/program files/microchip/xc16/v2.10/bin/bin/../../lib\libc99-elf.a(__overflow.EP_o)
                  0x00475a                  ___overflow
 .libc.__dummy    0x0047aa          0x2 c:/program files/microchip/xc16/v2.10/bin/bin/../../lib\libc99-elf.a(__towrite.EP_o)
 .libc.__towrite
                  0x0047ac         0x1c c:/program files/microchip/xc16/v2.10/bin/bin/../../lib\libc99-elf.a(__towrite.EP_o)
                  0x0047ac                  ___towrite
 .libc.__expand_heap
                  0x0047c8         0x14 c:/program files/microchip/xc16/v2.10/bin/bin/../../lib\libc99-elf.a(expand_heap.EP_o)
                  0x0047c8                  ___expand_heap
 .libc.__dummy    0x0047dc          0x2 c:/program files/microchip/xc16/v2.10/bin/bin/../../lib\libc99-elf.a(__init_stdio.EP_o)
                  0x0047dc                  ___init_stdout
                  0x0047dc                  ___init_stderr
                  0x0047dc                  ___init_stdin
 .libc.__init_stdio
                  0x0047de          0x6 c:/program files/microchip/xc16/v2.10/bin/bin/../../lib\libc99-elf.a(__init_stdio.EP_o)
                  0x0047de                  ___init_stdio
                  0x0047de                  ___init_stdio_needed
 .libc.doread     0x0047e4          0x4 c:/program files/microchip/xc16/v2.10/bin/bin/../../lib\libc99-pic30-elf.a(readep.Meo)
 .libc.doclose    0x0047e8          0x4 c:/program files/microchip/xc16/v2.10/bin/bin/../../lib\libc99-pic30-elf.a(closeep.Meo)
 .libc.dowrite    0x0047ec          0x4 c:/program files/microchip/xc16/v2.10/bin/bin/../../lib\libc99-pic30-elf.a(writeep.Meo)
 .libm.eqdf2      0x0047f0          0xa c:/program files/microchip/xc16/v2.10/bin/bin/../../lib\libc99-pic30-elf.a(deqltle.EP_o)
                  0x0047f0                  ___eqdf2
                  0x0047f0                  ___ltdf2
                  0x0047f0                  ___ledf2
 .libm.gtdf2      0x0047fa          0xa c:/program files/microchip/xc16/v2.10/bin/bin/../../lib\libc99-pic30-elf.a(dgtge.EP_o)
                  0x0047fa                  ___gtdf2
                  0x0047fa                  ___gedf2
 .libm.divsi3     0x004804         0x1e c:/program files/microchip/xc16/v2.10/bin/bin/../../lib\libc99-pic30-elf.a(divsi3.EP_o)
                  0x004804                  ___divsi3
 .libm.nedf2      0x004822          0xa c:/program files/microchip/xc16/v2.10/bin/bin/../../lib\libc99-pic30-elf.a(dne.EP_o)
                  0x004822                  ___nedf2
 .libm.extendsfdf2
                  0x00482c         0x3e c:/program files/microchip/xc16/v2.10/bin/bin/../../lib\libc99-pic30-elf.a(extendsfdf.EP_o)
                  0x00482c                  ___extendsfdf2
 .libm.fixdfsi    0x00486a         0x58 c:/program files/microchip/xc16/v2.10/bin/bin/../../lib\libc99-pic30-elf.a(fixdfsi.EP_o)
                  0x00486a                  _(float, int, long long, double, float, short, int)
 .libm.floatsidf
                  0x0048c2          0x6 c:/program files/microchip/xc16/v2.10/bin/bin/../../lib\libc99-pic30-elf.a(floatsidf.EP_o)
                  0x0048c2                  ___floatsidf
 .libm.floatsisf
                  0x0048c8          0x6 c:/program files/microchip/xc16/v2.10/bin/bin/../../lib\libc99-pic30-elf.a(floatsisf.EP_o)
                  0x0048c8                  ___floatsisf
 .libm.floatunsidf
                  0x0048ce          0x4 c:/program files/microchip/xc16/v2.10/bin/bin/../../lib\libc99-pic30-elf.a(floatunsidf.EP_o)
                  0x0048ce                  ___floatunsidf
 .libm.truncdfsf2
                  0x0048d2         0x56 c:/program files/microchip/xc16/v2.10/bin/bin/../../lib\libc99-pic30-elf.a(truncdfsf.EP_o)
                  0x0048d2                  ___truncdfsf2
 .libm.umodsi3    0x004928          0x6 c:/program files/microchip/xc16/v2.10/bin/bin/../../lib\libc99-pic30-elf.a(umodsi3.EP_o)
                  0x004928                  ___umodsi3
 .libm.mulsi3     0x00492e          0xc c:/program files/microchip/xc16/v2.10/bin/bin/../../lib\libc99-pic30-elf.a(mulsi3.EP_o)
                  0x00492e                  ___mulp32peds3
                  0x00492e                  ___mulsi3
                  0x00492e                  ___mulp32eds3
 .lib_dpfops      0x00493a         0xa2 c:/program files/microchip/xc16/v2.10/bin/bin/../../lib\libc99-pic30-elf.a(dpadd.EP_o)
                  0x00493a                  ___subdf3
                  0x004946                  ___adddf3
 .lib_dpfops      0x0049dc        0x15e c:/program files/microchip/xc16/v2.10/bin/bin/../../lib\libc99-pic30-elf.a(dpdiv.EP_o)
                  0x0049dc                  ___divdf3
 .lib_dpfops      0x004b3a        0x11a c:/program files/microchip/xc16/v2.10/bin/bin/../../lib\libc99-pic30-elf.a(dpmul.EP_o)
                  0x004b3a                  ___muldf3
 .lib_dpfops      0x004c54        0x128 c:/program files/microchip/xc16/v2.10/bin/bin/../../lib\libc99-pic30-elf.a(dpsubs.EP_o)
                  0x004c6e                  __dxchg
                  0x004c7c                  __drshft
                  0x004cd6                  __dupchk
                  0x004d38                  __drndex
                  0x004d42                  __dnsrnd
                  0x004d6e                  __dpakex
 .libm.__PplusBdi
                  0x004d7c         0x26 c:/program files/microchip/xc16/v2.10/bin/bin/../../lib\libc99-pic30-elf.a(divmoddi3.EP_o)
 .libm.__PminusBdi
                  0x004da2         0x2a c:/program files/microchip/xc16/v2.10/bin/bin/../../lib\libc99-pic30-elf.a(divmoddi3.EP_o)
 .libm.__udivmoddi3
                  0x004dcc         0xe6 c:/program files/microchip/xc16/v2.10/bin/bin/../../lib\libc99-pic30-elf.a(divmoddi3.EP_o)
                  0x004dcc                  ___udivmoddi3
 .libm.__udivdi3
                  0x004eb2          0xe c:/program files/microchip/xc16/v2.10/bin/bin/../../lib\libc99-pic30-elf.a(divmoddi3.EP_o)
                  0x004eb2                  ___udivdi3
 .libm.__umoddi3
                  0x004ec0          0x8 c:/program files/microchip/xc16/v2.10/bin/bin/../../lib\libc99-pic30-elf.a(divmoddi3.EP_o)
                  0x004ec0                  ___umoddi3
 .libm.__divdi3
                  0x004ec8         0x60 c:/program files/microchip/xc16/v2.10/bin/bin/../../lib\libc99-pic30-elf.a(divmoddi3.EP_o)
                  0x004ec8                  ___divdi3
 .libm.__moddi3
                  0x004f28         0x5c c:/program files/microchip/xc16/v2.10/bin/bin/../../lib\libc99-pic30-elf.a(divmoddi3.EP_o)
                  0x004f28                  ___moddi3
 .libm.__muldi3
                  0x004f84         0x52 c:/program files/microchip/xc16/v2.10/bin/bin/../../lib\libc99-pic30-elf.a(muldi3.EP_o)
                  0x004f84                  ___muldi3
 .libm.dcompare
                  0x004fd6         0x52 c:/program files/microchip/xc16/v2.10/bin/bin/../../lib\libc99-pic30-elf.a(dcompare.EP_o)
                  0x004fd6                  __dcompare
 .libm.dtype      0x005028         0x24 c:/program files/microchip/xc16/v2.10/bin/bin/../../lib\libc99-pic30-elf.a(dtype.EP_o)
                  0x005028                  __dtype
 .libm.dunpack    0x00504c         0x4e c:/program files/microchip/xc16/v2.10/bin/bin/../../lib\libc99-pic30-elf.a(dunpack.EP_o)
                  0x00504c                  __dunpack
 .libm.dunpack2
                  0x00509a         0x32 c:/program files/microchip/xc16/v2.10/bin/bin/../../lib\libc99-pic30-elf.a(dunpack2.EP_o)
                  0x00509a                  __dunpack2
                  0x0050bc                  __dreturnNaN
                  0x0050c2                  __dunpack2exit
 .libm.floatdidf
                  0x0050cc         0x20 c:/program files/microchip/xc16/v2.10/bin/bin/../../lib\libc99-pic30-elf.a(floatdidf.EP_o)
                  0x0050cc                  ___floatdidf
 .libm.floatdisf
                  0x0050ec         0x20 c:/program files/microchip/xc16/v2.10/bin/bin/../../lib\libc99-pic30-elf.a(floatdisf.EP_o)
                  0x0050ec                  ___floatdisf
 .libm.floatundidf
                  0x00510c         0x56 c:/program files/microchip/xc16/v2.10/bin/bin/../../lib\libc99-pic30-elf.a(floatundidf.EP_o)
                  0x00510c                  ___floatundidf
 .libm.umuldi3    0x005162         0x44 c:/program files/microchip/xc16/v2.10/bin/bin/../../lib\libc99-pic30-elf.a(umuldi3.EP_o)
                  0x005162                  ___umuldi3
 .libm.dpack      0x0051a6         0x58 c:/program files/microchip/xc16/v2.10/bin/bin/../../lib\libc99-pic30-elf.a(dpack.EP_o)
                  0x0051a6                  __dpack
 .libm.dPropagateNaN
                  0x0051fe         0x1e c:/program files/microchip/xc16/v2.10/bin/bin/../../lib\libc99-pic30-elf.a(dpropagateNaN.EP_o)
                  0x0051fe                  __dPropagateNaN
 .libc.copysignl
                  0x00521c         0x34 c:/program files/microchip/xc16/v2.10/bin/bin/../../lib\libm-elf.a(copysignl.EP_o)
                  0x00521c                  _copysignl
 .libc.fabsl      0x005250         0x16 c:/program files/microchip/xc16/v2.10/bin/bin/../../lib\libm-elf.a(fabsl.EP_o)
                  0x005250                  _fabsl
 .libc.floorl     0x005266         0xf8 c:/program files/microchip/xc16/v2.10/bin/bin/../../lib\libm-elf.a(floorl.EP_o)
                  0x005266                  _floorl
 .libc.__LONG_DOUBLE_BITS
                  0x00535e          0x2 c:/program files/microchip/xc16/v2.10/bin/bin/../../lib\libm-elf.a(fmodl.EP_o)
 .libc.fmodl      0x005360        0x32c c:/program files/microchip/xc16/v2.10/bin/bin/../../lib\libm-elf.a(fmodl.EP_o)
                  0x005360                  _fmodl
 .libc.scalbnf    0x00568c         0x54 c:/program files/microchip/xc16/v2.10/bin/bin/../../lib\libm-elf.a(scalbnf.EP_o)
                  0x00568c                  _scalbnf
 .libc.scalbnl    0x0056e0         0x60 c:/program files/microchip/xc16/v2.10/bin/bin/../../lib\libm-elf.a(scalbnl.EP_o)
                  0x0056e0                  _scalbnl

usercode
 *(usercode)

__FICD
 *(__FICD.sec*)

__FPOR
 *(__FPOR.sec*)

__FWDT
 *(__FWDT.sec*)

__FOSC
 *(__FOSC.sec*)

__FOSCSEL
 *(__FOSCSEL.sec*)

__FGS             0x02affa          0x2
 *(__FGS.sec*)
 __FGS.sec        0x02affa          0x2 /CW/_FGSÐü
                  0x02affa                  __FGS.sec

__FUID0
 *(__FUID0.sec*)

__FUID1
 *(__FUID1.sec*)

__FUID2
 *(__FUID2.sec*)

__FUID3
 *(__FUID3.sec*)

.comment
 *(.comment)

.debug_info       0x000000       0x6309
 *(.debug_info)
 .debug_info      0x000000         0xb8 build/default/debug/mcc_generated_files/where_was_i.o
 .debug_info      0x0000b8        0x955 build/default/debug/mcc_generated_files/pin_manager.o
 .debug_info      0x000a0d        0x60c build/default/debug/mcc_generated_files/traps.o
 .debug_info      0x001019        0x4b5 build/default/debug/mcc_generated_files/reset.o
 .debug_info      0x0014ce        0x9bb build/default/debug/mcc_generated_files/uart1.o
 .debug_info      0x001e89        0x2b5 build/default/debug/mcc_generated_files/clock.o
 .debug_info      0x00213e        0x181 build/default/debug/mcc_generated_files/interrupt_manager.o
 .debug_info      0x0022bf        0x555 build/default/debug/mcc_generated_files/system.o
 .debug_info      0x002814         0x9e build/default/debug/flash.o
 .debug_info      0x0028b2        0x2d8 build/default/debug/main.o
 .debug_info      0x002b8a        0x9a2 build/default/debug/nvmpic.o
 .debug_info      0x00352c        0xbbb build/default/debug/commands.o
 .debug_info      0x0040e7        0x4ea build/default/debug/at.o
 .debug_info      0x0045d1        0x61b build/default/debug/test_commands.o
 .debug_info      0x004bec         0x90 c:/program files/microchip/xc16/v2.10/bin/bin/../../lib\libc99-pic30-elf.a(fixunssfsi.EP_o)
 .debug_info      0x004c7c         0x91 c:/program files/microchip/xc16/v2.10/bin/bin/../../lib\libc99-pic30-elf.a(floatunsisf.EP_o)
 .debug_info      0x004d0d         0x8d c:/program files/microchip/xc16/v2.10/bin/bin/../../lib\libc99-pic30-elf.a(funpack.EP_o)
 .debug_info      0x004d9a         0x8d c:/program files/microchip/xc16/v2.10/bin/bin/../../lib\libc99-pic30-elf.a(udivsi3.EP_o)
 .debug_info      0x004e27         0x9d c:/program files/microchip/xc16/v2.10/bin/bin/../../lib\libc99-pic30-elf.a(divsf3x.EP_o)
 .debug_info      0x004ec4         0x9d c:/program files/microchip/xc16/v2.10/bin/bin/../../lib\libc99-pic30-elf.a(mulsf3x.EP_o)
 .debug_info      0x004f61         0xa0 c:/program files/microchip/xc16/v2.10/bin/bin/../../lib\libc99-pic30-elf.a(dnrmpackfx.EP_o)
 .debug_info      0x005001         0xa2 c:/program files/microchip/xc16/v2.10/bin/bin/../../lib\libc99-pic30-elf.a(unpackdnrmfx.EP_o)
 .debug_info      0x0050a3         0x9c c:/program files/microchip/xc16/v2.10/bin/bin/../../lib\libc99-pic30-elf.a(typefx.EP_o)
 .debug_info      0x00513f         0x9f c:/program files/microchip/xc16/v2.10/bin/bin/../../lib\libc99-pic30-elf.a(propnanfx.EP_o)
 .debug_info      0x0051de         0x9d c:/program files/microchip/xc16/v2.10/bin/bin/../../lib\libc99-pic30-elf.a(spackfx.EP_o)
 .debug_info      0x00527b         0x9e c:/program files/microchip/xc16/v2.10/bin/bin/../../lib\libc99-pic30-elf.a(unpackfx.EP_o)
 .debug_info      0x005319         0x91 c:/program files/microchip/xc16/v2.10/bin/bin/../../lib\libc99-pic30-elf.a(floatundisf.EP_o)
 .debug_info      0x0053aa         0x8b c:/program files/microchip/xc16/v2.10/bin/bin/../../lib\libc99-pic30-elf.a(fpack.EP_o)
 .debug_info      0x005435         0x8d c:/program files/microchip/xc16/v2.10/bin/bin/../../lib\libc99-pic30-elf.a(deqltle.EP_o)
 .debug_info      0x0054c2         0x8b c:/program files/microchip/xc16/v2.10/bin/bin/../../lib\libc99-pic30-elf.a(dgtge.EP_o)
 .debug_info      0x00554d         0x8c c:/program files/microchip/xc16/v2.10/bin/bin/../../lib\libc99-pic30-elf.a(divsi3.EP_o)
 .debug_info      0x0055d9         0x89 c:/program files/microchip/xc16/v2.10/bin/bin/../../lib\libc99-pic30-elf.a(dne.EP_o)
 .debug_info      0x005662         0x90 c:/program files/microchip/xc16/v2.10/bin/bin/../../lib\libc99-pic30-elf.a(extendsfdf.EP_o)
 .debug_info      0x0056f2         0x8d c:/program files/microchip/xc16/v2.10/bin/bin/../../lib\libc99-pic30-elf.a(fixdfsi.EP_o)
 .debug_info      0x00577f         0x8f c:/program files/microchip/xc16/v2.10/bin/bin/../../lib\libc99-pic30-elf.a(floatsidf.EP_o)
 .debug_info      0x00580e         0x8f c:/program files/microchip/xc16/v2.10/bin/bin/../../lib\libc99-pic30-elf.a(floatsisf.EP_o)
 .debug_info      0x00589d         0x91 c:/program files/microchip/xc16/v2.10/bin/bin/../../lib\libc99-pic30-elf.a(floatunsidf.EP_o)
 .debug_info      0x00592e         0x8f c:/program files/microchip/xc16/v2.10/bin/bin/../../lib\libc99-pic30-elf.a(truncdfsf.EP_o)
 .debug_info      0x0059bd         0x8d c:/program files/microchip/xc16/v2.10/bin/bin/../../lib\libc99-pic30-elf.a(umodsi3.EP_o)
 .debug_info      0x005a4a         0x8c c:/program files/microchip/xc16/v2.10/bin/bin/../../lib\libc99-pic30-elf.a(mulsi3.EP_o)
 .debug_info      0x005ad6         0xa9 c:/program files/microchip/xc16/v2.10/bin/bin/../../lib\libc99-pic30-elf.a(dpadd.EP_o)
 .debug_info      0x005b7f         0xa9 c:/program files/microchip/xc16/v2.10/bin/bin/../../lib\libc99-pic30-elf.a(dpdiv.EP_o)
 .debug_info      0x005c28         0xa9 c:/program files/microchip/xc16/v2.10/bin/bin/../../lib\libc99-pic30-elf.a(dpmul.EP_o)
 .debug_info      0x005cd1         0xaa c:/program files/microchip/xc16/v2.10/bin/bin/../../lib\libc99-pic30-elf.a(dpsubs.EP_o)
 .debug_info      0x005d7b         0x8e c:/program files/microchip/xc16/v2.10/bin/bin/../../lib\libc99-pic30-elf.a(dcompare.EP_o)
 .debug_info      0x005e09         0x8b c:/program files/microchip/xc16/v2.10/bin/bin/../../lib\libc99-pic30-elf.a(dtype.EP_o)
 .debug_info      0x005e94         0x8d c:/program files/microchip/xc16/v2.10/bin/bin/../../lib\libc99-pic30-elf.a(dunpack.EP_o)
 .debug_info      0x005f21         0x8e c:/program files/microchip/xc16/v2.10/bin/bin/../../lib\libc99-pic30-elf.a(dunpack2.EP_o)
 .debug_info      0x005faf         0x8f c:/program files/microchip/xc16/v2.10/bin/bin/../../lib\libc99-pic30-elf.a(floatdidf.EP_o)
 .debug_info      0x00603e         0x8f c:/program files/microchip/xc16/v2.10/bin/bin/../../lib\libc99-pic30-elf.a(floatdisf.EP_o)
 .debug_info      0x0060cd         0x91 c:/program files/microchip/xc16/v2.10/bin/bin/../../lib\libc99-pic30-elf.a(floatundidf.EP_o)
 .debug_info      0x00615e         0x8d c:/program files/microchip/xc16/v2.10/bin/bin/../../lib\libc99-pic30-elf.a(umuldi3.EP_o)
 .debug_info      0x0061eb         0x8b c:/program files/microchip/xc16/v2.10/bin/bin/../../lib\libc99-pic30-elf.a(dpack.EP_o)
 .debug_info      0x006276         0x93 c:/program files/microchip/xc16/v2.10/bin/bin/../../lib\libc99-pic30-elf.a(dpropagateNaN.EP_o)
 *(.gnu.linkonce.wi.*)

.debug_abbrev     0x000000        0xf7d
 *(.debug_abbrev)
 .debug_abbrev    0x000000          0x1 build/default/debug/mcc_generated_files/mcc.o
 .debug_abbrev    0x000001         0x14 build/default/debug/mcc_generated_files/where_was_i.o
 .debug_abbrev    0x000015         0xc5 build/default/debug/mcc_generated_files/pin_manager.o
 .debug_abbrev    0x0000da        0x10d build/default/debug/mcc_generated_files/traps.o
 .debug_abbrev    0x0001e7         0xf6 build/default/debug/mcc_generated_files/reset.o
 .debug_abbrev    0x0002dd        0x199 build/default/debug/mcc_generated_files/uart1.o
 .debug_abbrev    0x000476         0x59 build/default/debug/mcc_generated_files/clock.o
 .debug_abbrev    0x0004cf         0x34 build/default/debug/mcc_generated_files/interrupt_manager.o
 .debug_abbrev    0x000503        0x12c build/default/debug/mcc_generated_files/system.o
 .debug_abbrev    0x00062f         0x14 build/default/debug/flash.o
 .debug_abbrev    0x000643         0xf8 build/default/debug/main.o
 .debug_abbrev    0x00073b        0x197 build/default/debug/nvmpic.o
 .debug_abbrev    0x0008d2        0x187 build/default/debug/commands.o
 .debug_abbrev    0x000a59        0x101 build/default/debug/at.o
 .debug_abbrev    0x000b5a        0x103 build/default/debug/test_commands.o
 .debug_abbrev    0x000c5d         0x14 c:/program files/microchip/xc16/v2.10/bin/bin/../../lib\libc99-pic30-elf.a(fixunssfsi.EP_o)
 .debug_abbrev    0x000c71         0x14 c:/program files/microchip/xc16/v2.10/bin/bin/../../lib\libc99-pic30-elf.a(floatunsisf.EP_o)
 .debug_abbrev    0x000c85         0x14 c:/program files/microchip/xc16/v2.10/bin/bin/../../lib\libc99-pic30-elf.a(funpack.EP_o)
 .debug_abbrev    0x000c99         0x14 c:/program files/microchip/xc16/v2.10/bin/bin/../../lib\libc99-pic30-elf.a(udivsi3.EP_o)
 .debug_abbrev    0x000cad         0x14 c:/program files/microchip/xc16/v2.10/bin/bin/../../lib\libc99-pic30-elf.a(divsf3x.EP_o)
 .debug_abbrev    0x000cc1         0x14 c:/program files/microchip/xc16/v2.10/bin/bin/../../lib\libc99-pic30-elf.a(mulsf3x.EP_o)
 .debug_abbrev    0x000cd5         0x14 c:/program files/microchip/xc16/v2.10/bin/bin/../../lib\libc99-pic30-elf.a(dnrmpackfx.EP_o)
 .debug_abbrev    0x000ce9         0x14 c:/program files/microchip/xc16/v2.10/bin/bin/../../lib\libc99-pic30-elf.a(unpackdnrmfx.EP_o)
 .debug_abbrev    0x000cfd         0x14 c:/program files/microchip/xc16/v2.10/bin/bin/../../lib\libc99-pic30-elf.a(typefx.EP_o)
 .debug_abbrev    0x000d11         0x14 c:/program files/microchip/xc16/v2.10/bin/bin/../../lib\libc99-pic30-elf.a(propnanfx.EP_o)
 .debug_abbrev    0x000d25         0x14 c:/program files/microchip/xc16/v2.10/bin/bin/../../lib\libc99-pic30-elf.a(spackfx.EP_o)
 .debug_abbrev    0x000d39         0x14 c:/program files/microchip/xc16/v2.10/bin/bin/../../lib\libc99-pic30-elf.a(unpackfx.EP_o)
 .debug_abbrev    0x000d4d         0x14 c:/program files/microchip/xc16/v2.10/bin/bin/../../lib\libc99-pic30-elf.a(floatundisf.EP_o)
 .debug_abbrev    0x000d61         0x14 c:/program files/microchip/xc16/v2.10/bin/bin/../../lib\libc99-pic30-elf.a(fpack.EP_o)
 .debug_abbrev    0x000d75         0x14 c:/program files/microchip/xc16/v2.10/bin/bin/../../lib\libc99-pic30-elf.a(deqltle.EP_o)
 .debug_abbrev    0x000d89         0x14 c:/program files/microchip/xc16/v2.10/bin/bin/../../lib\libc99-pic30-elf.a(dgtge.EP_o)
 .debug_abbrev    0x000d9d         0x14 c:/program files/microchip/xc16/v2.10/bin/bin/../../lib\libc99-pic30-elf.a(divsi3.EP_o)
 .debug_abbrev    0x000db1         0x14 c:/program files/microchip/xc16/v2.10/bin/bin/../../lib\libc99-pic30-elf.a(dne.EP_o)
 .debug_abbrev    0x000dc5         0x14 c:/program files/microchip/xc16/v2.10/bin/bin/../../lib\libc99-pic30-elf.a(extendsfdf.EP_o)
 .debug_abbrev    0x000dd9         0x14 c:/program files/microchip/xc16/v2.10/bin/bin/../../lib\libc99-pic30-elf.a(fixdfsi.EP_o)
 .debug_abbrev    0x000ded         0x14 c:/program files/microchip/xc16/v2.10/bin/bin/../../lib\libc99-pic30-elf.a(floatsidf.EP_o)
 .debug_abbrev    0x000e01         0x14 c:/program files/microchip/xc16/v2.10/bin/bin/../../lib\libc99-pic30-elf.a(floatsisf.EP_o)
 .debug_abbrev    0x000e15         0x14 c:/program files/microchip/xc16/v2.10/bin/bin/../../lib\libc99-pic30-elf.a(floatunsidf.EP_o)
 .debug_abbrev    0x000e29         0x14 c:/program files/microchip/xc16/v2.10/bin/bin/../../lib\libc99-pic30-elf.a(truncdfsf.EP_o)
 .debug_abbrev    0x000e3d         0x14 c:/program files/microchip/xc16/v2.10/bin/bin/../../lib\libc99-pic30-elf.a(umodsi3.EP_o)
 .debug_abbrev    0x000e51         0x14 c:/program files/microchip/xc16/v2.10/bin/bin/../../lib\libc99-pic30-elf.a(mulsi3.EP_o)
 .debug_abbrev    0x000e65         0x14 c:/program files/microchip/xc16/v2.10/bin/bin/../../lib\libc99-pic30-elf.a(dpadd.EP_o)
 .debug_abbrev    0x000e79         0x14 c:/program files/microchip/xc16/v2.10/bin/bin/../../lib\libc99-pic30-elf.a(dpdiv.EP_o)
 .debug_abbrev    0x000e8d         0x14 c:/program files/microchip/xc16/v2.10/bin/bin/../../lib\libc99-pic30-elf.a(dpmul.EP_o)
 .debug_abbrev    0x000ea1         0x14 c:/program files/microchip/xc16/v2.10/bin/bin/../../lib\libc99-pic30-elf.a(dpsubs.EP_o)
 .debug_abbrev    0x000eb5         0x14 c:/program files/microchip/xc16/v2.10/bin/bin/../../lib\libc99-pic30-elf.a(dcompare.EP_o)
 .debug_abbrev    0x000ec9         0x14 c:/program files/microchip/xc16/v2.10/bin/bin/../../lib\libc99-pic30-elf.a(dtype.EP_o)
 .debug_abbrev    0x000edd         0x14 c:/program files/microchip/xc16/v2.10/bin/bin/../../lib\libc99-pic30-elf.a(dunpack.EP_o)
 .debug_abbrev    0x000ef1         0x14 c:/program files/microchip/xc16/v2.10/bin/bin/../../lib\libc99-pic30-elf.a(dunpack2.EP_o)
 .debug_abbrev    0x000f05         0x14 c:/program files/microchip/xc16/v2.10/bin/bin/../../lib\libc99-pic30-elf.a(floatdidf.EP_o)
 .debug_abbrev    0x000f19         0x14 c:/program files/microchip/xc16/v2.10/bin/bin/../../lib\libc99-pic30-elf.a(floatdisf.EP_o)
 .debug_abbrev    0x000f2d         0x14 c:/program files/microchip/xc16/v2.10/bin/bin/../../lib\libc99-pic30-elf.a(floatundidf.EP_o)
 .debug_abbrev    0x000f41         0x14 c:/program files/microchip/xc16/v2.10/bin/bin/../../lib\libc99-pic30-elf.a(umuldi3.EP_o)
 .debug_abbrev    0x000f55         0x14 c:/program files/microchip/xc16/v2.10/bin/bin/../../lib\libc99-pic30-elf.a(dpack.EP_o)
 .debug_abbrev    0x000f69         0x14 c:/program files/microchip/xc16/v2.10/bin/bin/../../lib\libc99-pic30-elf.a(dpropagateNaN.EP_o)

.debug_line       0x000000       0x214c
 *(.debug_line)
 .debug_line      0x000000         0x1a build/default/debug/mcc_generated_files/mcc.o
 .debug_line      0x00001a         0x55 build/default/debug/mcc_generated_files/where_was_i.o
 .debug_line      0x00006f        0x145 build/default/debug/mcc_generated_files/pin_manager.o
 .debug_line      0x0001b4        0x155 build/default/debug/mcc_generated_files/traps.o
 .debug_line      0x000309        0x15e build/default/debug/mcc_generated_files/reset.o
 .debug_line      0x000467        0x178 build/default/debug/mcc_generated_files/uart1.o
 .debug_line      0x0005df        0x11d build/default/debug/mcc_generated_files/clock.o
 .debug_line      0x0006fc         0x55 build/default/debug/mcc_generated_files/interrupt_manager.o
 .debug_line      0x000751        0x15e build/default/debug/mcc_generated_files/system.o
 .debug_line      0x0008af         0xbd build/default/debug/flash.o
 .debug_line      0x00096c        0x10c build/default/debug/main.o
 .debug_line      0x000a78        0x1e1 build/default/debug/nvmpic.o
 .debug_line      0x000c59        0x25a build/default/debug/commands.o
 .debug_line      0x000eb3         0xba build/default/debug/at.o
 .debug_line      0x000f6d        0x169 build/default/debug/test_commands.o
 .debug_line      0x0010d6         0x53 c:/program files/microchip/xc16/v2.10/bin/bin/../../lib\libc99-pic30-elf.a(fixunssfsi.EP_o)
 .debug_line      0x001129         0x3b c:/program files/microchip/xc16/v2.10/bin/bin/../../lib\libc99-pic30-elf.a(floatunsisf.EP_o)
 .debug_line      0x001164         0x4a c:/program files/microchip/xc16/v2.10/bin/bin/../../lib\libc99-pic30-elf.a(funpack.EP_o)
 .debug_line      0x0011ae         0x45 c:/program files/microchip/xc16/v2.10/bin/bin/../../lib\libc99-pic30-elf.a(udivsi3.EP_o)
 .debug_line      0x0011f3        0x124 c:/program files/microchip/xc16/v2.10/bin/bin/../../lib\libc99-pic30-elf.a(divsf3x.EP_o)
 .debug_line      0x001317         0xcc c:/program files/microchip/xc16/v2.10/bin/bin/../../lib\libc99-pic30-elf.a(mulsf3x.EP_o)
 .debug_line      0x0013e3         0x72 c:/program files/microchip/xc16/v2.10/bin/bin/../../lib\libc99-pic30-elf.a(dnrmpackfx.EP_o)
 .debug_line      0x001455         0x7a c:/program files/microchip/xc16/v2.10/bin/bin/../../lib\libc99-pic30-elf.a(unpackdnrmfx.EP_o)
 .debug_line      0x0014cf         0x5e c:/program files/microchip/xc16/v2.10/bin/bin/../../lib\libc99-pic30-elf.a(typefx.EP_o)
 .debug_line      0x00152d         0x51 c:/program files/microchip/xc16/v2.10/bin/bin/../../lib\libc99-pic30-elf.a(propnanfx.EP_o)
 .debug_line      0x00157e         0x98 c:/program files/microchip/xc16/v2.10/bin/bin/../../lib\libc99-pic30-elf.a(spackfx.EP_o)
 .debug_line      0x001616         0x79 c:/program files/microchip/xc16/v2.10/bin/bin/../../lib\libc99-pic30-elf.a(unpackfx.EP_o)
 .debug_line      0x00168f         0x1a c:/program files/microchip/xc16/v2.10/bin/bin/../../lib\libc99-pic30-elf.a(errno.EP_o)
 .debug_line      0x0016a9         0x6c c:/program files/microchip/xc16/v2.10/bin/bin/../../lib\libc99-pic30-elf.a(floatundisf.EP_o)
 .debug_line      0x001715         0x5a c:/program files/microchip/xc16/v2.10/bin/bin/../../lib\libc99-pic30-elf.a(fpack.EP_o)
 .debug_line      0x00176f         0x3a c:/program files/microchip/xc16/v2.10/bin/bin/../../lib\libc99-pic30-elf.a(deqltle.EP_o)
 .debug_line      0x0017a9         0x38 c:/program files/microchip/xc16/v2.10/bin/bin/../../lib\libc99-pic30-elf.a(dgtge.EP_o)
 .debug_line      0x0017e1         0x43 c:/program files/microchip/xc16/v2.10/bin/bin/../../lib\libc99-pic30-elf.a(divsi3.EP_o)
 .debug_line      0x001824         0x36 c:/program files/microchip/xc16/v2.10/bin/bin/../../lib\libc99-pic30-elf.a(dne.EP_o)
 .debug_line      0x00185a         0x59 c:/program files/microchip/xc16/v2.10/bin/bin/../../lib\libc99-pic30-elf.a(extendsfdf.EP_o)
 .debug_line      0x0018b3         0x61 c:/program files/microchip/xc16/v2.10/bin/bin/../../lib\libc99-pic30-elf.a(fixdfsi.EP_o)
 .debug_line      0x001914         0x3a c:/program files/microchip/xc16/v2.10/bin/bin/../../lib\libc99-pic30-elf.a(floatsidf.EP_o)
 .debug_line      0x00194e         0x3a c:/program files/microchip/xc16/v2.10/bin/bin/../../lib\libc99-pic30-elf.a(floatsisf.EP_o)
 .debug_line      0x001988         0x3b c:/program files/microchip/xc16/v2.10/bin/bin/../../lib\libc99-pic30-elf.a(floatunsidf.EP_o)
 .debug_line      0x0019c3         0x66 c:/program files/microchip/xc16/v2.10/bin/bin/../../lib\libc99-pic30-elf.a(truncdfsf.EP_o)
 .debug_line      0x001a29         0x38 c:/program files/microchip/xc16/v2.10/bin/bin/../../lib\libc99-pic30-elf.a(umodsi3.EP_o)
 .debug_line      0x001a61         0x3a c:/program files/microchip/xc16/v2.10/bin/bin/../../lib\libc99-pic30-elf.a(mulsi3.EP_o)
 .debug_line      0x001a9b         0xa2 c:/program files/microchip/xc16/v2.10/bin/bin/../../lib\libc99-pic30-elf.a(dpadd.EP_o)
 .debug_line      0x001b3d        0x100 c:/program files/microchip/xc16/v2.10/bin/bin/../../lib\libc99-pic30-elf.a(dpdiv.EP_o)
 .debug_line      0x001c3d         0xde c:/program files/microchip/xc16/v2.10/bin/bin/../../lib\libc99-pic30-elf.a(dpmul.EP_o)
 .debug_line      0x001d1b         0xe8 c:/program files/microchip/xc16/v2.10/bin/bin/../../lib\libc99-pic30-elf.a(dpsubs.EP_o)
 .debug_line      0x001e03         0x5f c:/program files/microchip/xc16/v2.10/bin/bin/../../lib\libc99-pic30-elf.a(dcompare.EP_o)
 .debug_line      0x001e62         0x45 c:/program files/microchip/xc16/v2.10/bin/bin/../../lib\libc99-pic30-elf.a(dtype.EP_o)
 .debug_line      0x001ea7         0x5c c:/program files/microchip/xc16/v2.10/bin/bin/../../lib\libc99-pic30-elf.a(dunpack.EP_o)
 .debug_line      0x001f03         0x53 c:/program files/microchip/xc16/v2.10/bin/bin/../../lib\libc99-pic30-elf.a(dunpack2.EP_o)
 .debug_line      0x001f56         0x47 c:/program files/microchip/xc16/v2.10/bin/bin/../../lib\libc99-pic30-elf.a(floatdidf.EP_o)
 .debug_line      0x001f9d         0x47 c:/program files/microchip/xc16/v2.10/bin/bin/../../lib\libc99-pic30-elf.a(floatdisf.EP_o)
 .debug_line      0x001fe4         0x68 c:/program files/microchip/xc16/v2.10/bin/bin/../../lib\libc99-pic30-elf.a(floatundidf.EP_o)
 .debug_line      0x00204c         0x57 c:/program files/microchip/xc16/v2.10/bin/bin/../../lib\libc99-pic30-elf.a(umuldi3.EP_o)
 .debug_line      0x0020a3         0x5f c:/program files/microchip/xc16/v2.10/bin/bin/../../lib\libc99-pic30-elf.a(dpack.EP_o)
 .debug_line      0x002102         0x4a c:/program files/microchip/xc16/v2.10/bin/bin/../../lib\libc99-pic30-elf.a(dpropagateNaN.EP_o)

.debug_frame      0x000000        0xb5a
 *(.debug_frame)
 .debug_frame     0x000000         0x2e build/default/debug/mcc_generated_files/pin_manager.o
 .debug_frame     0x00002e        0x1fa build/default/debug/mcc_generated_files/traps.o
 .debug_frame     0x000228        0x118 build/default/debug/mcc_generated_files/reset.o
 .debug_frame     0x000340        0x188 build/default/debug/mcc_generated_files/uart1.o
 .debug_frame     0x0004c8         0x2e build/default/debug/mcc_generated_files/clock.o
 .debug_frame     0x0004f6         0x2e build/default/debug/mcc_generated_files/interrupt_manager.o
 .debug_frame     0x000524         0x62 build/default/debug/mcc_generated_files/system.o
 .debug_frame     0x000586         0x48 build/default/debug/main.o
 .debug_frame     0x0005ce        0x1d8 build/default/debug/nvmpic.o
 .debug_frame     0x0007a6         0xf2 build/default/debug/commands.o
 .debug_frame     0x000898        0x16e build/default/debug/at.o
 .debug_frame     0x000a06        0x154 build/default/debug/test_commands.o

.debug_str        0x000000        0x2b6
 *(.debug_str)
 .debug_str       0x000000         0x16 build/default/debug/mcc_generated_files/pin_manager.o
 .debug_str       0x000016         0x24 build/default/debug/mcc_generated_files/traps.o
 .debug_str       0x00003a         0x17 build/default/debug/mcc_generated_files/reset.o
 .debug_str       0x000051         0x30 build/default/debug/mcc_generated_files/uart1.o
 .debug_str       0x000081          0xc build/default/debug/mcc_generated_files/system.o
 .debug_str       0x00008d          0xc build/default/debug/main.o
 .debug_str       0x000099         0x71 build/default/debug/nvmpic.o
 .debug_str       0x00010a         0xe3 build/default/debug/commands.o
 .debug_str       0x0001ed         0x5e build/default/debug/at.o
 .debug_str       0x00024b         0x6b build/default/debug/test_commands.o

.debug_loc
 *(.debug_loc)

.debug_macinfo
 *(.debug_macinfo)

.debug_pubnames
                  0x000000        0x8d7
 *(.debug_pubnames)
 .debug_pubnames
                  0x000000         0x2d build/default/debug/mcc_generated_files/pin_manager.o
 .debug_pubnames
                  0x00002d         0xa4 build/default/debug/mcc_generated_files/traps.o
 .debug_pubnames
                  0x0000d1         0x54 build/default/debug/mcc_generated_files/reset.o
 .debug_pubnames
                  0x000125        0x13a build/default/debug/mcc_generated_files/uart1.o
 .debug_pubnames
                  0x00025f         0x27 build/default/debug/mcc_generated_files/clock.o
 .debug_pubnames
                  0x000286         0x2b build/default/debug/mcc_generated_files/interrupt_manager.o
 .debug_pubnames
                  0x0002b1         0x28 build/default/debug/mcc_generated_files/system.o
 .debug_pubnames
                  0x0002d9         0x38 build/default/debug/main.o
 .debug_pubnames
                  0x000311        0x160 build/default/debug/nvmpic.o
 .debug_pubnames
                  0x000471        0x17b build/default/debug/commands.o
 .debug_pubnames
                  0x0005ec        0x1ab build/default/debug/at.o
 .debug_pubnames
                  0x000797        0x140 build/default/debug/test_commands.o

.debug_ranges
 *(.debug_ranges)

.debug_aranges    0x000000        0x660
 *(.debug_aranges)
 .debug_aranges
                  0x000000         0x20 build/default/debug/mcc_generated_files/where_was_i.o
 .debug_aranges
                  0x000020         0x18 build/default/debug/mcc_generated_files/pin_manager.o
 .debug_aranges
                  0x000038         0x18 build/default/debug/mcc_generated_files/traps.o
 .debug_aranges
                  0x000050         0x18 build/default/debug/mcc_generated_files/reset.o
 .debug_aranges
                  0x000068         0x18 build/default/debug/mcc_generated_files/uart1.o
 .debug_aranges
                  0x000080         0x18 build/default/debug/mcc_generated_files/clock.o
 .debug_aranges
                  0x000098         0x18 build/default/debug/mcc_generated_files/interrupt_manager.o
 .debug_aranges
                  0x0000b0         0x18 build/default/debug/mcc_generated_files/system.o
 .debug_aranges
                  0x0000c8         0x20 build/default/debug/flash.o
 .debug_aranges
                  0x0000e8         0x18 build/default/debug/main.o
 .debug_aranges
                  0x000100         0x18 build/default/debug/nvmpic.o
 .debug_aranges
                  0x000118         0x18 build/default/debug/commands.o
 .debug_aranges
                  0x000130         0x18 build/default/debug/at.o
 .debug_aranges
                  0x000148         0x18 build/default/debug/test_commands.o
 .debug_aranges
                  0x000160         0x20 c:/program files/microchip/xc16/v2.10/bin/bin/../../lib\libc99-pic30-elf.a(fixunssfsi.EP_o)
 .debug_aranges
                  0x000180         0x20 c:/program files/microchip/xc16/v2.10/bin/bin/../../lib\libc99-pic30-elf.a(floatunsisf.EP_o)
 .debug_aranges
                  0x0001a0         0x20 c:/program files/microchip/xc16/v2.10/bin/bin/../../lib\libc99-pic30-elf.a(funpack.EP_o)
 .debug_aranges
                  0x0001c0         0x20 c:/program files/microchip/xc16/v2.10/bin/bin/../../lib\libc99-pic30-elf.a(udivsi3.EP_o)
 .debug_aranges
                  0x0001e0         0x20 c:/program files/microchip/xc16/v2.10/bin/bin/../../lib\libc99-pic30-elf.a(divsf3x.EP_o)
 .debug_aranges
                  0x000200         0x20 c:/program files/microchip/xc16/v2.10/bin/bin/../../lib\libc99-pic30-elf.a(mulsf3x.EP_o)
 .debug_aranges
                  0x000220         0x20 c:/program files/microchip/xc16/v2.10/bin/bin/../../lib\libc99-pic30-elf.a(dnrmpackfx.EP_o)
 .debug_aranges
                  0x000240         0x20 c:/program files/microchip/xc16/v2.10/bin/bin/../../lib\libc99-pic30-elf.a(unpackdnrmfx.EP_o)
 .debug_aranges
                  0x000260         0x20 c:/program files/microchip/xc16/v2.10/bin/bin/../../lib\libc99-pic30-elf.a(typefx.EP_o)
 .debug_aranges
                  0x000280         0x20 c:/program files/microchip/xc16/v2.10/bin/bin/../../lib\libc99-pic30-elf.a(propnanfx.EP_o)
 .debug_aranges
                  0x0002a0         0x20 c:/program files/microchip/xc16/v2.10/bin/bin/../../lib\libc99-pic30-elf.a(spackfx.EP_o)
 .debug_aranges
                  0x0002c0         0x20 c:/program files/microchip/xc16/v2.10/bin/bin/../../lib\libc99-pic30-elf.a(unpackfx.EP_o)
 .debug_aranges
                  0x0002e0         0x20 c:/program files/microchip/xc16/v2.10/bin/bin/../../lib\libc99-pic30-elf.a(floatundisf.EP_o)
 .debug_aranges
                  0x000300         0x20 c:/program files/microchip/xc16/v2.10/bin/bin/../../lib\libc99-pic30-elf.a(fpack.EP_o)
 .debug_aranges
                  0x000320         0x20 c:/program files/microchip/xc16/v2.10/bin/bin/../../lib\libc99-pic30-elf.a(deqltle.EP_o)
 .debug_aranges
                  0x000340         0x20 c:/program files/microchip/xc16/v2.10/bin/bin/../../lib\libc99-pic30-elf.a(dgtge.EP_o)
 .debug_aranges
                  0x000360         0x20 c:/program files/microchip/xc16/v2.10/bin/bin/../../lib\libc99-pic30-elf.a(divsi3.EP_o)
 .debug_aranges
                  0x000380         0x20 c:/program files/microchip/xc16/v2.10/bin/bin/../../lib\libc99-pic30-elf.a(dne.EP_o)
 .debug_aranges
                  0x0003a0         0x20 c:/program files/microchip/xc16/v2.10/bin/bin/../../lib\libc99-pic30-elf.a(extendsfdf.EP_o)
 .debug_aranges
                  0x0003c0         0x20 c:/program files/microchip/xc16/v2.10/bin/bin/../../lib\libc99-pic30-elf.a(fixdfsi.EP_o)
 .debug_aranges
                  0x0003e0         0x20 c:/program files/microchip/xc16/v2.10/bin/bin/../../lib\libc99-pic30-elf.a(floatsidf.EP_o)
 .debug_aranges
                  0x000400         0x20 c:/program files/microchip/xc16/v2.10/bin/bin/../../lib\libc99-pic30-elf.a(floatsisf.EP_o)
 .debug_aranges
                  0x000420         0x20 c:/program files/microchip/xc16/v2.10/bin/bin/../../lib\libc99-pic30-elf.a(floatunsidf.EP_o)
 .debug_aranges
                  0x000440         0x20 c:/program files/microchip/xc16/v2.10/bin/bin/../../lib\libc99-pic30-elf.a(truncdfsf.EP_o)
 .debug_aranges
                  0x000460         0x20 c:/program files/microchip/xc16/v2.10/bin/bin/../../lib\libc99-pic30-elf.a(umodsi3.EP_o)
 .debug_aranges
                  0x000480         0x20 c:/program files/microchip/xc16/v2.10/bin/bin/../../lib\libc99-pic30-elf.a(mulsi3.EP_o)
 .debug_aranges
                  0x0004a0         0x20 c:/program files/microchip/xc16/v2.10/bin/bin/../../lib\libc99-pic30-elf.a(dpadd.EP_o)
 .debug_aranges
                  0x0004c0         0x20 c:/program files/microchip/xc16/v2.10/bin/bin/../../lib\libc99-pic30-elf.a(dpdiv.EP_o)
 .debug_aranges
                  0x0004e0         0x20 c:/program files/microchip/xc16/v2.10/bin/bin/../../lib\libc99-pic30-elf.a(dpmul.EP_o)
 .debug_aranges
                  0x000500         0x20 c:/program files/microchip/xc16/v2.10/bin/bin/../../lib\libc99-pic30-elf.a(dpsubs.EP_o)
 .debug_aranges
                  0x000520         0x20 c:/program files/microchip/xc16/v2.10/bin/bin/../../lib\libc99-pic30-elf.a(dcompare.EP_o)
 .debug_aranges
                  0x000540         0x20 c:/program files/microchip/xc16/v2.10/bin/bin/../../lib\libc99-pic30-elf.a(dtype.EP_o)
 .debug_aranges
                  0x000560         0x20 c:/program files/microchip/xc16/v2.10/bin/bin/../../lib\libc99-pic30-elf.a(dunpack.EP_o)
 .debug_aranges
                  0x000580         0x20 c:/program files/microchip/xc16/v2.10/bin/bin/../../lib\libc99-pic30-elf.a(dunpack2.EP_o)
 .debug_aranges
                  0x0005a0         0x20 c:/program files/microchip/xc16/v2.10/bin/bin/../../lib\libc99-pic30-elf.a(floatdidf.EP_o)
 .debug_aranges
                  0x0005c0         0x20 c:/program files/microchip/xc16/v2.10/bin/bin/../../lib\libc99-pic30-elf.a(floatdisf.EP_o)
 .debug_aranges
                  0x0005e0         0x20 c:/program files/microchip/xc16/v2.10/bin/bin/../../lib\libc99-pic30-elf.a(floatundidf.EP_o)
 .debug_aranges
                  0x000600         0x20 c:/program files/microchip/xc16/v2.10/bin/bin/../../lib\libc99-pic30-elf.a(umuldi3.EP_o)
 .debug_aranges
                  0x000620         0x20 c:/program files/microchip/xc16/v2.10/bin/bin/../../lib\libc99-pic30-elf.a(dpack.EP_o)
 .debug_aranges
                  0x000640         0x20 c:/program files/microchip/xc16/v2.10/bin/bin/../../lib\libc99-pic30-elf.a(dpropagateNaN.EP_o)
                    0x0000                  WREG0 = 0x0
                    0x0000                  _WREG0 = 0x0
                    0x0002                  WREG1 = 0x2
                    0x0002                  _WREG1 = 0x2
                    0x0004                  WREG2 = 0x4
                    0x0004                  _WREG2 = 0x4
                    0x0006                  WREG3 = 0x6
                    0x0006                  _WREG3 = 0x6
                    0x0008                  WREG4 = 0x8
                    0x0008                  _WREG4 = 0x8
                    0x000a                  WREG5 = 0xa
                    0x000a                  _WREG5 = 0xa
                    0x000c                  WREG6 = 0xc
                    0x000c                  _WREG6 = 0xc
                    0x000e                  WREG7 = 0xe
                    0x000e                  _WREG7 = 0xe
                    0x0010                  WREG8 = 0x10
                    0x0010                  _WREG8 = 0x10
                    0x0012                  WREG9 = 0x12
                    0x0012                  _WREG9 = 0x12
                    0x0014                  WREG10 = 0x14
                    0x0014                  _WREG10 = 0x14
                    0x0016                  WREG11 = 0x16
                    0x0016                  _WREG11 = 0x16
                    0x0018                  WREG12 = 0x18
                    0x0018                  _WREG12 = 0x18
                    0x001a                  WREG13 = 0x1a
                    0x001a                  _WREG13 = 0x1a
                    0x001c                  WREG14 = 0x1c
                    0x001c                  _WREG14 = 0x1c
                    0x001e                  WREG15 = 0x1e
                    0x001e                  _WREG15 = 0x1e
                    0x0020                  SPLIM = 0x20
                    0x0020                  _SPLIM = 0x20
                    0x0022                  ACCAL = 0x22
                    0x0022                  _ACCAL = 0x22
                    0x0024                  ACCAH = 0x24
                    0x0024                  _ACCAH = 0x24
                    0x0026                  ACCAU = 0x26
                    0x0026                  _ACCAU = 0x26
                    0x0028                  ACCBL = 0x28
                    0x0028                  _ACCBL = 0x28
                    0x002a                  ACCBH = 0x2a
                    0x002a                  _ACCBH = 0x2a
                    0x002c                  ACCBU = 0x2c
                    0x002c                  _ACCBU = 0x2c
                    0x002e                  PCL = 0x2e
                    0x002e                  _PCL = 0x2e
                    0x0030                  PCH = 0x30
                    0x0030                  _PCH = 0x30
                    0x0032                  DSRPAG = 0x32
                    0x0032                  _DSRPAG = 0x32
                    0x0032                  _DSRPAGbits = 0x32
                    0x0034                  DSWPAG = 0x34
                    0x0034                  _DSWPAG = 0x34
                    0x0034                  _DSWPAGbits = 0x34
                    0x0036                  RCOUNT = 0x36
                    0x0036                  _RCOUNT = 0x36
                    0x0038                  DCOUNT = 0x38
                    0x0038                  _DCOUNT = 0x38
                    0x003a                  DOSTARTL = 0x3a
                    0x003a                  _DOSTARTL = 0x3a
                    0x003c                  DOSTARTH = 0x3c
                    0x003c                  _DOSTARTH = 0x3c
                    0x003e                  DOENDL = 0x3e
                    0x003e                  _DOENDL = 0x3e
                    0x0040                  DOENDH = 0x40
                    0x0040                  _DOENDH = 0x40
                    0x0042                  SR = 0x42
                    0x0042                  _SR = 0x42
                    0x0042                  _SRbits = 0x42
                    0x0044                  CORCON = 0x44
                    0x0044                  _CORCON = 0x44
                    0x0044                  _CORCONbits = 0x44
                    0x0046                  MODCON = 0x46
                    0x0046                  _MODCON = 0x46
                    0x0046                  _MODCONbits = 0x46
                    0x0048                  XMODSRT = 0x48
                    0x0048                  _XMODSRT = 0x48
                    0x004a                  XMODEND = 0x4a
                    0x004a                  _XMODEND = 0x4a
                    0x004c                  YMODSRT = 0x4c
                    0x004c                  _YMODSRT = 0x4c
                    0x004e                  YMODEND = 0x4e
                    0x004e                  _YMODEND = 0x4e
                    0x0050                  XBREV = 0x50
                    0x0050                  _XBREV = 0x50
                    0x0050                  _XBREVbits = 0x50
                    0x0052                  DISICNT = 0x52
                    0x0052                  _DISICNT = 0x52
                    0x0054                  TBLPAG = 0x54
                    0x0054                  _TBLPAG = 0x54
                    0x0054                  _TBLPAGbits = 0x54
                    0x0058                  MSTRPR = 0x58
                    0x0058                  _MSTRPR = 0x58
                    0x0100                  TMR1 = 0x100
                    0x0100                  _TMR1 = 0x100
                    0x0102                  PR1 = 0x102
                    0x0102                  _PR1 = 0x102
                    0x0104                  T1CON = 0x104
                    0x0104                  _T1CON = 0x104
                    0x0104                  _T1CONbits = 0x104
                    0x0106                  TMR2 = 0x106
                    0x0106                  _TMR2 = 0x106
                    0x0108                  TMR3HLD = 0x108
                    0x0108                  _TMR3HLD = 0x108
                    0x010a                  TMR3 = 0x10a
                    0x010a                  _TMR3 = 0x10a
                    0x010c                  PR2 = 0x10c
                    0x010c                  _PR2 = 0x10c
                    0x010e                  PR3 = 0x10e
                    0x010e                  _PR3 = 0x10e
                    0x0110                  T2CON = 0x110
                    0x0110                  _T2CON = 0x110
                    0x0110                  _T2CONbits = 0x110
                    0x0112                  T3CON = 0x112
                    0x0112                  _T3CON = 0x112
                    0x0112                  _T3CONbits = 0x112
                    0x0114                  TMR4 = 0x114
                    0x0114                  _TMR4 = 0x114
                    0x0116                  TMR5HLD = 0x116
                    0x0116                  _TMR5HLD = 0x116
                    0x0118                  TMR5 = 0x118
                    0x0118                  _TMR5 = 0x118
                    0x011a                  PR4 = 0x11a
                    0x011a                  _PR4 = 0x11a
                    0x011c                  PR5 = 0x11c
                    0x011c                  _PR5 = 0x11c
                    0x011e                  T4CON = 0x11e
                    0x011e                  _T4CON = 0x11e
                    0x011e                  _T4CONbits = 0x11e
                    0x0120                  T5CON = 0x120
                    0x0120                  _T5CON = 0x120
                    0x0120                  _T5CONbits = 0x120
                    0x0140                  IC1CON1 = 0x140
                    0x0140                  _IC1CON1 = 0x140
                    0x0140                  _IC1CON1bits = 0x140
                    0x0142                  IC1CON2 = 0x142
                    0x0142                  _IC1CON2 = 0x142
                    0x0142                  _IC1CON2bits = 0x142
                    0x0144                  IC1BUF = 0x144
                    0x0144                  _IC1BUF = 0x144
                    0x0146                  IC1TMR = 0x146
                    0x0146                  _IC1TMR = 0x146
                    0x0148                  IC2CON1 = 0x148
                    0x0148                  _IC2CON1 = 0x148
                    0x0148                  _IC2CON1bits = 0x148
                    0x014a                  IC2CON2 = 0x14a
                    0x014a                  _IC2CON2 = 0x14a
                    0x014a                  _IC2CON2bits = 0x14a
                    0x014c                  IC2BUF = 0x14c
                    0x014c                  _IC2BUF = 0x14c
                    0x014e                  IC2TMR = 0x14e
                    0x014e                  _IC2TMR = 0x14e
                    0x0150                  IC3CON1 = 0x150
                    0x0150                  _IC3CON1 = 0x150
                    0x0150                  _IC3CON1bits = 0x150
                    0x0152                  IC3CON2 = 0x152
                    0x0152                  _IC3CON2 = 0x152
                    0x0152                  _IC3CON2bits = 0x152
                    0x0154                  IC3BUF = 0x154
                    0x0154                  _IC3BUF = 0x154
                    0x0156                  IC3TMR = 0x156
                    0x0156                  _IC3TMR = 0x156
                    0x0158                  IC4CON1 = 0x158
                    0x0158                  _IC4CON1 = 0x158
                    0x0158                  _IC4CON1bits = 0x158
                    0x015a                  IC4CON2 = 0x15a
                    0x015a                  _IC4CON2 = 0x15a
                    0x015a                  _IC4CON2bits = 0x15a
                    0x015c                  IC4BUF = 0x15c
                    0x015c                  _IC4BUF = 0x15c
                    0x015e                  IC4TMR = 0x15e
                    0x015e                  _IC4TMR = 0x15e
                    0x0200                  I2C1RCV = 0x200
                    0x0200                  _I2C1RCV = 0x200
                    0x0202                  I2C1TRN = 0x202
                    0x0202                  _I2C1TRN = 0x202
                    0x0204                  I2C1BRG = 0x204
                    0x0204                  _I2C1BRG = 0x204
                    0x0206                  I2C1CON = 0x206
                    0x0206                  _I2C1CON = 0x206
                    0x0206                  _I2C1CONbits = 0x206
                    0x0208                  I2C1STAT = 0x208
                    0x0208                  _I2C1STAT = 0x208
                    0x0208                  _I2C1STATbits = 0x208
                    0x020a                  I2C1ADD = 0x20a
                    0x020a                  _I2C1ADD = 0x20a
                    0x020c                  I2C1MSK = 0x20c
                    0x020c                  _I2C1MSK = 0x20c
                    0x0210                  I2C2RCV = 0x210
                    0x0210                  _I2C2RCV = 0x210
                    0x0212                  I2C2TRN = 0x212
                    0x0212                  _I2C2TRN = 0x212
                    0x0214                  I2C2BRG = 0x214
                    0x0214                  _I2C2BRG = 0x214
                    0x0216                  I2C2CON = 0x216
                    0x0216                  _I2C2CON = 0x216
                    0x0216                  _I2C2CONbits = 0x216
                    0x0218                  I2C2STAT = 0x218
                    0x0218                  _I2C2STAT = 0x218
                    0x0218                  _I2C2STATbits = 0x218
                    0x021a                  I2C2ADD = 0x21a
                    0x021a                  _I2C2ADD = 0x21a
                    0x021c                  I2C2MSK = 0x21c
                    0x021c                  _I2C2MSK = 0x21c
                    0x0220                  U1MODE = 0x220
                    0x0220                  _U1MODE = 0x220
                    0x0220                  _U1MODEbits = 0x220
                    0x0222                  U1STA = 0x222
                    0x0222                  _U1STA = 0x222
                    0x0222                  _U1STAbits = 0x222
                    0x0224                  U1TXREG = 0x224
                    0x0224                  _U1TXREG = 0x224
                    0x0226                  U1RXREG = 0x226
                    0x0226                  _U1RXREG = 0x226
                    0x0228                  U1BRG = 0x228
                    0x0228                  _U1BRG = 0x228
                    0x0230                  U2MODE = 0x230
                    0x0230                  _U2MODE = 0x230
                    0x0230                  _U2MODEbits = 0x230
                    0x0232                  U2STA = 0x232
                    0x0232                  _U2STA = 0x232
                    0x0232                  _U2STAbits = 0x232
                    0x0234                  U2TXREG = 0x234
                    0x0234                  _U2TXREG = 0x234
                    0x0236                  U2RXREG = 0x236
                    0x0236                  _U2RXREG = 0x236
                    0x0238                  U2BRG = 0x238
                    0x0238                  _U2BRG = 0x238
                    0x0240                  SPI1STAT = 0x240
                    0x0240                  _SPI1STAT = 0x240
                    0x0240                  _SPI1STATbits = 0x240
                    0x0242                  SPI1CON1 = 0x242
                    0x0242                  _SPI1CON1 = 0x242
                    0x0242                  _SPI1CON1bits = 0x242
                    0x0244                  SPI1CON2 = 0x244
                    0x0244                  _SPI1CON2 = 0x244
                    0x0244                  _SPI1CON2bits = 0x244
                    0x0248                  SPI1BUF = 0x248
                    0x0248                  _SPI1BUF = 0x248
                    0x0260                  SPI2STAT = 0x260
                    0x0260                  _SPI2STAT = 0x260
                    0x0260                  _SPI2STATbits = 0x260
                    0x0262                  SPI2CON1 = 0x262
                    0x0262                  _SPI2CON1 = 0x262
                    0x0262                  _SPI2CON1bits = 0x262
                    0x0264                  SPI2CON2 = 0x264
                    0x0264                  _SPI2CON2 = 0x264
                    0x0264                  _SPI2CON2bits = 0x264
                    0x0268                  SPI2BUF = 0x268
                    0x0268                  _SPI2BUF = 0x268
                    0x0300                  ADC1BUF0 = 0x300
                    0x0300                  _ADC1BUF0 = 0x300
                    0x0302                  ADC1BUF1 = 0x302
                    0x0302                  _ADC1BUF1 = 0x302
                    0x0304                  ADC1BUF2 = 0x304
                    0x0304                  _ADC1BUF2 = 0x304
                    0x0306                  ADC1BUF3 = 0x306