Microchip Technology Inc, v2.10 (B)

Tool Name:
  c:\program files\microchip\xc16\v2.10\bin\bin\..\bin/elf-ld.exe

Command:
  -TC:\\Users\\raza\\AppData\\Local\\Temp\\tmp000028cc.00 \
  -TC:\\Users\\raza\\AppData\\Local\\Temp\\tmp000028cc.01 \
  -TC:\\Users\\raza\\AppData\\Local\\Temp\\tmp000028cc.02 \
  -TC:\\Users\\raza\\AppData\\Local\\Temp\\tmp000028cc.03 \
  -TC:\\Users\\raza\\AppData\\Local\\Temp\\tmp000028cc.04 \
  -TC:\\Users\\raza\\AppData\\Local\\Temp\\tmp000028cc.05 \
  -TC:\\Users\\raza\\AppData\\Local\\Temp\\tmp000028cc.06 \
  -p33EP256GP506 \
  --mdfp=C:/Program Files/Microchip/MPLABX/v6.20/packs/Microchip/dsPIC33E-GM-GP-MC-GU-MU_DFP/1.5.258/xc16 \
  -o \
  dist/default/debug/Uarttest_DsPIC.X.debug.elf \
  -Lc:/program files/microchip/xc16/v2.10/bin/bin/.. \
  -LC:/Program Files/Microchip/MPLABX/v6.20/packs/Microchip/dsPIC33E-GM-GP-MC-GU-MU_DFP/1.5.258/xc16/bin/../support/PIC24E/gld \
  -LC:/Program Files/Microchip/MPLABX/v6.20/packs/Microchip/dsPIC33E-GM-GP-MC-GU-MU_DFP/1.5.258/xc16/bin/../support/dsPIC33E/gld \
  -Lc:/program files/microchip/xc16/v2.10/bin/bin/../../lib \
  -Lc:/program files/microchip/xc16/v2.10/bin/bin/../../support/PIC24E/gld \
  -Lc:/program files/microchip/xc16/v2.10/bin/bin/../../support/PIC24F/gld \
  -Lc:/program files/microchip/xc16/v2.10/bin/bin/../../support/PIC24H/gld \
  -Lc:/program files/microchip/xc16/v2.10/bin/bin/../../support/dsPIC30F/gld \
  -Lc:/program files/microchip/xc16/v2.10/bin/bin/../../support/dsPIC33C/gld \
  -Lc:/program files/microchip/xc16/v2.10/bin/bin/../../support/dsPIC33E/gld \
  -Lc:/program files/microchip/xc16/v2.10/bin/bin/../../support/dsPIC33F/gld \
  build/default/debug/mcc_generated_files/mcc.o \
  build/default/debug/mcc_generated_files/where_was_i.o \
  build/default/debug/mcc_generated_files/pin_manager.o \
  build/default/debug/mcc_generated_files/traps.o \
  build/default/debug/mcc_generated_files/reset.o \
  build/default/debug/mcc_generated_files/uart1.o \
  build/default/debug/mcc_generated_files/clock.o \
  build/default/debug/mcc_generated_files/interrupt_manager.o \
  build/default/debug/mcc_generated_files/system.o \
  build/default/debug/flash.o \
  build/default/debug/main.o \
  build/default/debug/nvmpic.o \
  build/default/debug/commands.o \
  --local-stack \
  --defsym=__MPLAB_BUILD=1 \
  --defsym=__MPLAB_DEBUG=1 \
  --defsym=__DEBUG=1 \
  --defsym=__MPLAB_DEBUGGER_PK3=1 \
  -Tp33EP256GP506.gld.07 \
  --stack=16 \
  --check-sections \
  --data-init \
  --pack-data \
  --handles \
  --isr \
  --no-gc-sections \
  --fill-upper=0 \
  --stackguard=16 \
  --no-force-link \
  --smart-io \
  -Map=dist/default/debug/Uarttest_DsPIC.X.debug.map \
  --report-mem \
  --memorysummary \
  dist/default/debug/memoryfile.xml \
  -start-group \
  --library=c99-pic30-elf \
  --library=m-elf \
  --library=c99-elf \
  -end-group \


Optional library libp33EP256GP506.a not found
Archive member included because of file (symbol)

c:/program files/microchip/xc16/v2.10/bin/bin/../../lib\libc99-pic30-elf.a(crt0_extendedep.o)
                              (__resetPRI)
c:/program files/microchip/xc16/v2.10/bin/bin/../../lib\libc99-pic30-elf.a(data_init_extended.o)
                              c:/program files/microchip/xc16/v2.10/bin/bin/../../lib\libc99-pic30-elf.a(crt0_extendedep.o) (__data_init_extended)
c:/program files/microchip/xc16/v2.10/bin/bin/../../lib\libc99-pic30-elf.a(crt_start_mode_normalep.Meo)
                              (__crt_start_mode_normal)
c:/program files/microchip/xc16/v2.10/bin/bin/../../lib\libc99-pic30-elf.a(fixunssfsi.EP_o)
                              build/default/debug/mcc_generated_files/uart1.o (___fixunssfsi)
c:/program files/microchip/xc16/v2.10/bin/bin/../../lib\libc99-pic30-elf.a(floatunsisf.EP_o)
                              build/default/debug/mcc_generated_files/uart1.o (___floatunsisf)
c:/program files/microchip/xc16/v2.10/bin/bin/../../lib\libc99-pic30-elf.a(funpack.EP_o)
                              c:/program files/microchip/xc16/v2.10/bin/bin/../../lib\libc99-pic30-elf.a(fixunssfsi.EP_o) (__funpack)
c:/program files/microchip/xc16/v2.10/bin/bin/../../lib\libc99-pic30-elf.a(udivsi3.EP_o)
                              build/default/debug/mcc_generated_files/uart1.o (___udivsi3)
c:/program files/microchip/xc16/v2.10/bin/bin/../../lib\libc99-pic30-elf.a(divsf3x.EP_o)
                              build/default/debug/mcc_generated_files/uart1.o (___divsf3)
c:/program files/microchip/xc16/v2.10/bin/bin/../../lib\libc99-pic30-elf.a(mulsf3x.EP_o)
                              build/default/debug/mcc_generated_files/uart1.o (___mulsf3)
c:/program files/microchip/xc16/v2.10/bin/bin/../../lib\libc99-pic30-elf.a(dnrmpackfx.EP_o)
                              c:/program files/microchip/xc16/v2.10/bin/bin/../../lib\libc99-pic30-elf.a(mulsf3x.EP_o) (__dnrmpackf)
c:/program files/microchip/xc16/v2.10/bin/bin/../../lib\libc99-pic30-elf.a(unpackdnrmfx.EP_o)
[...]
Memory Configuration

Name             Origin             Length             Attributes
data             0x001000           0x008000           a !xr
reset            0x000000           0x000004  
ivt              0x000004           0x0001fc  
program          0x000200           0x02adec           xr
FICD             0x02aff0           0x000002  
FPOR             0x02aff2           0x000002  
FWDT             0x02aff4           0x000002  
FOSC             0x02aff6           0x000002  
FOSCSEL          0x02aff8           0x000002  
FGS              0x02affa           0x000002  
FUID0            0x800ff8           0x000002  
FUID1            0x800ffa           0x000002  
FUID2            0x800ffc           0x000002  
FUID3            0x800ffe           0x000002  
*default*        0x000000           0xffffffff  

Linker script and memory map


reserve_data_0x1000
                    0x1000         0x1c
                    0x101c                  . = 0x1c
 *fill*             0x1000         0x1c00

reserve_data_0x101c
                    0x101c          0x2
                    0x101e                  . = 0x2
 *fill*             0x101c          0x200

reserve_data_0x101e
                    0x101e          0x2
                    0x1020                  . = 0x2
 *fill*             0x101e          0x200

reserve_data_0x1020
                    0x1020          0x2
                    0x1022                  . = 0x2
 *fill*             0x1020          0x200

reserve_data_0x1022
                    0x1022          0x2
                    0x1024                  . = 0x2
 *fill*             0x1022          0x200

reserve_data_0x1024
                    0x1024          0x4
                    0x1028                  . = 0x4
 *fill*             0x1024          0x400

reserve_data_0x1028
                    0x1028         0x28
                    0x1050                  . = 0x28
 *fill*             0x1028         0x2800
LOAD build/default/debug/mcc_generated_files/mcc.o
LOAD build/default/debug/mcc_generated_files/where_was_i.o
LOAD build/default/debug/mcc_generated_files/pin_manager.o
LOAD build/default/debug/mcc_generated_files/traps.o
LOAD build/default/debug/mcc_generated_files/reset.o
LOAD build/default/debug/mcc_generated_files/uart1.o
LOAD build/default/debug/mcc_generated_files/clock.o
LOAD build/default/debug/mcc_generated_files/interrupt_manager.o
LOAD build/default/debug/mcc_generated_files/system.o
LOAD build/default/debug/flash.o
LOAD build/default/debug/main.o
LOAD build/default/debug/nvmpic.o
LOAD build/default/debug/commands.o
                    0x0001                  __MPLAB_BUILD = 0x1
                    0x0001                  __MPLAB_DEBUG = 0x1
                    0x0001                  __DEBUG = 0x1
                    0x0001                  __MPLAB_DEBUGGER_PK3 = 0x1
LOAD p33EP256GP506
LOAD c:/program files/microchip/xc16/v2.10/bin/bin/../../lib\libfx-elf.a
                    0x2aff0                  __FICD = 0x2aff0
                    0x2aff2                  __FPOR = 0x2aff2
                    0x2aff4                  __FWDT = 0x2aff4
                    0x2aff6                  __FOSC = 0x2aff6
                    0x2aff8                  __FOSCSEL = 0x2aff8
                    0x2affa                  __FGS = 0x2affa
                    0x800ff8                  __FUID0 = 0x800ff8
                    0x800ffa                  __FUID1 = 0x800ffa
                    0x800ffc                  __FUID2 = 0x800ffc
                    0x800ffe                  __FUID3 = 0x800ffe
                    0x0200                  __CODE_BASE = 0x200
                    0x2adec                  __CODE_LENGTH = 0x2adec
                    0x0004                  __IVT_BASE = 0x4
                    0x1000                  __DATA_BASE = 0x1000
                    0x8000                  __DATA_LENGTH = 0x8000
                    0x5000                  __YDATA_BASE = 0x5000
                    0x9000                  __YDATA_END = 0x9000

.reset            0x000000          0x4
                  0x000000          0x2 SHORT 0x200 ABSOLUTE (__reset)
                  0x000001          0x2 SHORT 0x4
                  0x000002          0x2 SHORT 0x0 ((ABSOLUTE (__reset) >> 0x10) & 0x7f)
                  0x000003          0x2 SHORT 0x0

.text             0x000200       0x1d08
 *(.init)
 .init            0x000200         0x48 c:/program files/microchip/xc16/v2.10/bin/bin/../../lib\libc99-pic30-elf.a(crt0_extendedep.o)
                  0x000200                  __resetPRI
                  0x000200                  __reset
                  0x00023c                  __psv_init
 .init            0x000248         0xb2 c:/program files/microchip/xc16/v2.10/bin/bin/../../lib\libc99-pic30-elf.a(data_init_extended.o)
                  0x000248                  __data_init
                  0x000248                  __data_init_extended
 *(.user_init)
 *(.handle)
 *(.isr*)
 .isr.text        0x0002fa         0xee build/default/debug/mcc_generated_files/traps.o
                  0x0002fa                  __OscillatorFail
                  0x00031a                  __StackError
                  0x00033c                  __AddressError
                  0x00035c                  __MathError
                  0x00037c                  __DMACError
                  0x00039c                  __HardTrapError
                  0x0003bc                  __SoftTrapError
 .isr             0x0003e8          0x4 default_isr
                  0x0003e8                  __DefaultInterrupt
 *(.libc)
 *(.libm)
 *(.libdsp)
 *(.lib*)
 .libpic30_crt_start_mode
                  0x0003ec          0x2 c:/program files/microchip/xc16/v2.10/bin/bin/../../lib\libc99-pic30-elf.a(crt_start_mode_normalep.Meo)
                  0x0003ec                  __crt_start_mode
                  0x0003ec                  __crt_start_mode_normal
 .libm.fixunssfsi
                  0x0003ee         0x36 c:/program files/microchip/xc16/v2.10/bin/bin/../../lib\libc99-pic30-elf.a(fixunssfsi.EP_o)
                  0x0003ee                  ___fixunssfsi
 .libm.floatunsisf
                  0x000424          0x4 c:/program files/microchip/xc16/v2.10/bin/bin/../../lib\libc99-pic30-elf.a(floatunsisf.EP_o)
                  0x000424                  ___floatunsisf
 .libm.funpack    0x000428         0x2a c:/program files/microchip/xc16/v2.10/bin/bin/../../lib\libc99-pic30-elf.a(funpack.EP_o)
                  0x000428                  __funpack
 .libm.udivsi3    0x000452         0x20 c:/program files/microchip/xc16/v2.10/bin/bin/../../lib\libc99-pic30-elf.a(udivsi3.EP_o)
                  0x000452                  ___udivsi3
 .libmx           0x000472        0x1be c:/program files/microchip/xc16/v2.10/bin/bin/../../lib\libc99-pic30-elf.a(divsf3x.EP_o)
                  0x000472                  ___divsf3x
                  0x000472                  ___divsf3
                  0x000604                  __sdivf
 .libmx           0x000630        0x10c c:/program files/microchip/xc16/v2.10/bin/bin/../../lib\libc99-pic30-elf.a(mulsf3x.EP_o)
                  0x000630                  ___mulsf3x
                  0x000630                  ___mulsf3
 .libmx           0x00073c         0x54 c:/program files/microchip/xc16/v2.10/bin/bin/../../lib\libc99-pic30-elf.a(dnrmpackfx.EP_o)
                  0x00073c                  __dnrmpackf
 .libmx           0x000790         0x5e c:/program files/microchip/xc16/v2.10/bin/bin/../../lib\libc99-pic30-elf.a(unpackdnrmfx.EP_o)
                  0x000790                  __unpackdnrmf
 .libmx           0x0007ee         0x34 c:/program files/microchip/xc16/v2.10/bin/bin/../../lib\libc99-pic30-elf.a(typefx.EP_o)
                  0x0007ee                  __typef
 .libmx           0x000822         0x12 c:/program files/microchip/xc16/v2.10/bin/bin/../../lib\libc99-pic30-elf.a(propnanfx.EP_o)
                  0x000822                  __propnanf
 .libmx           0x000834         0xa6 c:/program files/microchip/xc16/v2.10/bin/bin/../../lib\libc99-pic30-elf.a(spackfx.EP_o)
                  0x000834                  __spackf
 .libmx           0x0008da         0x66 c:/program files/microchip/xc16/v2.10/bin/bin/../../lib\libc99-pic30-elf.a(unpackfx.EP_o)
                  0x0008da                  __unpackf
 .libm.floatundisf
                  0x000940         0x5e c:/program files/microchip/xc16/v2.10/bin/bin/../../lib\libc99-pic30-elf.a(floatundisf.EP_o)
                  0x000940                  ___floatundisf
 .libm.fpack      0x00099e         0x4c c:/program files/microchip/xc16/v2.10/bin/bin/../../lib\libc99-pic30-elf.a(fpack.EP_o)
                  0x00099e                  __fpack
 .libc.__wrap_sprintf
                  0x0009ea          0xc c:/program files/microchip/xc16/v2.10/bin/bin/../../lib\libc99-elf.a(__sio_sprintf_doux.EP_o)
                  0x0009ea                  __sprintf_cdnopuxX
                  0x0009ea                  __dsprintf_cdnopuxX
 .libc.__sio_sprintf_doux
                  0x0009f6          0xe c:/program files/microchip/xc16/v2.10/bin/bin/../../lib\libc99-elf.a(__sio_sprintf_doux.EP_o)
                  0x0009f6                  ___sio_sprintf_doux
 .libc.strcmp     0x000a04         0x16 c:/program files/microchip/xc16/v2.10/bin/bin/../../lib\libc99-elf.a(strcmp.EP_o)
                  0x000a04                  _strcmp
 .libc.strncmp    0x000a1a         0x2a c:/program files/microchip/xc16/v2.10/bin/bin/../../lib\libc99-elf.a(strncmp.EP_o)
                  0x000a1a                  _strncmp
 .libc.strtox     0x000a44         0x52 c:/program files/microchip/xc16/v2.10/bin/bin/../../lib\libc99-elf.a(strtol.EP_o)
 .libc.strtoull
                  0x000a96          0x8 c:/program files/microchip/xc16/v2.10/bin/bin/../../lib\libc99-elf.a(strtol.EP_o)
                  0x000a96                  ___strtoull_internal
                  0x000a96                  _strtoull
 .libc.strtoll    0x000a9e          0x8 c:/program files/microchip/xc16/v2.10/bin/bin/../../lib\libc99-elf.a(strtol.EP_o)
                  0x000a9e                  _strtoll
                  0x000a9e                  ___strtoll_internal
 .libc.strtoul    0x000aa6          0x8 c:/program files/microchip/xc16/v2.10/bin/bin/../../lib\libc99-elf.a(strtol.EP_o)
                  0x000aa6                  _strtoul
                  0x000aa6                  ___strtoul_internal
 .libc.strtol     0x000aae          0x8 c:/program files/microchip/xc16/v2.10/bin/bin/../../lib\libc99-elf.a(strtol.EP_o)
                  0x000aae                  _strtol
                  0x000aae                  ___strtol_internal
 .libc.strtoimax
                  0x000ab6          0x2 c:/program files/microchip/xc16/v2.10/bin/bin/../../lib\libc99-elf.a(strtol.EP_o)
                  0x000ab6                  ___strtoimax_internal
                  0x000ab6                  _strtoimax
 .libc.strtoumax
                  0x000ab8          0x2 c:/program files/microchip/xc16/v2.10/bin/bin/../../lib\libc99-elf.a(strtol.EP_o)
                  0x000ab8                  _strtoumax
                  0x000ab8                  ___strtoumax_internal
 .libc.__fmt_d    0x000aba         0xb8 c:/program files/microchip/xc16/v2.10/bin/bin/../../lib\libc99-elf.a(__fmt_d.EP_o)
                  0x000aba                  ___fmt_d
                  0x000aba                  ___fmt_d_needed
 .libc.__fmt_o    0x000b72         0x72 c:/program files/microchip/xc16/v2.10/bin/bin/../../lib\libc99-elf.a(__fmt_o.EP_o)
                  0x000b72                  ___fmt_o
                  0x000b72                  ___fmt_o_needed
 .libc.__fmt_s    0x000be4         0x54 c:/program files/microchip/xc16/v2.10/bin/bin/../../lib\libc99-elf.a(__fmt_s.EP_o)
                  0x000be4                  ___fmt_0_needed
                  0x000be4                  ___fmt_s_needed
                  0x000be4                  ___fmt_s
 .libc.__cvt_u    0x000c38         0xa6 c:/program files/microchip/xc16/v2.10/bin/bin/../../lib\libc99-elf.a(__fmt_u.EP_o)
                  0x000c38                  ___cvt_u
 .libc.__fmt_u    0x000cde         0x56 c:/program files/microchip/xc16/v2.10/bin/bin/../../lib\libc99-elf.a(__fmt_u.EP_o)
                  0x000cde                  ___fmt_u
                  0x000cde                  ___fmt_u_needed
 .libc.__fmt_x    0x000d34        0x15e c:/program files/microchip/xc16/v2.10/bin/bin/../../lib\libc99-elf.a(__fmt_x.EP_o)
                  0x000d34                  ___fmt_x_needed
                  0x000d34                  ___fmt_x
 .libc.__vsprintf
                  0x000e92          0x8 c:/program files/microchip/xc16/v2.10/bin/bin/../../lib\libc99-elf.a(__int_vsprintf.EP_o)
                  0x000e92                  ___vsprintf
 .libc.__pop_int
                  0x000e9a         0xb0 c:/program files/microchip/xc16/v2.10/bin/bin/../../lib\libc99-elf.a(__pop_int.EP_o)
                  0x000e9a                  ___pop_int
                  0x000e9a                  ___pop_int_needed
 .libc.__pop_ptr
                  0x000f4a         0x70 c:/program files/microchip/xc16/v2.10/bin/bin/../../lib\libc99-elf.a(__pop_ptr.EP_o)
                  0x000f4a                  ___pop_ptr_needed
                  0x000f4a                  ___pop_ptr
 .libc.__string_out
                  0x000fba         0x26 c:/program files/microchip/xc16/v2.10/bin/bin/../../lib\libc99-elf.a(__printf_core.EP_o)
                  0x000fba                  ___out
 .libc.__pad      0x000fe0         0x74 c:/program files/microchip/xc16/v2.10/bin/bin/../../lib\libc99-elf.a(__printf_core.EP_o)
                  0x000fe0                  ___pad
 .libc.__dummy_fmt3
                  0x001054          0x2 c:/program files/microchip/xc16/v2.10/bin/bin/../../lib\libc99-elf.a(__printf_core.EP_o)
 .libc.__dummy_fmt4
                  0x001056          0x2 c:/program files/microchip/xc16/v2.10/bin/bin/../../lib\libc99-elf.a(__printf_core.EP_o)
                  0x001056                  ___fmt_fp
                  0x001056                  ___fmt_a
 .libc.__dummy_fmts
                  0x001058          0x2 c:/program files/microchip/xc16/v2.10/bin/bin/../../lib\libc99-elf.a(__printf_core.EP_o)
 .libc.__fmt_state
                  0x00105a         0x32 c:/program files/microchip/xc16/v2.10/bin/bin/../../lib\libc99-elf.a(__printf_core.EP_o)
                  0x00105a                  ___fmt_state
 .libc.vfpfcnvrt.clone.0
                  0x00108c        0x2d8 c:/program files/microchip/xc16/v2.10/bin/bin/../../lib\libc99-elf.a(__printf_core.EP_o)
 .libc.__printf_core
                  0x001364         0x40 c:/program files/microchip/xc16/v2.10/bin/bin/../../lib\libc99-elf.a(__printf_core.EP_o)
                  0x001364                  ___printf_core
 .libc.__isspace
                  0x0013a4         0x14 c:/program files/microchip/xc16/v2.10/bin/bin/../../lib\libc99-elf.a(atoi.EP_o)
 .libc.atoi       0x0013b8         0x4c c:/program files/microchip/xc16/v2.10/bin/bin/../../lib\libc99-elf.a(atoi.EP_o)
                  0x0013b8                  _atoi
 .libc.__isspace
                  0x001404         0x14 c:/program files/microchip/xc16/v2.10/bin/bin/../../lib\libc99-elf.a(intscan.EP_o)
 .libc.__intscan
                  0x001418        0x436 c:/program files/microchip/xc16/v2.10/bin/bin/../../lib\libc99-elf.a(intscan.EP_o)
                  0x001418                  ___intscan
 .libc.memcpy     0x00184e          0xe c:/program files/microchip/xc16/v2.10/bin/bin/../../lib\libc99-elf.a(memcpy.EP_o)
                  0x00184e                  _memcpy
 .libc.memset     0x00185c         0xc8 c:/program files/microchip/xc16/v2.10/bin/bin/../../lib\libc99-elf.a(memset.EP_o)
                  0x00185c                  _memset
 .libc.__shlim    0x001924         0x4a c:/program files/microchip/xc16/v2.10/bin/bin/../../lib\libc99-elf.a(shgetc.EP_o)
                  0x001924                  ___shlim
 .libc.__shgetc
                  0x00196e        0x130 c:/program files/microchip/xc16/v2.10/bin/bin/../../lib\libc99-elf.a(shgetc.EP_o)
                  0x00196e                  ___shgetc
 .libc.strlen     0x001a9e         0x30 c:/program files/microchip/xc16/v2.10/bin/bin/../../lib\libc99-elf.a(strlen.EP_o)
                  0x001a9e                  _strlen
 .libc.tolower    0x001ace          0xc c:/program files/microchip/xc16/v2.10/bin/bin/../../lib\libc99-elf.a(tolower.EP_o)
                  0x001ace                  _tolower
 .libc.__tolower_l
                  0x001ada          0x2 c:/program files/microchip/xc16/v2.10/bin/bin/../../lib\libc99-elf.a(tolower.EP_o)
                  0x001ada                  ___tolower_l
                  0x001ada                  _tolower_l
 .libc.toupper    0x001adc          0xc c:/program files/microchip/xc16/v2.10/bin/bin/../../lib\libc99-elf.a(toupper.EP_o)
                  0x001adc                  _toupper
 .libc.__toupper_l
                  0x001ae8          0x2 c:/program files/microchip/xc16/v2.10/bin/bin/../../lib\libc99-elf.a(toupper.EP_o)
                  0x001ae8                  ___toupper_l
                  0x001ae8                  _toupper_l
 .libc.__vsnprintf
                  0x001aea         0x4a c:/program files/microchip/xc16/v2.10/bin/bin/../../lib\libc99-elf.a(__int_vsnprintf.EP_o)
                  0x001aea                  ___vsnprintf
 .libc.__pop_float
                  0x001b34         0x44 c:/program files/microchip/xc16/v2.10/bin/bin/../../lib\libc99-elf.a(__pop_float.EP_o)
                  0x001b34                  ___pop_float
                  0x001b34                  ___pop_float_needed
 .libc.__uflow    0x001b78         0x2a c:/program files/microchip/xc16/v2.10/bin/bin/../../lib\libc99-elf.a(__uflow.EP_o)
                  0x001b78                  ___uflow
 .libc.__vfprintf
                  0x001ba2         0x1c c:/program files/microchip/xc16/v2.10/bin/bin/../../lib\libc99-elf.a(__int_vfprintf.EP_o)
                  0x001ba2                  ___vfprintf
 .libc.__toread
                  0x001bbe         0x48 c:/program files/microchip/xc16/v2.10/bin/bin/../../lib\libc99-elf.a(__toread.EP_o)
                  0x001bbe                  ___toread
 .libc.__toread_needs_stdio_exit
                  0x001c06          0x2 c:/program files/microchip/xc16/v2.10/bin/bin/../../lib\libc99-elf.a(__toread.EP_o)
                  0x001c06                  ___toread_needs_stdio_exit
 .libc.__dummy    0x001c08          0x2 c:/program files/microchip/xc16/v2.10/bin/bin/../../lib\libc99-elf.a(__stdio_exit.EP_o)
                  0x001c08                  ___stdio_exit_ofl
 .libc.__dummy1
                  0x001c0a          0x2 c:/program files/microchip/xc16/v2.10/bin/bin/../../lib\libc99-elf.a(__stdio_exit.EP_o)
                  0x001c0a                  ___fclose
 .libc.__stdio_exit
                  0x001c0c         0x14 c:/program files/microchip/xc16/v2.10/bin/bin/../../lib\libc99-elf.a(__stdio_exit.EP_o)
                  0x001c0c                  ___stdio_exit_needed
                  0x001c0c                  ___stdio_exit
 .libm.extendsfdf2
                  0x001c20         0x3e c:/program files/microchip/xc16/v2.10/bin/bin/../../lib\libc99-pic30-elf.a(extendsfdf.EP_o)
                  0x001c20                  ___extendsfdf2
 .libm.mulsi3     0x001c5e          0xc c:/program files/microchip/xc16/v2.10/bin/bin/../../lib\libc99-pic30-elf.a(mulsi3.EP_o)
                  0x001c5e                  ___mulp32peds3
                  0x001c5e                  ___mulsi3
                  0x001c5e                  ___mulp32eds3
 .libm.__PplusBdi
                  0x001c6a         0x26 c:/program files/microchip/xc16/v2.10/bin/bin/../../lib\libc99-pic30-elf.a(divmoddi3.EP_o)
 .libm.__PminusBdi
                  0x001c90         0x2a c:/program files/microchip/xc16/v2.10/bin/bin/../../lib\libc99-pic30-elf.a(divmoddi3.EP_o)
 .libm.__udivmoddi3
                  0x001cba         0xe6 c:/program files/microchip/xc16/v2.10/bin/bin/../../lib\libc99-pic30-elf.a(divmoddi3.EP_o)
                  0x001cba                  ___udivmoddi3
 .libm.__udivdi3
                  0x001da0          0xe c:/program files/microchip/xc16/v2.10/bin/bin/../../lib\libc99-pic30-elf.a(divmoddi3.EP_o)
                  0x001da0                  ___udivdi3
 .libm.__umoddi3
                  0x001dae          0x8 c:/program files/microchip/xc16/v2.10/bin/bin/../../lib\libc99-pic30-elf.a(divmoddi3.EP_o)
                  0x001dae                  ___umoddi3
 .libm.__divdi3
                  0x001db6         0x60 c:/program files/microchip/xc16/v2.10/bin/bin/../../lib\libc99-pic30-elf.a(divmoddi3.EP_o)
                  0x001db6                  ___divdi3
 .libm.__moddi3
                  0x001e16         0x5c c:/program files/microchip/xc16/v2.10/bin/bin/../../lib\libc99-pic30-elf.a(divmoddi3.EP_o)
                  0x001e16                  ___moddi3
 .libm.__muldi3
                  0x001e72         0x52 c:/program files/microchip/xc16/v2.10/bin/bin/../../lib\libc99-pic30-elf.a(muldi3.EP_o)
                  0x001e72                  ___muldi3
 .libm.umuldi3    0x001ec4         0x44 c:/program files/microchip/xc16/v2.10/bin/bin/../../lib\libc99-pic30-elf.a(umuldi3.EP_o)
                  0x001ec4                  ___umuldi3

usercode
 *(usercode)

__FICD
 *(__FICD.sec*)

__FPOR
 *(__FPOR.sec*)

__FWDT
 *(__FWDT.sec*)

__FOSC
 *(__FOSC.sec*)

__FOSCSEL
 *(__FOSCSEL.sec*)

__FGS             0x02affa          0x2
 *(__FGS.sec*)
 __FGS.sec        0x02affa          0x2 /CW/_FGS@D~
                  0x02affa                  __FGS.sec

__FUID0
 *(__FUID0.sec*)

__FUID1
 *(__FUID1.sec*)

__FUID2
 *(__FUID2.sec*)

__FUID3
 *(__FUID3.sec*)

.comment
 *(.comment)

.debug_info       0x000000       0x4396
 *(.debug_info)
 .debug_info      0x000000         0xb6 build/default/debug/mcc_generated_files/where_was_i.o
 .debug_info      0x0000b6        0x953 build/default/debug/mcc_generated_files/pin_manager.o
 .debug_info      0x000a09        0x60a build/default/debug/mcc_generated_files/traps.o
 .debug_info      0x001013        0x4b3 build/default/debug/mcc_generated_files/reset.o
 .debug_info      0x0014c6        0x954 build/default/debug/mcc_generated_files/uart1.o
 .debug_info      0x001e1a        0x2b3 build/default/debug/mcc_generated_files/clock.o
 .debug_info      0x0020cd        0x17f build/default/debug/mcc_generated_files/interrupt_manager.o
 .debug_info      0x00224c        0x535 build/default/debug/mcc_generated_files/system.o
 .debug_info      0x002781         0x9c build/default/debug/flash.o
 .debug_info      0x00281d        0x2d3 build/default/debug/main.o
 .debug_info      0x002af0        0x75b build/default/debug/nvmpic.o
 .debug_info      0x00324b        0x759 build/default/debug/commands.o
 .debug_info      0x0039a4         0x90 c:/program files/microchip/xc16/v2.10/bin/bin/../../lib\libc99-pic30-elf.a(fixunssfsi.EP_o)
 .debug_info      0x003a34         0x91 c:/program files/microchip/xc16/v2.10/bin/bin/../../lib\libc99-pic30-elf.a(floatunsisf.EP_o)
 .debug_info      0x003ac5         0x8d c:/program files/microchip/xc16/v2.10/bin/bin/../../lib\libc99-pic30-elf.a(funpack.EP_o)
 .debug_info      0x003b52         0x8d c:/program files/microchip/xc16/v2.10/bin/bin/../../lib\libc99-pic30-elf.a(udivsi3.EP_o)
 .debug_info      0x003bdf         0x9d c:/program files/microchip/xc16/v2.10/bin/bin/../../lib\libc99-pic30-elf.a(divsf3x.EP_o)
 .debug_info      0x003c7c         0x9d c:/program files/microchip/xc16/v2.10/bin/bin/../../lib\libc99-pic30-elf.a(mulsf3x.EP_o)
 .debug_info      0x003d19         0xa0 c:/program files/microchip/xc16/v2.10/bin/bin/../../lib\libc99-pic30-elf.a(dnrmpackfx.EP_o)
 .debug_info      0x003db9         0xa2 c:/program files/microchip/xc16/v2.10/bin/bin/../../lib\libc99-pic30-elf.a(unpackdnrmfx.EP_o)
 .debug_info      0x003e5b         0x9c c:/program files/microchip/xc16/v2.10/bin/bin/../../lib\libc99-pic30-elf.a(typefx.EP_o)
 .debug_info      0x003ef7         0x9f c:/program files/microchip/xc16/v2.10/bin/bin/../../lib\libc99-pic30-elf.a(propnanfx.EP_o)
 .debug_info      0x003f96         0x9d c:/program files/microchip/xc16/v2.10/bin/bin/../../lib\libc99-pic30-elf.a(spackfx.EP_o)
 .debug_info      0x004033         0x9e c:/program files/microchip/xc16/v2.10/bin/bin/../../lib\libc99-pic30-elf.a(unpackfx.EP_o)
 .debug_info      0x0040d1         0x91 c:/program files/microchip/xc16/v2.10/bin/bin/../../lib\libc99-pic30-elf.a(floatundisf.EP_o)
 .debug_info      0x004162         0x8b c:/program files/microchip/xc16/v2.10/bin/bin/../../lib\libc99-pic30-elf.a(fpack.EP_o)
 .debug_info      0x0041ed         0x90 c:/program files/microchip/xc16/v2.10/bin/bin/../../lib\libc99-pic30-elf.a(extendsfdf.EP_o)
 .debug_info      0x00427d         0x8c c:/program files/microchip/xc16/v2.10/bin/bin/../../lib\libc99-pic30-elf.a(mulsi3.EP_o)
 .debug_info      0x004309         0x8d c:/program files/microchip/xc16/v2.10/bin/bin/../../lib\libc99-pic30-elf.a(umuldi3.EP_o)
 *(.gnu.linkonce.wi.*)

.debug_abbrev     0x000000        0xaf2
 *(.debug_abbrev)
 .debug_abbrev    0x000000          0x1 build/default/debug/mcc_generated_files/mcc.o
 .debug_abbrev    0x000001         0x14 build/default/debug/mcc_generated_files/where_was_i.o
 .debug_abbrev    0x000015         0xc5 build/default/debug/mcc_generated_files/pin_manager.o
 .debug_abbrev    0x0000da        0x10d build/default/debug/mcc_generated_files/traps.o
 .debug_abbrev    0x0001e7         0xf6 build/default/debug/mcc_generated_files/reset.o
 .debug_abbrev    0x0002dd        0x13b build/default/debug/mcc_generated_files/uart1.o
 .debug_abbrev    0x000418         0x59 build/default/debug/mcc_generated_files/clock.o
 .debug_abbrev    0x000471         0x34 build/default/debug/mcc_generated_files/interrupt_manager.o
 .debug_abbrev    0x0004a5        0x114 build/default/debug/mcc_generated_files/system.o
 .debug_abbrev    0x0005b9         0x14 build/default/debug/flash.o
 .debug_abbrev    0x0005cd         0xf8 build/default/debug/main.o
 .debug_abbrev    0x0006c5        0x189 build/default/debug/nvmpic.o
 .debug_abbrev    0x00084e        0x150 build/default/debug/commands.o
 .debug_abbrev    0x00099e         0x14 c:/program files/microchip/xc16/v2.10/bin/bin/../../lib\libc99-pic30-elf.a(fixunssfsi.EP_o)
 .debug_abbrev    0x0009b2         0x14 c:/program files/microchip/xc16/v2.10/bin/bin/../../lib\libc99-pic30-elf.a(floatunsisf.EP_o)
 .debug_abbrev    0x0009c6         0x14 c:/program files/microchip/xc16/v2.10/bin/bin/../../lib\libc99-pic30-elf.a(funpack.EP_o)
 .debug_abbrev    0x0009da         0x14 c:/program files/microchip/xc16/v2.10/bin/bin/../../lib\libc99-pic30-elf.a(udivsi3.EP_o)
 .debug_abbrev    0x0009ee         0x14 c:/program files/microchip/xc16/v2.10/bin/bin/../../lib\libc99-pic30-elf.a(divsf3x.EP_o)
 .debug_abbrev    0x000a02         0x14 c:/program files/microchip/xc16/v2.10/bin/bin/../../lib\libc99-pic30-elf.a(mulsf3x.EP_o)
 .debug_abbrev    0x000a16         0x14 c:/program files/microchip/xc16/v2.10/bin/bin/../../lib\libc99-pic30-elf.a(dnrmpackfx.EP_o)
 .debug_abbrev    0x000a2a         0x14 c:/program files/microchip/xc16/v2.10/bin/bin/../../lib\libc99-pic30-elf.a(unpackdnrmfx.EP_o)
 .debug_abbrev    0x000a3e         0x14 c:/program files/microchip/xc16/v2.10/bin/bin/../../lib\libc99-pic30-elf.a(typefx.EP_o)
 .debug_abbrev    0x000a52         0x14 c:/program files/microchip/xc16/v2.10/bin/bin/../../lib\libc99-pic30-elf.a(propnanfx.EP_o)
 .debug_abbrev    0x000a66         0x14 c:/program files/microchip/xc16/v2.10/bin/bin/../../lib\libc99-pic30-elf.a(spackfx.EP_o)
 .debug_abbrev    0x000a7a         0x14 c:/program files/microchip/xc16/v2.10/bin/bin/../../lib\libc99-pic30-elf.a(unpackfx.EP_o)
 .debug_abbrev    0x000a8e         0x14 c:/program files/microchip/xc16/v2.10/bin/bin/../../lib\libc99-pic30-elf.a(floatundisf.EP_o)
 .debug_abbrev    0x000aa2         0x14 c:/program files/microchip/xc16/v2.10/bin/bin/../../lib\libc99-pic30-elf.a(fpack.EP_o)
 .debug_abbrev    0x000ab6         0x14 c:/program files/microchip/xc16/v2.10/bin/bin/../../lib\libc99-pic30-elf.a(extendsfdf.EP_o)
 .debug_abbrev    0x000aca         0x14 c:/program files/microchip/xc16/v2.10/bin/bin/../../lib\libc99-pic30-elf.a(mulsi3.EP_o)
 .debug_abbrev    0x000ade         0x14 c:/program files/microchip/xc16/v2.10/bin/bin/../../lib\libc99-pic30-elf.a(umuldi3.EP_o)

.debug_line       0x000000       0x15ae
 *(.debug_line)
 .debug_line      0x000000         0x1a build/default/debug/mcc_generated_files/mcc.o
 .debug_line      0x00001a         0x55 build/default/debug/mcc_generated_files/where_was_i.o
 .debug_line      0x00006f        0x159 build/default/debug/mcc_generated_files/pin_manager.o
 .debug_line      0x0001c8        0x169 build/default/debug/mcc_generated_files/traps.o
 .debug_line      0x000331        0x172 build/default/debug/mcc_generated_files/reset.o
 .debug_line      0x0004a3        0x186 build/default/debug/mcc_generated_files/uart1.o
 .debug_line      0x000629        0x131 build/default/debug/mcc_generated_files/clock.o
 .debug_line      0x00075a         0x55 build/default/debug/mcc_generated_files/interrupt_manager.o
 .debug_line      0x0007af        0x171 build/default/debug/mcc_generated_files/system.o
 .debug_line      0x000920         0xbd build/default/debug/flash.o
 .debug_line      0x0009dd        0x11d build/default/debug/main.o
 .debug_line      0x000afa        0x14d build/default/debug/nvmpic.o
 .debug_line      0x000c47        0x1e4 build/default/debug/commands.o
 .debug_line      0x000e2b         0x53 c:/program files/microchip/xc16/v2.10/bin/bin/../../lib\libc99-pic30-elf.a(fixunssfsi.EP_o)
 .debug_line      0x000e7e         0x3b c:/program files/microchip/xc16/v2.10/bin/bin/../../lib\libc99-pic30-elf.a(floatunsisf.EP_o)
 .debug_line      0x000eb9         0x4a c:/program files/microchip/xc16/v2.10/bin/bin/../../lib\libc99-pic30-elf.a(funpack.EP_o)
 .debug_line      0x000f03         0x45 c:/program files/microchip/xc16/v2.10/bin/bin/../../lib\libc99-pic30-elf.a(udivsi3.EP_o)
 .debug_line      0x000f48        0x124 c:/program files/microchip/xc16/v2.10/bin/bin/../../lib\libc99-pic30-elf.a(divsf3x.EP_o)
 .debug_line      0x00106c         0xcc c:/program files/microchip/xc16/v2.10/bin/bin/../../lib\libc99-pic30-elf.a(mulsf3x.EP_o)
 .debug_line      0x001138         0x72 c:/program files/microchip/xc16/v2.10/bin/bin/../../lib\libc99-pic30-elf.a(dnrmpackfx.EP_o)
 .debug_line      0x0011aa         0x7a c:/program files/microchip/xc16/v2.10/bin/bin/../../lib\libc99-pic30-elf.a(unpackdnrmfx.EP_o)
 .debug_line      0x001224         0x5e c:/program files/microchip/xc16/v2.10/bin/bin/../../lib\libc99-pic30-elf.a(typefx.EP_o)
 .debug_line      0x001282         0x51 c:/program files/microchip/xc16/v2.10/bin/bin/../../lib\libc99-pic30-elf.a(propnanfx.EP_o)
 .debug_line      0x0012d3         0x98 c:/program files/microchip/xc16/v2.10/bin/bin/../../lib\libc99-pic30-elf.a(spackfx.EP_o)
 .debug_line      0x00136b         0x79 c:/program files/microchip/xc16/v2.10/bin/bin/../../lib\libc99-pic30-elf.a(unpackfx.EP_o)
 .debug_line      0x0013e4         0x1a c:/program files/microchip/xc16/v2.10/bin/bin/../../lib\libc99-pic30-elf.a(errno.EP_o)
 .debug_line      0x0013fe         0x6c c:/program files/microchip/xc16/v2.10/bin/bin/../../lib\libc99-pic30-elf.a(floatundisf.EP_o)
 .debug_line      0x00146a         0x5a c:/program files/microchip/xc16/v2.10/bin/bin/../../lib\libc99-pic30-elf.a(fpack.EP_o)
 .debug_line      0x0014c4         0x59 c:/program files/microchip/xc16/v2.10/bin/bin/../../lib\libc99-pic30-elf.a(extendsfdf.EP_o)
 .debug_line      0x00151d         0x3a c:/program files/microchip/xc16/v2.10/bin/bin/../../lib\libc99-pic30-elf.a(mulsi3.EP_o)
 .debug_line      0x001557         0x57 c:/program files/microchip/xc16/v2.10/bin/bin/../../lib\libc99-pic30-elf.a(umuldi3.EP_o)

.debug_frame      0x000000        0x7c2
 *(.debug_frame)
 .debug_frame     0x000000         0x2e build/default/debug/mcc_generated_files/pin_manager.o
 .debug_frame     0x00002e        0x1fa build/default/debug/mcc_generated_files/traps.o
 .debug_frame     0x000228        0x118 build/default/debug/mcc_generated_files/reset.o
 .debug_frame     0x000340        0x188 build/default/debug/mcc_generated_files/uart1.o
 .debug_frame     0x0004c8         0x2e build/default/debug/mcc_generated_files/clock.o
 .debug_frame     0x0004f6         0x2e build/default/debug/mcc_generated_files/interrupt_manager.o
 .debug_frame     0x000524         0x62 build/default/debug/mcc_generated_files/system.o
 .debug_frame     0x000586         0x48 build/default/debug/main.o
 .debug_frame     0x0005ce        0x136 build/default/debug/nvmpic.o
 .debug_frame     0x000704         0xbe build/default/debug/commands.o

.debug_str        0x000000        0x16c
 *(.debug_str)
 .debug_str       0x000000         0x16 build/default/debug/mcc_generated_files/pin_manager.o
 .debug_str       0x000016         0x24 build/default/debug/mcc_generated_files/traps.o
 .debug_str       0x00003a         0x17 build/default/debug/mcc_generated_files/reset.o
 .debug_str       0x000051         0x15 build/default/debug/mcc_generated_files/uart1.o
 .debug_str       0x000066          0xc build/default/debug/mcc_generated_files/system.o
 .debug_str       0x000072          0xc build/default/debug/main.o
 .debug_str       0x00007e         0x6b build/default/debug/nvmpic.o
 .debug_str       0x0000e9         0x83 build/default/debug/commands.o

.debug_loc
 *(.debug_loc)

.debug_macinfo
 *(.debug_macinfo)

.debug_pubnames
                  0x000000        0x551
 *(.debug_pubnames)
 .debug_pubnames
                  0x000000         0x2d build/default/debug/mcc_generated_files/pin_manager.o
 .debug_pubnames
                  0x00002d         0xa4 build/default/debug/mcc_generated_files/traps.o
 .debug_pubnames
                  0x0000d1         0x54 build/default/debug/mcc_generated_files/reset.o
 .debug_pubnames
                  0x000125        0x129 build/default/debug/mcc_generated_files/uart1.o
 .debug_pubnames
                  0x00024e         0x27 build/default/debug/mcc_generated_files/clock.o
 .debug_pubnames
                  0x000275         0x2b build/default/debug/mcc_generated_files/interrupt_manager.o
 .debug_pubnames
                  0x0002a0         0x28 build/default/debug/mcc_generated_files/system.o
 .debug_pubnames
                  0x0002c8         0x38 build/default/debug/main.o
 .debug_pubnames
                  0x000300        0x119 build/default/debug/nvmpic.o
 .debug_pubnames
                  0x000419        0x138 build/default/debug/commands.o

.debug_ranges
 *(.debug_ranges)

.debug_aranges    0x000000        0x350
 *(.debug_aranges)
 .debug_aranges
                  0x000000         0x20 build/default/debug/mcc_generated_files/where_was_i.o
 .debug_aranges
                  0x000020         0x18 build/default/debug/mcc_generated_files/pin_manager.o
 .debug_aranges
                  0x000038         0x18 build/default/debug/mcc_generated_files/traps.o
 .debug_aranges
                  0x000050         0x18 build/default/debug/mcc_generated_files/reset.o
 .debug_aranges
                  0x000068         0x18 build/default/debug/mcc_generated_files/uart1.o
 .debug_aranges
                  0x000080         0x18 build/default/debug/mcc_generated_files/clock.o
 .debug_aranges
                  0x000098         0x18 build/default/debug/mcc_generated_files/interrupt_manager.o
 .debug_aranges
                  0x0000b0         0x18 build/default/debug/mcc_generated_files/system.o
 .debug_aranges
                  0x0000c8         0x20 build/default/debug/flash.o
 .debug_aranges
                  0x0000e8         0x18 build/default/debug/main.o
 .debug_aranges
                  0x000100         0x18 build/default/debug/nvmpic.o
 .debug_aranges
                  0x000118         0x18 build/default/debug/commands.o
 .debug_aranges
                  0x000130         0x20 c:/program files/microchip/xc16/v2.10/bin/bin/../../lib\libc99-pic30-elf.a(fixunssfsi.EP_o)
 .debug_aranges
                  0x000150         0x20 c:/program files/microchip/xc16/v2.10/bin/bin/../../lib\libc99-pic30-elf.a(floatunsisf.EP_o)
 .debug_aranges
                  0x000170         0x20 c:/program files/microchip/xc16/v2.10/bin/bin/../../lib\libc99-pic30-elf.a(funpack.EP_o)
 .debug_aranges
                  0x000190         0x20 c:/program files/microchip/xc16/v2.10/bin/bin/../../lib\libc99-pic30-elf.a(udivsi3.EP_o)
 .debug_aranges
                  0x0001b0         0x20 c:/program files/microchip/xc16/v2.10/bin/bin/../../lib\libc99-pic30-elf.a(divsf3x.EP_o)
 .debug_aranges
                  0x0001d0         0x20 c:/program files/microchip/xc16/v2.10/bin/bin/../../lib\libc99-pic30-elf.a(mulsf3x.EP_o)
 .debug_aranges
                  0x0001f0         0x20 c:/program files/microchip/xc16/v2.10/bin/bin/../../lib\libc99-pic30-elf.a(dnrmpackfx.EP_o)
 .debug_aranges
                  0x000210         0x20 c:/program files/microchip/xc16/v2.10/bin/bin/../../lib\libc99-pic30-elf.a(unpackdnrmfx.EP_o)
 .debug_aranges
                  0x000230         0x20 c:/program files/microchip/xc16/v2.10/bin/bin/../../lib\libc99-pic30-elf.a(typefx.EP_o)
 .debug_aranges
                  0x000250         0x20 c:/program files/microchip/xc16/v2.10/bin/bin/../../lib\libc99-pic30-elf.a(propnanfx.EP_o)
 .debug_aranges
                  0x000270         0x20 c:/program files/microchip/xc16/v2.10/bin/bin/../../lib\libc99-pic30-elf.a(spackfx.EP_o)
 .debug_aranges
                  0x000290         0x20 c:/program files/microchip/xc16/v2.10/bin/bin/../../lib\libc99-pic30-elf.a(unpackfx.EP_o)
 .debug_aranges
                  0x0002b0         0x20 c:/program files/microchip/xc16/v2.10/bin/bin/../../lib\libc99-pic30-elf.a(floatundisf.EP_o)
 .debug_aranges
                  0x0002d0         0x20 c:/program files/microchip/xc16/v2.10/bin/bin/../../lib\libc99-pic30-elf.a(fpack.EP_o)
 .debug_aranges
                  0x0002f0         0x20 c:/program files/microchip/xc16/v2.10/bin/bin/../../lib\libc99-pic30-elf.a(extendsfdf.EP_o)
 .debug_aranges
                  0x000310         0x20 c:/program files/microchip/xc16/v2.10/bin/bin/../../lib\libc99-pic30-elf.a(mulsi3.EP_o)
 .debug_aranges
                  0x000330         0x20 c:/program files/microchip/xc16/v2.10/bin/bin/../../lib\libc99-pic30-elf.a(umuldi3.EP_o)
                    0x0000                  WREG0 = 0x0
                    0x0000                  _WREG0 = 0x0
                    0x0002                  WREG1 = 0x2
                    0x0002                  _WREG1 = 0x2
                    0x0004                  WREG2 = 0x4
                    0x0004                  _WREG2 = 0x4
                    0x0006                  WREG3 = 0x6
                    0x0006                  _WREG3 = 0x6
                    0x0008                  WREG4 = 0x8
                    0x0008                  _WREG4 = 0x8
                    0x000a                  WREG5 = 0xa
                    0x000a                  _WREG5 = 0xa
                    0x000c                  WREG6 = 0xc
                    0x000c                  _WREG6 = 0xc
                    0x000e                  WREG7 = 0xe
                    0x000e                  _WREG7 = 0xe
                    0x0010                  WREG8 = 0x10
                    0x0010                  _WREG8 = 0x10
                    0x0012                  WREG9 = 0x12
                    0x0012                  _WREG9 = 0x12
                    0x0014                  WREG10 = 0x14
                    0x0014                  _WREG10 = 0x14
                    0x0016                  WREG11 = 0x16
                    0x0016                  _WREG11 = 0x16
                    0x0018                  WREG12 = 0x18
                    0x0018                  _WREG12 = 0x18
                    0x001a                  WREG13 = 0x1a
                    0x001a                  _WREG13 = 0x1a
                    0x001c                  WREG14 = 0x1c
                    0x001c                  _WREG14 = 0x1c
                    0x001e                  WREG15 = 0x1e
                    0x001e                  _WREG15 = 0x1e
                    0x0020                  SPLIM = 0x20
                    0x0020                  _SPLIM = 0x20
                    0x0022                  ACCAL = 0x22
                    0x0022                  _ACCAL = 0x22
                    0x0024                  ACCAH = 0x24
                    0x0024                  _ACCAH = 0x24
                    0x0026                  ACCAU = 0x26
                    0x0026                  _ACCAU = 0x26
                    0x0028                  ACCBL = 0x28
                    0x0028                  _ACCBL = 0x28
                    0x002a                  ACCBH = 0x2a
                    0x002a                  _ACCBH = 0x2a
                    0x002c                  ACCBU = 0x2c
                    0x002c                  _ACCBU = 0x2c
                    0x002e                  PCL = 0x2e
                    0x002e                  _PCL = 0x2e
                    0x0030                  PCH = 0x30
                    0x0030                  _PCH = 0x30
                    0x0032                  DSRPAG = 0x32
                    0x0032                  _DSRPAG = 0x32
                    0x0032                  _DSRPAGbits = 0x32
                    0x0034                  DSWPAG = 0x34
                    0x0034                  _DSWPAG = 0x34
                    0x0034                  _DSWPAGbits = 0x34
                    0x0036                  RCOUNT = 0x36
                    0x0036                  _RCOUNT = 0x36
                    0x0038                  DCOUNT = 0x38
                    0x0038                  _DCOUNT = 0x38
                    0x003a                  DOSTARTL = 0x3a
                    0x003a                  _DOSTARTL = 0x3a
                    0x003c                  DOSTARTH = 0x3c
                    0x003c                  _DOSTARTH = 0x3c
                    0x003e                  DOENDL = 0x3e
                    0x003e                  _DOENDL = 0x3e
                    0x0040                  DOENDH = 0x40
                    0x0040                  _DOENDH = 0x40
                    0x0042                  SR = 0x42
                    0x0042                  _SR = 0x42
                    0x0042                  _SRbits = 0x42
                    0x0044                  CORCON = 0x44
                    0x0044                  _CORCON = 0x44
                    0x0044                  _CORCONbits = 0x44
                    0x0046                  MODCON = 0x46
                    0x0046                  _MODCON = 0x46
                    0x0046                  _MODCONbits = 0x46
                    0x0048                  XMODSRT = 0x48
                    0x0048                  _XMODSRT = 0x48
                    0x004a                  XMODEND = 0x4a
                    0x004a                  _XMODEND = 0x4a
                    0x004c                  YMODSRT = 0x4c
                    0x004c                  _YMODSRT = 0x4c
                    0x004e                  YMODEND = 0x4e
                    0x004e                  _YMODEND = 0x4e
                    0x0050                  XBREV = 0x50
                    0x0050                  _XBREV = 0x50
                    0x0050                  _XBREVbits = 0x50
                    0x0052                  DISICNT = 0x52
                    0x0052                  _DISICNT = 0x52
                    0x0054                  TBLPAG = 0x54
                    0x0054                  _TBLPAG = 0x54
                    0x0054                  _TBLPAGbits = 0x54
                    0x0058                  MSTRPR = 0x58
                    0x0058                  _MSTRPR = 0x58
                    0x0100                  TMR1 = 0x100
                    0x0100                  _TMR1 = 0x100
                    0x0102                  PR1 = 0x102
                    0x0102                  _PR1 = 0x102
                    0x0104                  T1CON = 0x104
                    0x0104                  _T1CON = 0x104
                    0x0104                  _T1CONbits = 0x104
                    0x0106                  TMR2 = 0x106
                    0x0106                  _TMR2 = 0x106
                    0x0108                  TMR3HLD = 0x108
                    0x0108                  _TMR3HLD = 0x108
                    0x010a                  TMR3 = 0x10a
                    0x010a                  _TMR3 = 0x10a
                    0x010c                  PR2 = 0x10c
                    0x010c                  _PR2 = 0x10c
                    0x010e                  PR3 = 0x10e
                    0x010e                  _PR3 = 0x10e
                    0x0110                  T2CON = 0x110
                    0x0110                  _T2CON = 0x110
                    0x0110                  _T2CONbits = 0x110
                    0x0112                  T3CON = 0x112
                    0x0112                  _T3CON = 0x112
                    0x0112                  _T3CONbits = 0x112
                    0x0114                  TMR4 = 0x114
                    0x0114                  _TMR4 = 0x114
                    0x0116                  TMR5HLD = 0x116
                    0x0116                  _TMR5HLD = 0x116
                    0x0118                  TMR5 = 0x118
                    0x0118                  _TMR5 = 0x118
                    0x011a                  PR4 = 0x11a
                    0x011a                  _PR4 = 0x11a
                    0x011c                  PR5 = 0x11c
                    0x011c                  _PR5 = 0x11c
                    0x011e                  T4CON = 0x11e
                    0x011e                  _T4CON = 0x11e
                    0x011e                  _T4CONbits = 0x11e
                    0x0120                  T5CON = 0x120
                    0x0120                  _T5CON = 0x120
                    0x0120                  _T5CONbits = 0x120
                    0x0140                  IC1CON1 = 0x140
                    0x0140                  _IC1CON1 = 0x140
                    0x0140                  _IC1CON1bits = 0x140
                    0x0142                  IC1CON2 = 0x142
                    0x0142                  _IC1CON2 = 0x142
                    0x0142                  _IC1CON2bits = 0x142
                    0x0144                  IC1BUF = 0x144
                    0x0144                  _IC1BUF = 0x144
                    0x0146                  IC1TMR = 0x146
                    0x0146                  _IC1TMR = 0x146
                    0x0148                  IC2CON1 = 0x148
                    0x0148                  _IC2CON1 = 0x148
                    0x0148                  _IC2CON1bits = 0x148
                    0x014a                  IC2CON2 = 0x14a
                    0x014a                  _IC2CON2 = 0x14a
                    0x014a                  _IC2CON2bits = 0x14a
                    0x014c                  IC2BUF = 0x14c
                    0x014c                  _IC2BUF = 0x14c
                    0x014e                  IC2TMR = 0x14e
                    0x014e                  _IC2TMR = 0x14e
                    0x0150                  IC3CON1 = 0x150
                    0x0150                  _IC3CON1 = 0x150
                    0x0150                  _IC3CON1bits = 0x150
                    0x0152                  IC3CON2 = 0x152
                    0x0152                  _IC3CON2 = 0x152
                    0x0152                  _IC3CON2bits = 0x152
                    0x0154                  IC3BUF = 0x154
                    0x0154                  _IC3BUF = 0x154
                    0x0156                  IC3TMR = 0x156
                    0x0156                  _IC3TMR = 0x156
                    0x0158                  IC4CON1 = 0x158
                    0x0158                  _IC4CON1 = 0x158
                    0x0158                  _IC4CON1bits = 0x158
                    0x015a                  IC4CON2 = 0x15a
                    0x015a                  _IC4CON2 = 0x15a
                    0x015a                  _IC4CON2bits = 0x15a
                    0x015c                  IC4BUF = 0x15c
                    0x015c                  _IC4BUF = 0x15c
                    0x015e                  IC4TMR = 0x15e
                    0x015e                  _IC4TMR = 0x15e
                    0x0200                  I2C1RCV = 0x200
                    0x0200                  _I2C1RCV = 0x200
                    0x0202                  I2C1TRN = 0x202
                    0x0202                  _I2C1TRN = 0x202
                    0x0204                  I2C1BRG = 0x204
                    0x0204                  _I2C1BRG = 0x204
                    0x0206                  I2C1CON = 0x206
                    0x0206                  _I2C1CON = 0x206
                    0x0206                  _I2C1CONbits = 0x206
                    0x0208                  I2C1STAT = 0x208
                    0x0208                  _I2C1STAT = 0x208
                    0x0208                  _I2C1STATbits = 0x208
                    0x020a                  I2C1ADD = 0x20a
                    0x020a                  _I2C1ADD = 0x20a
                    0x020c                  I2C1MSK = 0x20c
                    0x020c                  _I2C1MSK = 0x20c
                    0x0210                  I2C2RCV = 0x210
                    0x0210                  _I2C2RCV = 0x210
                    0x0212                  I2C2TRN = 0x212
                    0x0212                  _I2C2TRN = 0x212
                    0x0214                  I2C2BRG = 0x214
                    0x0214                  _I2C2BRG = 0x214
                    0x0216                  I2C2CON = 0x216
                    0x0216                  _I2C2CON = 0x216
                    0x0216                  _I2C2CONbits = 0x216
                    0x0218                  I2C2STAT = 0x218
                    0x0218                  _I2C2STAT = 0x218
                    0x0218                  _I2C2STATbits = 0x218
                    0x021a                  I2C2ADD = 0x21a
                    0x021a                  _I2C2ADD = 0x21a
                    0x021c                  I2C2MSK = 0x21c
                    0x021c                  _I2C2MSK = 0x21c
                    0x0220                  U1MODE = 0x220
                    0x0220                  _U1MODE = 0x220
                    0x0220                  _U1MODEbits = 0x220
                    0x0222                  U1STA = 0x222
                    0x0222                  _U1STA = 0x222
                    0x0222                  _U1STAbits = 0x222
                    0x0224                  U1TXREG = 0x224
                    0x0224                  _U1TXREG = 0x224
                    0x0226                  U1RXREG = 0x226
                    0x0226                  _U1RXREG = 0x226
                    0x0228                  U1BRG = 0x228
                    0x0228                  _U1BRG = 0x228
                    0x0230                  U2MODE = 0x230
                    0x0230                  _U2MODE = 0x230
                    0x0230                  _U2MODEbits = 0x230
                    0x0232                  U2STA = 0x232
                    0x0232                  _U2STA = 0x232
                    0x0232                  _U2STAbits = 0x232
                    0x0234                  U2TXREG = 0x234
                    0x0234                  _U2TXREG = 0x234
                    0x0236                  U2RXREG = 0x236
                    0x0236                  _U2RXREG = 0x236
                    0x0238                  U2BRG = 0x238
                    0x0238                  _U2BRG = 0x238
                    0x0240                  SPI1STAT = 0x240
                    0x0240                  _SPI1STAT = 0x240
                    0x0240                  _SPI1STATbits = 0x240
                    0x0242                  SPI1CON1 = 0x242
                    0x0242                  _SPI1CON1 = 0x242
                    0x0242                  _SPI1CON1bits = 0x242
                    0x0244                  SPI1CON2 = 0x244
                    0x0244                  _SPI1CON2 = 0x244
                    0x0244                  _SPI1CON2bits = 0x244
                    0x0248                  SPI1BUF = 0x248
                    0x0248                  _SPI1BUF = 0x248
                    0x0260                  SPI2STAT = 0x260
                    0x0260                  _SPI2STAT = 0x260
                    0x0260                  _SPI2STATbits = 0x260
                    0x0262                  SPI2CON1 = 0x262
                    0x0262                  _SPI2CON1 = 0x262
                    0x0262                  _SPI2CON1bits = 0x262
                    0x0264                  SPI2CON2 = 0x264
                    0x0264                  _SPI2CON2 = 0x264
                    0x0264                  _SPI2CON2bits = 0x264
                    0x0268                  SPI2BUF = 0x268
                    0x0268                  _SPI2BUF = 0x268
                    0x0300                  ADC1BUF0 = 0x300
                    0x0300                  _ADC1BUF0 = 0x300
                    0x0302                  ADC1BUF1 = 0x302
                    0x0302                  _ADC1BUF1 = 0x302
                    0x0304                  ADC1BUF2 = 0x304
                    0x0304                  _ADC1BUF2 = 0x304
                    0x0306                  ADC1BUF3 = 0x306
                    0x0306                  _ADC1BUF3 = 0x306
                    0x0308                  ADC1BUF4 = 0x308
                    0x0308                  _ADC1BUF4 = 0x308
                    0x030a                  ADC1BUF5 = 0x30a
                    0x030a                  _ADC1BUF5 = 0x30a
                    0x030c                  ADC1BUF6 = 0x30c
                    0x030c                  _ADC1BUF6 = 0x30c
                    0x030e                  ADC1BUF7 = 0x30e
                    0x030e                  _ADC1BUF7 = 0x30e
                    0x0310                  ADC1BUF8 = 0x310
                    0x0310                  _ADC1BUF8 = 0x310
                    0x0312                  ADC1BUF9 = 0x312
                    0x0312                  _ADC1BUF9 = 0x312
                    0x0314                  ADC1BUFA = 0x314
                    0x0314                  _ADC1BUFA = 0x314
                    0x0316                  ADC1BUFB = 0x316
                    0x0316                  _ADC1BUFB = 0x316
                    0x0318                  ADC1BUFC = 0x318
                    0x0318                  _ADC1BUFC = 0x318
                    0x031a                  ADC1BUFD = 0x31a
                    0x031a                  _ADC1BUFD = 0x31a
                    0x031c                  ADC1BUFE = 0x31c
                    0x031c                  _ADC1BUFE = 0x31c
                    0x031e                  ADC1BUFF = 0x31e
                    0x031e                  _ADC1BUFF = 0x31e
                    0x0320                  AD1CON1 = 0x320
                    0x0320                  _AD1CON1 = 0x320
                    0x0320                  _AD1CON1bits = 0x320
                    0x0322                  AD1CON2 = 0x322
                    0x0322                  _AD1CON2 = 0x322
                    0x0322                  _AD1CON2bits = 0x322
                    0x0324                  AD1CON3 = 0x324
                    0x0324                  _AD1CON3 = 0x324
                    0x0324                  _AD1CON3bits = 0x324
                    0x0326                  AD1CHS123 = 0x326
                    0x0326                  _AD1CHS123 = 0x326
                    0x0326                  _AD1CHS123bits = 0x326
                    0x0328                  AD1CHS0 = 0x328
                    0x0328                  _AD1CHS0 = 0x328
                    0x0328                  _AD1CHS0bits = 0x328
                    0x032e                  AD1CSSH = 0x32e
                    0x032e                  _AD1CSSH = 0x32e
                    0x032e                  _AD1CSSHbits = 0x32e
                    0x0330                  AD1CSSL = 0x330
                    0x0330                  _AD1CSSL = 0x330
                    0x0330                  _AD1CSSLbits = 0x330
                    0x0332                  AD1CON4 = 0x332
                    0x0332                  _AD1CON4 = 0x332
                    0x0332                  _AD1CON4bits = 0x332
                    0x033a                  CTMUCON1 = 0x33a
                    0x033a                  _CTMUCON1 = 0x33a
                    0x033a                  _CTMUCON1bits = 0x33a
                    0x033c                  CTMUCON2 = 0x33c
                    0x033c                  _CTMUCON2 = 0x33c
                    0x033c                  _CTMUCON2bits = 0x33c
                    0x033e                  CTMUICON = 0x33e
                    0x033e                  _CTMUICON = 0x33e
                    0x033e                  _CTMUICONbits = 0x33e
                    0x0400                  C1CTRL1 = 0x400
                    0x0400                  _C1CTRL1 = 0x400
                    0x0400                  _C1CTRL1bits = 0x400
                    0x0402                  C1CTRL2 = 0x402
                    0x0402                  _C1CTRL2 = 0x402
                    0x0402                  _C1CTRL2bits = 0x402
                    0x0404                  C1VEC = 0x404
                    0x0404                  _C1VEC = 0x404
                    0x0404                  _C1VECbits = 0x404
                    0x0406                  C1FCTRL = 0x406
                    0x0406                  _C1FCTRL = 0x406
                    0x0406                  _C1FCTRLbits = 0x406
                    0x0408                  C1FIFO = 0x408
                    0x0408                  _C1FIFO = 0x408
                    0x0408                  _C1FIFObits = 0x408
                    0x040a                  C1INTF = 0x40a
                    0x040a                  _C1INTF = 0x40a
                    0x040a                  _C1INTFbits = 0x40a
                    0x040c                  C1INTE = 0x40c
                    0x040c                  _C1INTE = 0x40c
                    0x040c                  _C1INTEbits = 0x40c
                    0x040e                  C1EC = 0x40e
                    0x040e                  _C1EC = 0x40e
                    0x040e                  _C1ECbits = 0x40e
                    0x040e                  C1RERRCNT = 0x40e
                    0x040e                  _C1RERRCNT = 0x40e
                    0x040f                  C1TERRCNT = 0x40f
                    0x040f                  _C1TERRCNT = 0x40f
                    0x0410                  C1CFG1 = 0x410
                    0x0410                  _C1CFG1 = 0x410
                    0x0410                  _C1CFG1bits = 0x410
                    0x0412                  C1CFG2 = 0x412
                    0x0412                  _C1CFG2 = 0x412
                    0x0412                  _C1CFG2bits = 0x412
                    0x0414                  C1FEN1 = 0x414
                    0x0414                  _C1FEN1 = 0x414
                    0x0414                  _C1FEN1bits = 0x414
                    0x0418                  C1FMSKSEL1 = 0x418
                    0x0418                  _C1FMSKSEL1 = 0x418
                    0x0418                  _C1FMSKSEL1bits = 0x418
                    0x041a                  C1FMSKSEL2 = 0x41a
                    0x041a                  _C1FMSKSEL2 = 0x41a
                    0x041a                  _C1FMSKSEL2bits = 0x41a
                    0x0420                  C1BUFPNT1 = 0x420
                    0x0420                  _C1BUFPNT1 = 0x420
                    0x0420                  _C1BUFPNT1bits = 0x420
                    0x0420                  C1RXFUL1 = 0x420
                    0x0420                  _C1RXFUL1 = 0x420
                    0x0420                  _C1RXFUL1bits = 0x420
                    0x0422                  C1BUFPNT2 = 0x422
                    0x0422                  _C1BUFPNT2 = 0x422
                    0x0422                  _C1BUFPNT2bits = 0x422
                    0x0422                  C1RXFUL2 = 0x422
                    0x0422                  _C1RXFUL2 = 0x422
                    0x0422                  _C1RXFUL2bits = 0x422
                    0x0424                  C1BUFPNT3 = 0x424
                    0x0424                  _C1BUFPNT3 = 0x424
                    0x0424                  _C1BUFPNT3bits = 0x424
                    0x0426                  C1BUFPNT4 = 0x426
                    0x0426                  _C1BUFPNT4 = 0x426
                    0x0426                  _C1BUFPNT4bits = 0x426
                    0x0428                  C1RXOVF1 = 0x428
                    0x0428                  _C1RXOVF1 = 0x428
                    0x0428                  _C1RXOVF1bits = 0x428
                    0x042a                  C1RXOVF2 = 0x42a
                    0x042a                  _C1RXOVF2 = 0x42a
                    0x042a                  _C1RXOVF2bits = 0x42a
                    0x0430                  C1RXM0SID = 0x430
                    0x0430                  _C1RXM0SID = 0x430
                    0x0430                  _C1RXM0SIDbits = 0x430
                    0x0430                  C1TR01CON = 0x430
                    0x0430                  _C1TR01CON = 0x430
                    0x0430                  _C1TR01CONbits = 0x430
                    0x0432                  C1RXM0EID = 0x432
                    0x0432                  _C1RXM0EID = 0x432
                    0x0432                  _C1RXM0EIDbits = 0x432
                    0x0432                  C1TR23CON = 0x432
                    0x0432                  _C1TR23CON = 0x432
                    0x0432                  _C1TR23CONbits = 0x432
                    0x0434                  C1RXM1SID = 0x434
                    0x0434                  _C1RXM1SID = 0x434
                    0x0434                  _C1RXM1SIDbits = 0x434
                    0x0434                  C1TR45CON = 0x434
                    0x0434                  _C1TR45CON = 0x434
                    0x0434                  _C1TR45CONbits = 0x434
                    0x0436                  C1RXM1EID = 0x436
                    0x0436                  _C1RXM1EID = 0x436
                    0x0436                  _C1RXM1EIDbits = 0x436
                    0x0436                  C1TR67CON = 0x436
                    0x0436                  _C1TR67CON = 0x436
                    0x0436                  _C1TR67CONbits = 0x436
                    0x0438                  C1RXM2SID = 0x438
                    0x0438                  _C1RXM2SID = 0x438
                    0x0438                  _C1RXM2SIDbits = 0x438
                    0x043a                  C1RXM2EID = 0x43a
                    0x043a                  _C1RXM2EID = 0x43a
                    0x043a                  _C1RXM2EIDbits = 0x43a
                    0x0440                  C1RXD = 0x440
                    0x0440                  _C1RXD = 0x440
                    0x0440                  C1RXF0SID = 0x440
                    0x0440                  _C1RXF0SID = 0x440
                    0x0440                  _C1RXF0SIDbits = 0x440
                    0x0442                  C1RXF0EID = 0x442
                    0x0442                  _C1RXF0EID = 0x442
                    0x0442                  _C1RXF0EIDbits = 0x442
                    0x0442                  C1TXD = 0x442
                    0x0442                  _C1TXD = 0x442
                    0x0444                  C1RXF1SID = 0x444
                    0x0444                  _C1RXF1SID = 0x444
                    0x0444                  _C1RXF1SIDbits = 0x444
                    0x0446                  C1RXF1EID = 0x446
                    0x0446                  _C1RXF1EID = 0x446
                    0x0446                  _C1RXF1EIDbits = 0x446
                    0x0448                  C1RXF2SID = 0x448
                    0x0448                  _C1RXF2SID = 0x448
                    0x0448                  _C1RXF2SIDbits = 0x448
                    0x044a                  C1RXF2EID = 0x44a
                    0x044a                  _C1RXF2EID = 0x44a
                    0x044a                  _C1RXF2EIDbits = 0x44a
                    0x044c                  C1RXF3SID = 0x44c
                    0x044c                  _C1RXF3SID = 0x44c
                    0x044c                  _C1RXF3SIDbits = 0x44c
                    0x044e                  C1RXF3EID = 0x44e
                    0x044e                  _C1RXF3EID = 0x44e
                    0x044e                  _C1RXF3EIDbits = 0x44e
                    0x0450                  C1RXF4SID = 0x450
                    0x0450                  _C1RXF4SID = 0x450
                    0x0450                  _C1RXF4SIDbits = 0x450
                    0x0452                  C1RXF4EID = 0x452
                    0x0452                  _C1RXF4EID = 0x452
                    0x0452                  _C1RXF4EIDbits = 0x452
                    0x0454                  C1RXF5SID = 0x454
                    0x0454                  _C1RXF5SID = 0x454
                    0x0454                  _C1RXF5SIDbits = 0x454
                    0x0456                  C1RXF5EID = 0x456
                    0x0456                  _C1RXF5EID = 0x456
                    0x0456                  _C1RXF5EIDbits = 0x456
                    0x0458                  C1RXF6SID = 0x458
                    0x0458                  _C1RXF6SID = 0x458
                    0x0458                  _C1RXF6SIDbits = 0x458
                    0x045a                  C1RXF6EID = 0x45a
                    0x045a                  _C1RXF6EID = 0x45a
                    0x045a                  _C1RXF6EIDbits = 0x45a
                    0x045c                  C1RXF7SID = 0x45c
                    0x045c                  _C1RXF7SID = 0x45c
                    0x045c                  _C1RXF7SIDbits = 0x45c
                    0x045e                  C1RXF7EID = 0x45e
                    0x045e                  _C1RXF7EID = 0x45e
                    0x045e                  _C1RXF7EIDbits = 0x45e
                    0x0460                  C1RXF8SID = 0x460
                    0x0460                  _C1RXF8SID = 0x460
                    0x0460                  _C1RXF8SIDbits = 0x460
                    0x0462                  C1RXF8EID = 0x462
                    0x0462                  _C1RXF8EID = 0x462
                    0x0462                  _C1RXF8EIDbits = 0x462
                    0x0464                  C1RXF9SID = 0x464
                    0x0464                  _C1RXF9SID = 0x464
                    0x0464                  _C1RXF9SIDbits = 0x464
                    0x0466                  C1RXF9EID = 0x466
                    0x0466                  _C1RXF9EID = 0x466
                    0x0466                  _C1RXF9EIDbits = 0x466
                    0x0468                  C1RXF10SID = 0x468
                    0x0468                  _C1RXF10SID = 0x468
                    0x0468                  _C1RXF10SIDbits = 0x468
                    0x046a                  C1RXF10EID = 0x46a
                    0x046a                  _C1RXF10EID = 0x46a
                    0x046a                  _C1RXF10EIDbits = 0x46a
                    0x046c                  C1RXF11SID = 0x46c
                    0x046c                  _C1RXF11SID = 0x46c
                    0x046c                  _C1RXF11SIDbits = 0x46c
                    0x046e                  C1RXF11EID = 0x46e
                    0x046e                  _C1RXF11EID = 0x46e
                    0x046e                  _C1RXF11EIDbits = 0x46e
                    0x0470                  C1RXF12SID = 0x470
                    0x0470                  _C1RXF12SID = 0x470
                    0x0470                  _C1RXF12SIDbits = 0x470
                    0x0472                  C1RXF12EID = 0x472
                    0x0472                  _C1RXF12EID = 0x472
                    0x0472                  _C1RXF12EIDbits = 0x472
                    0x0474                  C1RXF13SID = 0x474
                    0x0474                  _C1RXF13SID = 0x474
                    0x0474                  _C1RXF13SIDbits = 0x474
                    0x0476                  C1RXF13EID = 0x476
                    0x0476                  _C1RXF13EID = 0x476
                    0x0476                  _C1RXF13EIDbits = 0x476
                    0x0478                  C1RXF14SID = 0x478
                    0x0478                  _C1RXF14SID = 0x478
                    0x0478                  _C1RXF14SIDbits = 0x478
                    0x047a                  C1RXF14EID = 0x47a
                    0x047a                  _C1RXF14EID = 0x47a
                    0x047a                  _C1RXF14EIDbits = 0x47a
                    0x047c                  C1RXF15SID = 0x47c
                    0x047c                  _C1RXF15SID = 0x47c
                    0x047c                  _C1RXF15SIDbits = 0x47c
                    0x047e                  C1RXF15EID = 0x47e
                    0x047e                  _C1RXF15EID = 0x47e
                    0x047e                  _C1RXF15EIDbits = 0x47e
                    0x0640                  CRCCON1 = 0x640
                    0x0640                  _CRCCON1 = 0x640
                    0x0640                  _CRCCON1bits = 0x640
                    0x0642                  CRCCON2 = 0x642
                    0x0642                  _CRCCON2 = 0x642
                    0x0642                  _CRCCON2bits = 0x642
                    0x0644                  CRCXORL = 0x644
                    0x0644                  _CRCXORL = 0x644
                    0x0644                  _CRCXORLbits = 0x644
                    0x0646                  CRCXORH = 0x646
                    0x0646                  _CRCXORH = 0x646
                    0x0646                  _CRCXORHbits = 0x646
                    0x0648                  CRCDAT = 0x648
                    0x0648                  _CRCDAT = 0x648
                    0x0648                  CRCDATL = 0x648
                    0x0648                  _CRCDATL = 0x648
                    0x064a                  CRCDATH = 0x64a
                    0x064a                  _CRCDATH = 0x64a
                    0x064c                  CRCWDAT = 0x64c
                    0x064c                  _CRCWDAT = 0x64c
                    0x064c                  CRCWDATL = 0x64c
                    0x064c                  _CRCWDATL = 0x64c
                    0x064e                  CRCWDATH = 0x64e
                    0x064e                  _CRCWDATH = 0x64e
                    0x0680                  RPOR0 = 0x680
                    0x0680                  _RPOR0 = 0x680
                    0x0680                  _RPOR0bits = 0x680
                    0x0682                  RPOR1 = 0x682
                    0x0682                  _RPOR1 = 0x682
                    0x0682                  _RPOR1bits = 0x682
                    0x0684                  RPOR2 = 0x684
                    0x0684                  _RPOR2 = 0x684
                    0x0684                  _RPOR2bits = 0x684
                    0x0686                  RPOR3 = 0x686
                    0x0686                  _RPOR3 = 0x686
                    0x0686                  _RPOR3bits = 0x686
                    0x0688                  RPOR4 = 0x688
                    0x0688                  _RPOR4 = 0x688
                    0x0688                  _RPOR4bits = 0x688
                    0x068a                  RPOR5 = 0x68a
                    0x068a                  _RPOR5 = 0x68a
                    0x068a                  _RPOR5bits = 0x68a
                    0x068c                  RPOR6 = 0x68c
                    0x068c                  _RPOR6 = 0x68c
                    0x068c                  _RPOR6bits = 0x68c
                    0x068e                  RPOR7 = 0x68e
                    0x068e                  _RPOR7 = 0x68e
                    0x068e                  _RPOR7bits = 0x68e
                    0x0690                  RPOR8 = 0x690
                    0x0690                  _RPOR8 = 0x690
                    0x0690                  _RPOR8bits = 0x690
                    0x0692                  RPOR9 = 0x692
                    0x0692                  _RPOR9 = 0x692
                    0x0692                  _RPOR9bits = 0x692
                    0x06a0                  RPINR0 = 0x6a0
                    0x06a0                  _RPINR0 = 0x6a0
                    0x06a0                  _RPINR0bits = 0x6a0
                    0x06a2                  RPINR1 = 0x6a2
                    0x06a2                  _RPINR1 = 0x6a2
                    0x06a2                  _RPINR1bits = 0x6a2
                    0x06a6                  RPINR3 = 0x6a6
                    0x06a6                  _RPINR3 = 0x6a6
                    0x06a6                  _RPINR3bits = 0x6a6
                    0x06ae                  RPINR7 = 0x6ae
                    0x06ae                  _RPINR7 = 0x6ae
                    0x06ae                  _RPINR7bits = 0x6ae
                    0x06b0                  RPINR8 = 0x6b0
                    0x06b0                  _RPINR8 = 0x6b0
                    0x06b0                  _RPINR8bits = 0x6b0
                    0x06b6                  RPINR11 = 0x6b6
                    0x06b6                  _RPINR11 = 0x6b6
                    0x06b6                  _RPINR11bits = 0x6b6
                    0x06c4                  RPINR18 = 0x6c4
                    0x06c4                  _RPINR18 = 0x6c4
                    0x06c4                  _RPINR18bits = 0x6c4
                    0x06c6                  RPINR19 = 0x6c6
                    0x06c6                  _RPINR19 = 0x6c6
                    0x06c6                  _RPINR19bits = 0x6c6
                    0x06cc                  RPINR22 = 0x6cc
                    0x06cc                  _RPINR22 = 0x6cc
                    0x06cc                  _RPINR22bits = 0x6cc
                    0x06ce                  RPINR23 = 0x6ce
                    0x06ce                  _RPINR23 = 0x6ce
                    0x06ce                  _RPINR23bits = 0x6ce
                    0x06d4                  RPINR26 = 0x6d4
                    0x06d4                  _RPINR26 = 0x6d4
                    0x06d4                  _RPINR26bits = 0x6d4
                    0x0728                  NVMCON = 0x728
                    0x0728                  _NVMCON = 0x728
                    0x0728                  _NVMCONbits = 0x728
                    0x072a                  NVMADR = 0x72a
                    0x072a                  _NVMADR = 0x72a
                    0x072c                  NVMADRU = 0x72c
                    0x072c                  _NVMADRU = 0x72c
                    0x072c                  _NVMADRUbits = 0x72c
                    0x072e                  NVMKEY = 0x72e
                    0x072e                  _NVMKEY = 0x72e
                    0x0740                  RCON = 0x740
                    0x0740                  _RCON = 0x740
                    0x0740                  _RCONbits = 0x740
                    0x0742                  OSCCON = 0x742
                    0x0742                  _OSCCON = 0x742
                    0x0742                  _OSCCONbits = 0x742
                    0x0742                  OSCCONL = 0x742
                    0x0742                  _OSCCONL = 0x742
                    0x0743                  OSCCONH = 0x743
                    0x0743                  _OSCCONH = 0x743
                    0x0744                  CLKDIV = 0x744
                    0x0744                  _CLKDIV = 0x744
                    0x0744                  _CLKDIVbits = 0x744
                    0x0746                  PLLFBD = 0x746
                    0x0746                  _PLLFBD = 0x746
                    0x0746                  _PLLFBDbits = 0x746
                    0x0748                  OSCTUN = 0x748
                    0x0748                  _OSCTUN = 0x748
                    0x0748                  _OSCTUNbits = 0x748
                    0x074e                  REFOCON = 0x74e
                    0x074e                  _REFOCON = 0x74e
                    0x074e                  _REFOCONbits = 0x74e
                    0x0760                  PMD1 = 0x760
                    0x0760                  _PMD1 = 0x760
                    0x0760                  _PMD1bits = 0x760
                    0x0762                  PMD2 = 0x762
                    0x0762                  _PMD2 = 0x762
                    0x0762                  _PMD2bits = 0x762
                    0x0764                  PMD3 = 0x764
                    0x0764                  _PMD3 = 0x764
                    0x0764                  _PMD3bits = 0x764
                    0x0766                  PMD4 = 0x766
                    0x0766                  _PMD4 = 0x766
                    0x0766                  _PMD4bits = 0x766
                    0x076a                  PMD6 = 0x76a
                    0x076a                  _PMD6 = 0x76a
                    0x076c                  PMD7 = 0x76c
                    0x076c                  _PMD7 = 0x76c
                    0x076c                  _PMD7bits = 0x76c
                    0x0800                  IFS0 = 0x800
                    0x0800                  _IFS0 = 0x800
                    0x0800                  _IFS0bits = 0x800
                    0x0802                  IFS1 = 0x802
                    0x0802                  _IFS1 = 0x802
                    0x0802                  _IFS1bits = 0x802
                    0x0804                  IFS2 = 0x804
                    0x0804                  _IFS2 = 0x804
                    0x0804                  _IFS2bits = 0x804
                    0x0806                  IFS3 = 0x806
                    0x0806                  _IFS3 = 0x806
                    0x0806                  _IFS3bits = 0x806
                    0x0808                  IFS4 = 0x808
                    0x0808                  _IFS4 = 0x808
                    0x0808                  _IFS4bits = 0x808
                    0x080a                  IFS5 = 0x80a
                    0x080a                  _IFS5 = 0x80a
                    0x080c                  IFS6 = 0x80c
                    0x080c                  _IFS6 = 0x80c
                    0x0810                  IFS8 = 0x810
                    0x0810                  _IFS8 = 0x810
                    0x0810                  _IFS8bits = 0x810
                    0x0812                  IFS9 = 0x812
                    0x0812                  _IFS9 = 0x812
                    0x0812                  _IFS9bits = 0x812
                    0x0820                  IEC0 = 0x820
                    0x0820                  _IEC0 = 0x820
                    0x0820                  _IEC0bits = 0x820
                    0x0822                  IEC1 = 0x822
                    0x0822                  _IEC1 = 0x822
                    0x0822                  _IEC1bits = 0x822
                    0x0824                  IEC2 = 0x824
                    0x0824                  _IEC2 = 0x824
                    0x0824                  _IEC2bits = 0x824
                    0x0826                  IEC3 = 0x826
                    0x0826                  _IEC3 = 0x826
                    0x0826                  _IEC3bits = 0x826
                    0x0828                  IEC4 = 0x828
                    0x0828                  _IEC4 = 0x828
                    0x0828                  _IEC4bits = 0x828
                    0x0830                  IEC8 = 0x830
                    0x0830                  _IEC8 = 0x830
                    0x0830                  _IEC8bits = 0x830
                    0x0832                  IEC9 = 0x832
                    0x0832                  _IEC9 = 0x832
                    0x0832                  _IEC9bits = 0x832
                    0x0840                  IPC0 = 0x840
                    0x0840                  _IPC0 = 0x840
                    0x0840                  _IPC0bits = 0x840
                    0x0842                  IPC1 = 0x842
                    0x0842                  _IPC1 = 0x842
                    0x0842                  _IPC1bits = 0x842
                    0x0844                  IPC2 = 0x844
                    0x0844                  _IPC2 = 0x844
                    0x0844                  _IPC2bits = 0x844
                    0x0846                  IPC3 = 0x846
                    0x0846                  _IPC3 = 0x846
                    0x0846                  _IPC3bits = 0x846
                    0x0848                  IPC4 = 0x848
                    0x0848                  _IPC4 = 0x848
                    0x0848                  _IPC4bits = 0x848
                    0x084a                  IPC5 = 0x84a
                    0x084a                  _IPC5 = 0x84a
                    0x084a                  _IPC5bits = 0x84a
                    0x084c                  IPC6 = 0x84c
                    0x084c                  _IPC6 = 0x84c
                    0x084c                  _IPC6bits = 0x84c
                    0x084e                  IPC7 = 0x84e
                    0x084e                  _IPC7 = 0x84e
                    0x084e                  _IPC7bits = 0x84e
                    0x0850                  IPC8 = 0x850
                    0x0850                  _IPC8 = 0x850
                    0x0850                  _IPC8bits = 0x850
                    0x0852                  IPC9 = 0x852
                    0x0852                  _IPC9 = 0x852
                    0x0852                  _IPC9bits = 0x852
                    0x0858                  IPC12 = 0x858
                    0x0858                  _IPC12 = 0x858
                    0x0858                  _IPC12bits = 0x858
                    0x0860                  IPC16 = 0x860
                    0x0860                  _IPC16 = 0x860
                    0x0860                  _IPC16bits = 0x860
                    0x0862                  IPC17 = 0x862
                    0x0862                  _IPC17 = 0x862
                    0x0862                  _IPC17bits = 0x862
                    0x0866                  IPC19 = 0x866
                    0x0866                  _IPC19 = 0x866
                    0x0866                  _IPC19bits = 0x866
                    0x0886                  IPC35 = 0x886
                    0x0886                  _IPC35 = 0x886
                    0x0886                  _IPC35bits = 0x886
                    0x0888                  IPC36 = 0x888
                    0x0888                  _IPC36 = 0x888
                    0x0888                  _IPC36bits = 0x888
                    0x088a                  IPC37 = 0x88a
                    0x088a                  _IPC37 = 0x88a
                    0x088a                  _IPC37bits = 0x88a
                    0x08c0                  INTCON1 = 0x8c0
                    0x08c0                  _INTCON1 = 0x8c0
                    0x08c0                  _INTCON1bits = 0x8c0
                    0x08c2                  INTCON2 = 0x8c2
                    0x08c2                  _INTCON2 = 0x8c2
                    0x08c2                  _INTCON2bits = 0x8c2
                    0x08c4                  INTCON3 = 0x8c4
                    0x08c4                  _INTCON3 = 0x8c4
                    0x08c4                  _INTCON3bits = 0x8c4
                    0x08c6                  INTCON4 = 0x8c6
                    0x08c6                  _INTCON4 = 0x8c6
                    0x08c6                  _INTCON4bits = 0x8c6
                    0x08c8                  INTTREG = 0x8c8
                    0x08c8                  _INTTREG = 0x8c8
                    0x08c8                  _INTTREGbits = 0x8c8
                    0x0900                  OC1CON1 = 0x900
                    0x0900                  _OC1CON1 = 0x900
                    0x0900                  _OC1CON1bits = 0x900
                    0x0902                  OC1CON2 = 0x902
                    0x0902                  _OC1CON2 = 0x902
                    0x0902                  _OC1CON2bits = 0x902
                    0x0904                  OC1RS = 0x904
                    0x0904                  _OC1RS = 0x904
                    0x0906                  OC1R = 0x906
                    0x0906                  _OC1R = 0x906
                    0x0908                  OC1TMR = 0x908
                    0x0908                  _OC1TMR = 0x908
                    0x090a                  OC2CON1 = 0x90a
                    0x090a                  _OC2CON1 = 0x90a
                    0x090a                  _OC2CON1bits = 0x90a
                    0x090c                  OC2CON2 = 0x90c
                    0x090c                  _OC2CON2 = 0x90c
                    0x090c                  _OC2CON2bits = 0x90c
                    0x090e                  OC2RS = 0x90e
                    0x090e                  _OC2RS = 0x90e
                    0x0910                  OC2R = 0x910
                    0x0910                  _OC2R = 0x910
                    0x0912                  OC2TMR = 0x912
                    0x0912                  _OC2TMR = 0x912
                    0x0914                  OC3CON1 = 0x914
                    0x0914                  _OC3CON1 = 0x914
                    0x0914                  _OC3CON1bits = 0x914
                    0x0916                  OC3CON2 = 0x916
                    0x0916                  _OC3CON2 = 0x916
                    0x0916                  _OC3CON2bits = 0x916
                    0x0918                  OC3RS = 0x918
                    0x0918                  _OC3RS = 0x918
                    0x091a                  OC3R = 0x91a
                    0x091a                  _OC3R = 0x91a
                    0x091c                  OC3TMR = 0x91c
                    0x091c                  _OC3TMR = 0x91c
                    0x091e                  OC4CON1 = 0x91e
                    0x091e                  _OC4CON1 = 0x91e
                    0x091e                  _OC4CON1bits = 0x91e
                    0x0920                  OC4CON2 = 0x920
                    0x0920                  _OC4CON2 = 0x920
                    0x0920                  _OC4CON2bits = 0x920
                    0x0922                  OC4RS = 0x922
                    0x0922                  _OC4RS = 0x922
                    0x0924                  OC4R = 0x924
                    0x0924                  _OC4R = 0x924
                    0x0926                  OC4TMR = 0x926
                    0x0926                  _OC4TMR = 0x926
                    0x0a80                  CMSTAT = 0xa80
                    0x0a80                  _CMSTAT = 0xa80
                    0x0a80                  _CMSTATbits = 0xa80
                    0x0a82                  CVRCON = 0xa82
                    0x0a82                  _CVRCON = 0xa82
                    0x0a82                  _CVRCONbits = 0xa82
                    0x0a84                  CM1CON = 0xa84
                    0x0a84                  _CM1CON = 0xa84
                    0x0a84                  _CM1CONbits = 0xa84
                    0x0a86                  CM1MSKSRC = 0xa86
                    0x0a86                  _CM1MSKSRC = 0xa86
                    0x0a86                  _CM1MSKSRCbits = 0xa86
                    0x0a88                  CM1MSKCON = 0xa88
                    0x0a88                  _CM1MSKCON = 0xa88
                    0x0a88                  _CM1MSKCONbits = 0xa88
                    0x0a8a                  CM1FLTR = 0xa8a
                    0x0a8a                  _CM1FLTR = 0xa8a
                    0x0a8a                  _CM1FLTRbits = 0xa8a
                    0x0a8c                  CM2CON = 0xa8c
                    0x0a8c                  _CM2CON = 0xa8c
                    0x0a8c                  _CM2CONbits = 0xa8c
                    0x0a8e                  CM2MSKSRC = 0xa8e
                    0x0a8e                  _CM2MSKSRC = 0xa8e
                    0x0a8e                  _CM2MSKSRCbits = 0xa8e
                    0x0a90                  CM2MSKCON = 0xa90
                    0x0a90                  _CM2MSKCON = 0xa90
                    0x0a90                  _CM2MSKCONbits = 0xa90
                    0x0a92                  CM2FLTR = 0xa92
                    0x0a92                  _CM2FLTR = 0xa92
                    0x0a92                  _CM2FLTRbits = 0xa92
                    0x0a94                  CM3CON = 0xa94
                    0x0a94                  _CM3CON = 0xa94
                    0x0a94                  _CM3CONbits = 0xa94
                    0x0a96                  CM3MSKSRC = 0xa96
                    0x0a96                  _CM3MSKSRC = 0xa96
                    0x0a96                  _CM3MSKSRCbits = 0xa96
                    0x0a98                  CM3MSKCON = 0xa98
                    0x0a98                  _CM3MSKCON = 0xa98
                    0x0a98                  _CM3MSKCONbits = 0xa98
                    0x0a9a                  CM3FLTR = 0xa9a
                    0x0a9a                  _CM3FLTR = 0xa9a
                    0x0a9a                  _CM3FLTRbits = 0xa9a
                    0x0a9c                  CM4CON = 0xa9c
                    0x0a9c                  _CM4CON = 0xa9c
                    0x0a9c                  _CM4CONbits = 0xa9c
                    0x0a9e                  CM4MSKSRC = 0xa9e
                    0x0a9e                  _CM4MSKSRC = 0xa9e
                    0x0a9e                  _CM4MSKSRCbits = 0xa9e
                    0x0aa0                  CM4MSKCON = 0xaa0
                    0x0aa0                  _CM4MSKCON = 0xaa0
                    0x0aa0                  _CM4MSKCONbits = 0xaa0
                    0x0aa2                  CM4FLTR = 0xaa2
                    0x0aa2                  _CM4FLTR = 0xaa2
                    0x0aa2                  _CM4FLTRbits = 0xaa2
                    0x0ac0                  PTGCST = 0xac0
                    0x0ac0                  _PTGCST = 0xac0
                    0x0ac0                  _PTGCSTbits = 0xac0
                    0x0ac2                  PTGCON = 0xac2
                    0x0ac2                  _PTGCON = 0xac2
                    0x0ac2                  _PTGCONbits = 0xac2
                    0x0ac4                  PTGBTE = 0xac4
                    0x0ac4                  _PTGBTE = 0xac4
                    0x0ac4                  _PTGBTEbits = 0xac4
                    0x0ac6                  PTGHOLD = 0xac6
                    0x0ac6                  _PTGHOLD = 0xac6
                    0x0ac8                  PTGT0LIM = 0xac8
                    0x0ac8                  _PTGT0LIM = 0xac8
                    0x0aca                  PTGT1LIM = 0xaca
                    0x0aca                  _PTGT1LIM = 0xaca
                    0x0acc                  PTGSDLIM = 0xacc
                    0x0acc                  _PTGSDLIM = 0xacc
                    0x0ace                  PTGC0LIM = 0xace
                    0x0ace                  _PTGC0LIM = 0xace
                    0x0ad0                  PTGC1LIM = 0xad0
                    0x0ad0                  _PTGC1LIM = 0xad0
                    0x0ad2                  PTGADJ = 0xad2
                    0x0ad2                  _PTGADJ = 0xad2
                    0x0ad4                  PTGL0 = 0xad4
                    0x0ad4                  _PTGL0 = 0xad4
                    0x0ad6                  PTGQPTR = 0xad6
                    0x0ad6                  _PTGQPTR = 0xad6
                    0x0ad6                  _PTGQPTRbits = 0xad6
                    0x0ad8                  PTGQUE0 = 0xad8
                    0x0ad8                  _PTGQUE0 = 0xad8
                    0x0ad8                  _PTGQUE0bits = 0xad8
                    0x0ada                  PTGQUE1 = 0xada
                    0x0ada                  _PTGQUE1 = 0xada
                    0x0ada                  _PTGQUE1bits = 0xada
                    0x0adc                  PTGQUE2 = 0xadc
                    0x0adc                  _PTGQUE2 = 0xadc
                    0x0adc                  _PTGQUE2bits = 0xadc
                    0x0ade                  PTGQUE3 = 0xade
                    0x0ade                  _PTGQUE3 = 0xade
                    0x0ade                  _PTGQUE3bits = 0xade
                    0x0ae0                  PTGQUE4 = 0xae0
                    0x0ae0                  _PTGQUE4 = 0xae0
                    0x0ae0                  _PTGQUE4bits = 0xae0
                    0x0ae2                  PTGQUE5 = 0xae2
                    0x0ae2                  _PTGQUE5 = 0xae2
                    0x0ae2                  _PTGQUE5bits = 0xae2
                    0x0ae4                  PTGQUE6 = 0xae4
                    0x0ae4                  _PTGQUE6 = 0xae4
                    0x0ae4                  _PTGQUE6bits = 0xae4
                    0x0ae6                  PTGQUE7 = 0xae6
                    0x0ae6                  _PTGQUE7 = 0xae6
                    0x0ae6                  _PTGQUE7bits = 0xae6
                    0x0b00                  DMA0CON = 0xb00
                    0x0b00                  _DMA0CON = 0xb00
                    0x0b00                  _DMA0CONbits = 0xb00
                    0x0b02                  DMA0REQ = 0xb02
                    0x0b02                  _DMA0REQ = 0xb02
                    0x0b02                  _DMA0REQbits = 0xb02
                    0x0b04                  DMA0STAL = 0xb04
                    0x0b04                  _DMA0STAL = 0xb04
                    0x0b06                  DMA0STAH = 0xb06