Microchip Technology Inc, v2.10 (B)

Tool Name:
  c:\program files\microchip\xc16\v2.10\bin\bin\..\bin/elf-ld.exe

Command:
  -p33EP256GP506 \
  --mdfp=C:/Program Files/Microchip/MPLABX/v6.20/packs/Microchip/dsPIC33E-GM-GP-MC-GU-MU_DFP/1.5.258/xc16 \
  -o \
  dist/default/production/AQ_OBD.X.production.elf \
  -Lc:/program files/microchip/xc16/v2.10/bin/bin/.. \
  -LC:/Program Files/Microchip/MPLABX/v6.20/packs/Microchip/dsPIC33E-GM-GP-MC-GU-MU_DFP/1.5.258/xc16/bin/../support/PIC24E/gld \
  -LC:/Program Files/Microchip/MPLABX/v6.20/packs/Microchip/dsPIC33E-GM-GP-MC-GU-MU_DFP/1.5.258/xc16/bin/../support/dsPIC33E/gld \
  -Lc:/program files/microchip/xc16/v2.10/bin/bin/../../lib \
  -Lc:/program files/microchip/xc16/v2.10/bin/bin/../../support/PIC24E/gld \
  -Lc:/program files/microchip/xc16/v2.10/bin/bin/../../support/PIC24F/gld \
  -Lc:/program files/microchip/xc16/v2.10/bin/bin/../../support/PIC24H/gld \
  -Lc:/program files/microchip/xc16/v2.10/bin/bin/../../support/dsPIC30F/gld \
  -Lc:/program files/microchip/xc16/v2.10/bin/bin/../../support/dsPIC33C/gld \
  -Lc:/program files/microchip/xc16/v2.10/bin/bin/../../support/dsPIC33E/gld \
  -Lc:/program files/microchip/xc16/v2.10/bin/bin/../../support/dsPIC33F/gld \
  build/default/production/mcc_generated_files/mcc.o \
  build/default/production/mcc_generated_files/where_was_i.o \
  build/default/production/mcc_generated_files/pin_manager.o \
  build/default/production/mcc_generated_files/traps.o \
  build/default/production/mcc_generated_files/reset.o \
  build/default/production/mcc_generated_files/uart1.o \
  build/default/production/mcc_generated_files/clock.o \
  build/default/production/mcc_generated_files/interrupt_manager.o \
  build/default/production/mcc_generated_files/system.o \
  build/default/production/flash.o \
  build/default/production/main.o \
  build/default/production/nvmpic.o \
  build/default/production/commands.o \
  build/default/production/at.o \
  --local-stack \
  --defsym=__MPLAB_BUILD=1 \
  -Tp33EP256GP506.gld.00 \
  --stack=16 \
  --check-sections \
  --data-init \
  --pack-data \
  --handles \
  --isr \
  --no-gc-sections \
  --fill-upper=0 \
  --stackguard=16 \
  --no-force-link \
  --smart-io \
  -Map=dist/default/production/AQ_OBD.X.production.map \
  --report-mem \
  --memorysummary \
  dist/default/production/memoryfile.xml \
  -start-group \
  --library=c99-pic30-elf \
  --library=m-elf \
  --library=c99-elf \
  -end-group \


Optional library libp33EP256GP506.a not found
Archive member included because of file (symbol)

c:/program files/microchip/xc16/v2.10/bin/bin/../../lib\libc99-pic30-elf.a(crt0_extendedep.o)
                              (__resetPRI)
c:/program files/microchip/xc16/v2.10/bin/bin/../../lib\libc99-pic30-elf.a(data_init_extended.o)
                              c:/program files/microchip/xc16/v2.10/bin/bin/../../lib\libc99-pic30-elf.a(crt0_extendedep.o) (__data_init_extended)
c:/program files/microchip/xc16/v2.10/bin/bin/../../lib\libc99-pic30-elf.a(crt_start_mode_normalep.Meo)
                              (__crt_start_mode_normal)
c:/program files/microchip/xc16/v2.10/bin/bin/../../lib\libc99-pic30-elf.a(fixunssfsi.EP_o)
                              build/default/production/mcc_generated_files/uart1.o (___fixunssfsi)
c:/program files/microchip/xc16/v2.10/bin/bin/../../lib\libc99-pic30-elf.a(floatunsisf.EP_o)
                              build/default/production/mcc_generated_files/uart1.o (___floatunsisf)
c:/program files/microchip/xc16/v2.10/bin/bin/../../lib\libc99-pic30-elf.a(funpack.EP_o)
                              c:/program files/microchip/xc16/v2.10/bin/bin/../../lib\libc99-pic30-elf.a(fixunssfsi.EP_o) (__funpack)
c:/program files/microchip/xc16/v2.10/bin/bin/../../lib\libc99-pic30-elf.a(udivsi3.EP_o)
                              build/default/production/mcc_generated_files/uart1.o (___udivsi3)
c:/program files/microchip/xc16/v2.10/bin/bin/../../lib\libc99-pic30-elf.a(divsf3x.EP_o)
                              build/default/production/mcc_generated_files/uart1.o (___divsf3)
c:/program files/microchip/xc16/v2.10/bin/bin/../../lib\libc99-pic30-elf.a(mulsf3x.EP_o)
                              build/default/production/mcc_generated_files/uart1.o (___mulsf3)
c:/program files/microchip/xc16/v2.10/bin/bin/../../lib\libc99-pic30-elf.a(dnrmpackfx.EP_o)
                              c:/program files/microchip/xc16/v2.10/bin/bin/../../lib\libc99-pic30-elf.a(mulsf3x.EP_o) (__dnrmpackf)
c:/program files/microchip/xc16/v2.10/bin/bin/../../lib\libc99-pic30-elf.a(unpackdnrmfx.EP_o)
                              c:/program files/microchip/xc16/v2.10/bin/bin/../../lib\libc99-pic30-elf.a(mulsf3x.EP_o) (__unpackdnrmf)
c:/program files/microchip/xc16/v2.10/bin/bin/../../lib\libc99-pic30-elf.a(typefx.EP_o)
                              c:/program files/microchip/xc16/v2.10/bin/bin/../../lib\libc99-pic30-elf.a(divsf3x.EP_o) (__typef)
[...]
Memory Configuration

Name             Origin             Length             Attributes
data             0x001000           0x008000           a !xr
reset            0x000000           0x000004  
ivt              0x000004           0x0001fc  
program          0x000200           0x02adec           xr
FICD             0x02aff0           0x000002  
FPOR             0x02aff2           0x000002  
FWDT             0x02aff4           0x000002  
FOSC             0x02aff6           0x000002  
FOSCSEL          0x02aff8           0x000002  
FGS              0x02affa           0x000002  
FUID0            0x800ff8           0x000002  
FUID1            0x800ffa           0x000002  
FUID2            0x800ffc           0x000002  
FUID3            0x800ffe           0x000002  
*default*        0x000000           0xffffffff  

Linker script and memory map

LOAD build/default/production/mcc_generated_files/mcc.o
LOAD build/default/production/mcc_generated_files/where_was_i.o
LOAD build/default/production/mcc_generated_files/pin_manager.o
LOAD build/default/production/mcc_generated_files/traps.o
LOAD build/default/production/mcc_generated_files/reset.o
LOAD build/default/production/mcc_generated_files/uart1.o
LOAD build/default/production/mcc_generated_files/clock.o
LOAD build/default/production/mcc_generated_files/interrupt_manager.o
LOAD build/default/production/mcc_generated_files/system.o
LOAD build/default/production/flash.o
LOAD build/default/production/main.o
LOAD build/default/production/nvmpic.o
LOAD build/default/production/commands.o
LOAD build/default/production/at.o
                    0x0001                  __MPLAB_BUILD = 0x1
LOAD p33EP256GP506
LOAD c:/program files/microchip/xc16/v2.10/bin/bin/../../lib\libfx-elf.a
                    0x2aff0                  __FICD = 0x2aff0
                    0x2aff2                  __FPOR = 0x2aff2
                    0x2aff4                  __FWDT = 0x2aff4
                    0x2aff6                  __FOSC = 0x2aff6
                    0x2aff8                  __FOSCSEL = 0x2aff8
                    0x2affa                  __FGS = 0x2affa
                    0x800ff8                  __FUID0 = 0x800ff8
                    0x800ffa                  __FUID1 = 0x800ffa
                    0x800ffc                  __FUID2 = 0x800ffc
                    0x800ffe                  __FUID3 = 0x800ffe
                    0x0200                  __CODE_BASE = 0x200
                    0x2adec                  __CODE_LENGTH = 0x2adec
                    0x0004                  __IVT_BASE = 0x4
                    0x1000                  __DATA_BASE = 0x1000
                    0x8000                  __DATA_LENGTH = 0x8000
                    0x5000                  __YDATA_BASE = 0x5000
                    0x9000                  __YDATA_END = 0x9000

.reset            0x000000          0x4
                  0x000000          0x2 SHORT 0x200 ABSOLUTE (__reset)
                  0x000001          0x2 SHORT 0x4
                  0x000002          0x2 SHORT 0x0 ((ABSOLUTE (__reset) >> 0x10) & 0x7f)
                  0x000003          0x2 SHORT 0x0

.text             0x000200       0x4d2c
 *(.init)
 .init            0x000200         0x48 c:/program files/microchip/xc16/v2.10/bin/bin/../../lib\libc99-pic30-elf.a(crt0_extendedep.o)
                  0x000200                  __resetPRI
                  0x000200                  __reset
                  0x00023c                  __psv_init
 .init            0x000248         0xb2 c:/program files/microchip/xc16/v2.10/bin/bin/../../lib\libc99-pic30-elf.a(data_init_extended.o)
                  0x000248                  __data_init
                  0x000248                  __data_init_extended
 *(.user_init)
 *(.handle)
 .handle          0x0002fa         0x20 jump_table
 *(.isr*)
 .isr.text        0x00031a         0xee build/default/production/mcc_generated_files/traps.o
                  0x00031a                  __OscillatorFail
                  0x00033a                  __StackError
                  0x00035c                  __AddressError
                  0x00037c                  __MathError
                  0x00039c                  __DMACError
                  0x0003bc                  __HardTrapError
                  0x0003dc                  __SoftTrapError
 .isr             0x000408          0x4 default_isr
                  0x000408                  __DefaultInterrupt
 *(.libc)
 .libc            0x00040c         0x88 c:/program files/microchip/xc16/v2.10/bin/bin/../../lib\libc99-pic30-elf.a(readep.Meo)
                  0x00040c                  _read
 .libc            0x000494         0x12 c:/program files/microchip/xc16/v2.10/bin/bin/../../lib\libc99-pic30-elf.a(closeep.Meo)
                  0x000494                  _close
 .libc            0x0004a6         0x84 c:/program files/microchip/xc16/v2.10/bin/bin/../../lib\libc99-pic30-elf.a(writeep.Meo)
                  0x0004a6                  _write
 .libc            0x00052a         0x2a c:/program files/microchip/xc16/v2.10/bin/bin/../../lib\libc99-pic30-elf.a(sbrkep.Meo)
                  0x00052a                  _sbrk
 .libc            0x000554         0x1a c:/program files/microchip/xc16/v2.10/bin/bin/../../lib\libc99-pic30-elf.a(brkep.Meo)
                  0x000554                  _brk
 *(.libm)
 *(.libdsp)
 *(.lib*)
 .libpic30_crt_start_mode
                  0x00056e          0x2 c:/program files/microchip/xc16/v2.10/bin/bin/../../lib\libc99-pic30-elf.a(crt_start_mode_normalep.Meo)
                  0x00056e                  __crt_start_mode
                  0x00056e                  __crt_start_mode_normal
 .libm.fixunssfsi
                  0x000570         0x36 c:/program files/microchip/xc16/v2.10/bin/bin/../../lib\libc99-pic30-elf.a(fixunssfsi.EP_o)
                  0x000570                  ___fixunssfsi
 .libm.floatunsisf
                  0x0005a6          0x4 c:/program files/microchip/xc16/v2.10/bin/bin/../../lib\libc99-pic30-elf.a(floatunsisf.EP_o)
                  0x0005a6                  ___floatunsisf
 .libm.funpack    0x0005aa         0x2a c:/program files/microchip/xc16/v2.10/bin/bin/../../lib\libc99-pic30-elf.a(funpack.EP_o)
                  0x0005aa                  __funpack
 .libm.udivsi3    0x0005d4         0x20 c:/program files/microchip/xc16/v2.10/bin/bin/../../lib\libc99-pic30-elf.a(udivsi3.EP_o)
                  0x0005d4                  ___udivsi3
 .libmx           0x0005f4        0x1be c:/program files/microchip/xc16/v2.10/bin/bin/../../lib\libc99-pic30-elf.a(divsf3x.EP_o)
                  0x0005f4                  ___divsf3x
                  0x0005f4                  ___divsf3
                  0x000786                  __sdivf
 .libmx           0x0007b2        0x10c c:/program files/microchip/xc16/v2.10/bin/bin/../../lib\libc99-pic30-elf.a(mulsf3x.EP_o)
                  0x0007b2                  ___mulsf3x
                  0x0007b2                  ___mulsf3
 .libmx           0x0008be         0x54 c:/program files/microchip/xc16/v2.10/bin/bin/../../lib\libc99-pic30-elf.a(dnrmpackfx.EP_o)
                  0x0008be                  __dnrmpackf
 .libmx           0x000912         0x5e c:/program files/microchip/xc16/v2.10/bin/bin/../../lib\libc99-pic30-elf.a(unpackdnrmfx.EP_o)
                  0x000912                  __unpackdnrmf
 .libmx           0x000970         0x34 c:/program files/microchip/xc16/v2.10/bin/bin/../../lib\libc99-pic30-elf.a(typefx.EP_o)
                  0x000970                  __typef
 .libmx           0x0009a4         0x12 c:/program files/microchip/xc16/v2.10/bin/bin/../../lib\libc99-pic30-elf.a(propnanfx.EP_o)
                  0x0009a4                  __propnanf
 .libmx           0x0009b6         0xa6 c:/program files/microchip/xc16/v2.10/bin/bin/../../lib\libc99-pic30-elf.a(spackfx.EP_o)
                  0x0009b6                  __spackf
 .libmx           0x000a5c         0x66 c:/program files/microchip/xc16/v2.10/bin/bin/../../lib\libc99-pic30-elf.a(unpackfx.EP_o)
                  0x000a5c                  __unpackf
 .libm.floatundisf
                  0x000ac2         0x5e c:/program files/microchip/xc16/v2.10/bin/bin/../../lib\libc99-pic30-elf.a(floatundisf.EP_o)
                  0x000ac2                  ___floatundisf
 .libm.fpack      0x000b20         0x4c c:/program files/microchip/xc16/v2.10/bin/bin/../../lib\libc99-pic30-elf.a(fpack.EP_o)
                  0x000b20                  __fpack
 .libc.__wrap_sprintf
                  0x000b6c          0xc c:/program files/microchip/xc16/v2.10/bin/bin/../../lib\libc99-elf.a(__sio_sprintf_doux.EP_o)
                  0x000b6c                  __sprintf_cdnopuxX
                  0x000b6c                  __dsprintf_cdnopuxX
 .libc.__sio_sprintf_doux
                  0x000b78          0xe c:/program files/microchip/xc16/v2.10/bin/bin/../../lib\libc99-elf.a(__sio_sprintf_doux.EP_o)
                  0x000b78                  ___sio_sprintf_doux
 .libc.__wrap_sscanf
                  0x000b86          0xc c:/program files/microchip/xc16/v2.10/bin/bin/../../lib\libc99-elf.a(__sio_sscanf_f.EP_o)
                  0x000b86                  __dsscanf_fFgG
                  0x000b86                  __dsscanf_fF
                  0x000b86                  __sscanf_fFgG
                  0x000b86                  __sscanf_fF
                  0x000b86                  __dsscanf_eEfFgG
                  0x000b86                  __dsscanf_eE
                  0x000b86                  __sscanf_eEfF
                  0x000b86                  __sscanf_eEfFgG
                  0x000b86                  __dsscanf_eEfF
                  0x000b86                  __dsscanf_gG
                  0x000b86                  __dsscanf_eEgG
                  0x000b86                  __sscanf_eEgG
                  0x000b86                  __sscanf_eE
                  0x000b86                  __sscanf_gG
 .libc.__sio_sscanf_f
                  0x000b92          0x2 c:/program files/microchip/xc16/v2.10/bin/bin/../../lib\libc99-elf.a(__sio_sscanf_f.EP_o)
                  0x000b92                  ___sio_sscanf_f
 .libc.memcpy     0x000b94          0xe c:/program files/microchip/xc16/v2.10/bin/bin/../../lib\libc99-elf.a(memcpy.EP_o)
                  0x000b94                  _memcpy
 .libc.strcmp     0x000ba2         0x16 c:/program files/microchip/xc16/v2.10/bin/bin/../../lib\libc99-elf.a(strcmp.EP_o)
                  0x000ba2                  _strcmp
 .libc.strcpy     0x000bb8          0xe c:/program files/microchip/xc16/v2.10/bin/bin/../../lib\libc99-elf.a(strcpy.EP_o)
                  0x000bb8                  _strcpy
 .libc.strncmp    0x000bc6         0x2a c:/program files/microchip/xc16/v2.10/bin/bin/../../lib\libc99-elf.a(strncmp.EP_o)
                  0x000bc6                  _strncmp
 .libc.twobyte_strstr
                  0x000bf0         0x2c c:/program files/microchip/xc16/v2.10/bin/bin/../../lib\libc99-elf.a(strstr.EP_o)
 .libc.threebyte_strstr
                  0x000c1c         0x5e c:/program files/microchip/xc16/v2.10/bin/bin/../../lib\libc99-elf.a(strstr.EP_o)
 .libc.fourbyte_strstr
                  0x000c7a         0x6c c:/program files/microchip/xc16/v2.10/bin/bin/../../lib\libc99-elf.a(strstr.EP_o)
 .libc.twoway_strstr
                  0x000ce6        0x1a6 c:/program files/microchip/xc16/v2.10/bin/bin/../../lib\libc99-elf.a(strstr.EP_o)
 .libc.strstr     0x000e8c         0x5a c:/program files/microchip/xc16/v2.10/bin/bin/../../lib\libc99-elf.a(strstr.EP_o)
                  0x000e8c                  _strstr
 .libc.strtox     0x000ee6         0x52 c:/program files/microchip/xc16/v2.10/bin/bin/../../lib\libc99-elf.a(strtol.EP_o)
 .libc.strtoull
                  0x000f38          0x8 c:/program files/microchip/xc16/v2.10/bin/bin/../../lib\libc99-elf.a(strtol.EP_o)
                  0x000f38                  ___strtoull_internal
                  0x000f38                  _strtoull
 .libc.strtoll    0x000f40          0x8 c:/program files/microchip/xc16/v2.10/bin/bin/../../lib\libc99-elf.a(strtol.EP_o)
                  0x000f40                  _strtoll
                  0x000f40                  ___strtoll_internal
 .libc.strtoul    0x000f48          0x8 c:/program files/microchip/xc16/v2.10/bin/bin/../../lib\libc99-elf.a(strtol.EP_o)
                  0x000f48                  _strtoul
                  0x000f48                  ___strtoul_internal
 .libc.strtol     0x000f50          0x8 c:/program files/microchip/xc16/v2.10/bin/bin/../../lib\libc99-elf.a(strtol.EP_o)
                  0x000f50                  _strtol
                  0x000f50                  ___strtol_internal
 .libc.strtoimax
                  0x000f58          0x2 c:/program files/microchip/xc16/v2.10/bin/bin/../../lib\libc99-elf.a(strtol.EP_o)
                  0x000f58                  ___strtoimax_internal
                  0x000f58                  _strtoimax
 .libc.strtoumax
                  0x000f5a          0x2 c:/program files/microchip/xc16/v2.10/bin/bin/../../lib\libc99-elf.a(strtol.EP_o)
                  0x000f5a                  _strtoumax
                  0x000f5a                  ___strtoumax_internal
 .libc.__fmt_d    0x000f5c         0xb8 c:/program files/microchip/xc16/v2.10/bin/bin/../../lib\libc99-elf.a(__fmt_d.EP_o)
                  0x000f5c                  ___fmt_d
                  0x000f5c                  ___fmt_d_needed
 .libc.__fmt_o    0x001014         0x72 c:/program files/microchip/xc16/v2.10/bin/bin/../../lib\libc99-elf.a(__fmt_o.EP_o)
                  0x001014                  ___fmt_o
                  0x001014                  ___fmt_o_needed
 .libc.__fmt_s    0x001086         0x54 c:/program files/microchip/xc16/v2.10/bin/bin/../../lib\libc99-elf.a(__fmt_s.EP_o)
                  0x001086                  ___fmt_0_needed
                  0x001086                  ___fmt_s_needed
                  0x001086                  ___fmt_s
 .libc.__cvt_u    0x0010da         0xa6 c:/program files/microchip/xc16/v2.10/bin/bin/../../lib\libc99-elf.a(__fmt_u.EP_o)
                  0x0010da                  ___cvt_u
 .libc.__fmt_u    0x001180         0x56 c:/program files/microchip/xc16/v2.10/bin/bin/../../lib\libc99-elf.a(__fmt_u.EP_o)
                  0x001180                  ___fmt_u
                  0x001180                  ___fmt_u_needed
 .libc.__fmt_x    0x0011d6        0x15e c:/program files/microchip/xc16/v2.10/bin/bin/../../lib\libc99-elf.a(__fmt_x.EP_o)
                  0x0011d6                  ___fmt_x_needed
                  0x0011d6                  ___fmt_x
 .libc.__vsprintf
                  0x001334          0x8 c:/program files/microchip/xc16/v2.10/bin/bin/../../lib\libc99-elf.a(__int_vsprintf.EP_o)
                  0x001334                  ___vsprintf
 .libc.do_read    0x00133c          0x2 c:/program files/microchip/xc16/v2.10/bin/bin/../../lib\libc99-elf.a(__int_vsscanf.EP_o)
                  0x00133c                  __int_vsscanf.EP_o:_do_read
 .libc.__vsscanf
                  0x00133e         0x1c c:/program files/microchip/xc16/v2.10/bin/bin/../../lib\libc99-elf.a(__int_vsscanf.EP_o)
                  0x00133e                  ___vsscanf
 .libc.__pop_int
                  0x00135a         0xb0 c:/program files/microchip/xc16/v2.10/bin/bin/../../lib\libc99-elf.a(__pop_int.EP_o)
                  0x00135a                  ___pop_int
                  0x00135a                  ___pop_int_needed
 .libc.__pop_ptr
                  0x00140a         0x70 c:/program files/microchip/xc16/v2.10/bin/bin/../../lib\libc99-elf.a(__pop_ptr.EP_o)
                  0x00140a                  ___pop_ptr_needed
                  0x00140a                  ___pop_ptr
 .libc.__string_out
                  0x00147a         0x26 c:/program files/microchip/xc16/v2.10/bin/bin/../../lib\libc99-elf.a(__printf_core.EP_o)
 .libc.__pad      0x0014a0         0x74 c:/program files/microchip/xc16/v2.10/bin/bin/../../lib\libc99-elf.a(__printf_core.EP_o)
                  0x0014a0                  ___pad
 .libc.__dummy_fmt3
                  0x001514          0x2 c:/program files/microchip/xc16/v2.10/bin/bin/../../lib\libc99-elf.a(__printf_core.EP_o)
 .libc.__dummy_fmt4
                  0x001516          0x2 c:/program files/microchip/xc16/v2.10/bin/bin/../../lib\libc99-elf.a(__printf_core.EP_o)
                  0x001516                  ___fmt_fp
                  0x001516                  ___fmt_a
 .libc.__dummy_fmts
                  0x001518          0x2 c:/program files/microchip/xc16/v2.10/bin/bin/../../lib\libc99-elf.a(__printf_core.EP_o)
 .libc.__fmt_state
                  0x00151a         0x32 c:/program files/microchip/xc16/v2.10/bin/bin/../../lib\libc99-elf.a(__printf_core.EP_o)
                  0x00151a                  ___fmt_state
 .libc.vfpfcnvrt.clone.0
                  0x00154c        0x2d8 c:/program files/microchip/xc16/v2.10/bin/bin/../../lib\libc99-elf.a(__printf_core.EP_o)
 .libc.__printf_core
                  0x001824         0x40 c:/program files/microchip/xc16/v2.10/bin/bin/../../lib\libc99-elf.a(__printf_core.EP_o)
                  0x001824                  ___printf_core
 .libc.is_inf_nan
                  0x001864         0xa2 c:/program files/microchip/xc16/v2.10/bin/bin/../../lib\libc99-elf.a(__scan_fp.EP_o)
 .libc.__scan_fp
                  0x001906        0x18e c:/program files/microchip/xc16/v2.10/bin/bin/../../lib\libc99-elf.a(__scan_fp.EP_o)
                  0x001906                  ___scan_a_needed
                  0x001906                  ___scan_fp
                  0x001906                  ___scan_f_needed
 .libc.__isspace
                  0x001a94         0x14 c:/program files/microchip/xc16/v2.10/bin/bin/../../lib\libc99-elf.a(__scanf_core.EP_o)
 .libc.__skipws
                  0x001aa8         0x3a c:/program files/microchip/xc16/v2.10/bin/bin/../../lib\libc99-elf.a(__scanf_core.EP_o)
                  0x001aa8                  ___skipws
 .libc.__consumews
                  0x001ae2         0x2c c:/program files/microchip/xc16/v2.10/bin/bin/../../lib\libc99-elf.a(__scanf_core.EP_o)
                  0x001ae2                  ___consumews
 .libc.vfsfcnvrt.clone.0
                  0x001b0e        0x396 c:/program files/microchip/xc16/v2.10/bin/bin/../../lib\libc99-elf.a(__scanf_core.EP_o)
 .libc.__dummy_scan
                  0x001ea4          0x2 c:/program files/microchip/xc16/v2.10/bin/bin/../../lib\libc99-elf.a(__scanf_core.EP_o)
                  0x001ea4                  ___scan_x
                  0x001ea4                  ___scan_d
                  0x001ea4                  ___scan_i
                  0x001ea4                  ___scan_a
                  0x001ea4                  ___scan_o
                  0x001ea4                  ___scan_u
 .libc.__dummy_scan_s
                  0x001ea6          0x2 c:/program files/microchip/xc16/v2.10/bin/bin/../../lib\libc99-elf.a(__scanf_core.EP_o)
                  0x001ea6                  ___scan_s
 .libc.__scanf_core
                  0x001ea8         0x48 c:/program files/microchip/xc16/v2.10/bin/bin/../../lib\libc99-elf.a(__scanf_core.EP_o)
                  0x001ea8                  ___scanf_core
 .libc.__string_read
                  0x001ef0         0x44 c:/program files/microchip/xc16/v2.10/bin/bin/../../lib\libc99-elf.a(__string_read.EP_o)
                  0x001ef0                  ___string_read
 .libc.__isspace
                  0x001f34         0x14 c:/program files/microchip/xc16/v2.10/bin/bin/../../lib\libc99-elf.a(atoi.EP_o)
 .libc.atoi       0x001f48         0x4c c:/program files/microchip/xc16/v2.10/bin/bin/../../lib\libc99-elf.a(atoi.EP_o)
                  0x001f48                  _atoi
 .libc.__isspace
                  0x001f94         0x14 c:/program files/microchip/xc16/v2.10/bin/bin/../../lib\libc99-elf.a(intscan.EP_o)
 .libc.__intscan
                  0x001fa8        0x436 c:/program files/microchip/xc16/v2.10/bin/bin/../../lib\libc99-elf.a(intscan.EP_o)
                  0x001fa8                  ___intscan
 .libc.isxdigit
                  0x0023de         0x18 c:/program files/microchip/xc16/v2.10/bin/bin/../../lib\libc99-elf.a(isxdigit.EP_o)
                  0x0023de                  _isxdigit
 .libc.__isxdigit_l
                  0x0023f6          0x2 c:/program files/microchip/xc16/v2.10/bin/bin/../../lib\libc99-elf.a(isxdigit.EP_o)
                  0x0023f6                  _isxdigit_l
                  0x0023f6                  ___isxdigit_l
 .libc.memchr     0x0023f8         0x5e c:/program files/microchip/xc16/v2.10/bin/bin/../../lib\libc99-elf.a(memchr.EP_o)
                  0x0023f8                  _memchr
 .libc.memcmp     0x002456         0x1c c:/program files/microchip/xc16/v2.10/bin/bin/../../lib\libc99-elf.a(memcmp.EP_o)
                  0x002456                  _memcmp
 .libc.memset     0x002472         0xc8 c:/program files/microchip/xc16/v2.10/bin/bin/../../lib\libc99-elf.a(memset.EP_o)
                  0x002472                  _memset
 .libc.__shlim    0x00253a         0x4a c:/program files/microchip/xc16/v2.10/bin/bin/../../lib\libc99-elf.a(shgetc.EP_o)
                  0x00253a                  ___shlim
 .libc.__shgetc
                  0x002584        0x130 c:/program files/microchip/xc16/v2.10/bin/bin/../../lib\libc99-elf.a(shgetc.EP_o)
                  0x002584                  ___shgetc
 .libc.__stpcpy
                  0x0026b4         0x40 c:/program files/microchip/xc16/v2.10/bin/bin/../../lib\libc99-elf.a(stpcpy.EP_o)
                  0x0026b4                  ___stpcpy
                  0x0026b4                  _stpcpy
 .libc.strchr     0x0026f4         0x12 c:/program files/microchip/xc16/v2.10/bin/bin/../../lib\libc99-elf.a(strchr.EP_o)
                  0x0026f4                  _strchr
 .libc.__strchrnul
                  0x002706         0x58 c:/program files/microchip/xc16/v2.10/bin/bin/../../lib\libc99-elf.a(strchrnul.EP_o)
                  0x002706                  ___strchrnul
                  0x002706                  _strchrnul
 .libc.strlen     0x00275e         0x30 c:/program files/microchip/xc16/v2.10/bin/bin/../../lib\libc99-elf.a(strlen.EP_o)
                  0x00275e                  _strlen
 .libc.strtox     0x00278e         0x58 c:/program files/microchip/xc16/v2.10/bin/bin/../../lib\libc99-elf.a(strtod.EP_o)
 .libc.strtof     0x0027e6          0x6 c:/program files/microchip/xc16/v2.10/bin/bin/../../lib\libc99-elf.a(strtod.EP_o)
                  0x0027e6                  ___strtof_l
                  0x0027e6                  _strtof
                  0x0027e6                  _strtof_l
 .libc.strtod     0x0027ec          0x6 c:/program files/microchip/xc16/v2.10/bin/bin/../../lib\libc99-elf.a(strtod.EP_o)
                  0x0027ec                  ___strtod_l
                  0x0027ec                  _strtod
                  0x0027ec                  _strtod_l
 .libc.strtold    0x0027f2          0x4 c:/program files/microchip/xc16/v2.10/bin/bin/../../lib\libc99-elf.a(strtod.EP_o)
                  0x0027f2                  _strtold_l
                  0x0027f2                  _strtold
                  0x0027f2                  ___strtold_l
 .libc.tolower    0x0027f6          0xc c:/program files/microchip/xc16/v2.10/bin/bin/../../lib\libc99-elf.a(tolower.EP_o)
                  0x0027f6                  _tolower
 .libc.__tolower_l
                  0x002802          0x2 c:/program files/microchip/xc16/v2.10/bin/bin/../../lib\libc99-elf.a(tolower.EP_o)
                  0x002802                  ___tolower_l
                  0x002802                  _tolower_l
 .libc.toupper    0x002804          0xc c:/program files/microchip/xc16/v2.10/bin/bin/../../lib\libc99-elf.a(toupper.EP_o)
                  0x002804                  _toupper
 .libc.__toupper_l
                  0x002810          0x2 c:/program files/microchip/xc16/v2.10/bin/bin/../../lib\libc99-elf.a(toupper.EP_o)
                  0x002810                  ___toupper_l
                  0x002810                  _toupper_l
 .libc.__vfscanf
                  0x002812         0x1c c:/program files/microchip/xc16/v2.10/bin/bin/../../lib\libc99-elf.a(__int_vfscanf.EP_o)
                  0x002812                  ___vfscanf
 .libc.__vsnprintf
                  0x00282e         0x4a c:/program files/microchip/xc16/v2.10/bin/bin/../../lib\libc99-elf.a(__int_vsnprintf.EP_o)
                  0x00282e                  ___vsnprintf
 .libc.__pop_float
                  0x002878         0x44 c:/program files/microchip/xc16/v2.10/bin/bin/../../lib\libc99-elf.a(__pop_float.EP_o)
                  0x002878                  ___pop_float
                  0x002878                  ___pop_float_needed
 .libc.__push_float
                  0x0028bc         0x46 c:/program files/microchip/xc16/v2.10/bin/bin/../../lib\libc99-elf.a(__push_float.EP_o)
                  0x0028bc                  ___push_float
                  0x0028bc                  ___push_float_needed
 .libc.__push_int
                  0x002902         0x76 c:/program files/microchip/xc16/v2.10/bin/bin/../../lib\libc99-elf.a(__push_int.EP_o)
                  0x002902                  ___push_int
                  0x002902                  ___push_int_needed
 .libc.__towrite_rw
                  0x002978         0x1c c:/program files/microchip/xc16/v2.10/bin/bin/../../lib\libc99-elf.a(__towrite_rw.EP_o)
                  0x002978                  ___towrite_rw
                  0x002978                  ___towrite_rw_needed
 .libc.__uflow    0x002994         0x2a c:/program files/microchip/xc16/v2.10/bin/bin/../../lib\libc99-elf.a(__uflow.EP_o)
                  0x002994                  ___uflow
 .libc.__isspace
                  0x0029be         0x14 c:/program files/microchip/xc16/v2.10/bin/bin/../../lib\libc99-elf.a(floatscan.EP_o)
 .libc.scanexp    0x0029d2        0x174 c:/program files/microchip/xc16/v2.10/bin/bin/../../lib\libc99-elf.a(floatscan.EP_o)
 .libc.hexfloat
                  0x002b46        0x532 c:/program files/microchip/xc16/v2.10/bin/bin/../../lib\libc99-elf.a(floatscan.EP_o)
 .libc.decfloat
                  0x003078        0x924 c:/program files/microchip/xc16/v2.10/bin/bin/../../lib\libc99-elf.a(floatscan.EP_o)
 .libc.__floatscan
                  0x00399c        0x22c c:/program files/microchip/xc16/v2.10/bin/bin/../../lib\libc99-elf.a(floatscan.EP_o)
                  0x00399c                  ___floatscan
 .libc.__fopen_rw
                  0x003bc8         0x38 c:/program files/microchip/xc16/v2.10/bin/bin/../../lib\libc99-elf.a(__fopen_rw.EP_o)
                  0x003bc8                  ___fopen_rw
                  0x003bc8                  ___fopen_rw_needed
 .libc.__ftello_adj_rw
                  0x003c00         0x36 c:/program files/microchip/xc16/v2.10/bin/bin/../../lib\libc99-elf.a(__ftello_rw.EP_o)
                  0x003c00                  ___ftello_adj_rw
                  0x003c00                  ___ftello_adj_rw_needed
 .libc.__vfprintf
                  0x003c36         0x1c c:/program files/microchip/xc16/v2.10/bin/bin/../../lib\libc99-elf.a(__int_vfprintf.EP_o)
                  0x003c36                  ___vfprintf
 .libc.__string_out
                  0x003c52         0x26 c:/program files/microchip/xc16/v2.10/bin/bin/../../lib\libc99-elf.a(__out.EP_o)
 .libc.__fwrite_min
                  0x003c78          0x4 c:/program files/microchip/xc16/v2.10/bin/bin/../../lib\libc99-elf.a(__out.EP_o)
                  0x003c78                  ___stdio_write
                  0x003c78                  ___stdio_write_unbuffered
 .libc.__out      0x003c7c         0x10 c:/program files/microchip/xc16/v2.10/bin/bin/../../lib\libc99-elf.a(__out.EP_o)
                  0x003c7c                  ___out_needed
                  0x003c7c                  ___out
 .libc.__putc     0x003c8c         0x32 c:/program files/microchip/xc16/v2.10/bin/bin/../../lib\libc99-elf.a(__putc.EP_o)
                  0x003c8c                  ___putc_needed
                  0x003c8c                  ___putc
 .libc.__dummy    0x003cbe          0x2 c:/program files/microchip/xc16/v2.10/bin/bin/../../lib\libc99-elf.a(__stderr.EP_o)
 .libc.__get_stderr
                  0x003cc0          0x4 c:/program files/microchip/xc16/v2.10/bin/bin/../../lib\libc99-elf.a(__stderr.EP_o)
                  0x003cc0                  ___get_stderr
                  0x003cc0                  ___init_stderr_needed
 .libc.__stdio_close
                  0x003cc4         0x3e c:/program files/microchip/xc16/v2.10/bin/bin/../../lib\libc99-elf.a(__stdio_close.EP_o)
                  0x003cc4                  ___stdio_close
 .libc.__stdio_close_rw
                  0x003d02         0x58 c:/program files/microchip/xc16/v2.10/bin/bin/../../lib\libc99-elf.a(__stdio_close.EP_o)
                  0x003d02                  ___stdio_close_rw
 .libc.__dummy    0x003d5a          0x2 c:/program files/microchip/xc16/v2.10/bin/bin/../../lib\libc99-elf.a(__stdio_exit.EP_o)
                  0x003d5a                  ___stdio_exit_ofl
 .libc.__dummy1
                  0x003d5c          0x2 c:/program files/microchip/xc16/v2.10/bin/bin/../../lib\libc99-elf.a(__stdio_exit.EP_o)
 .libc.__stdio_exit
                  0x003d5e         0x14 c:/program files/microchip/xc16/v2.10/bin/bin/../../lib\libc99-elf.a(__stdio_exit.EP_o)
                  0x003d5e                  ___stdio_exit_needed
                  0x003d5e                  ___stdio_exit
 .libc.__stdio_read
                  0x003d72         0x6a c:/program files/microchip/xc16/v2.10/bin/bin/../../lib\libc99-elf.a(__stdio_read.EP_o)
                  0x003d72                  ___stdio_read
 .libc.__stdio_seek_unbuffered
                  0x003ddc         0x2a c:/program files/microchip/xc16/v2.10/bin/bin/../../lib\libc99-elf.a(__stdio_seek.EP_o)
                  0x003ddc                  ___stdio_seek_needed
                  0x003ddc                  ___stdio_seek_unbuffered
 .libc.__stdio_seek
                  0x003e06         0x50 c:/program files/microchip/xc16/v2.10/bin/bin/../../lib\libc99-elf.a(__stdio_seek.EP_o)
                  0x003e06                  ___stdio_seek
 .libc.__stdio_seek_rw
                  0x003e56         0x82 c:/program files/microchip/xc16/v2.10/bin/bin/../../lib\libc99-elf.a(__stdio_seek.EP_o)
                  0x003e56                  ___stdio_seek_rw
 .libc.__dummy    0x003ed8          0x2 c:/program files/microchip/xc16/v2.10/bin/bin/../../lib\libc99-elf.a(__stdout.EP_o)
 .libc.__get_stdout
                  0x003eda          0x4 c:/program files/microchip/xc16/v2.10/bin/bin/../../lib\libc99-elf.a(__stdout.EP_o)
                  0x003eda                  ___get_stdout
                  0x003eda                  ___init_stdout_needed
 .libc.__toread
                  0x003ede         0x48 c:/program files/microchip/xc16/v2.10/bin/bin/../../lib\libc99-elf.a(__toread.EP_o)
                  0x003ede                  ___toread
 .libc.__toread_needs_stdio_exit
                  0x003f26          0x2 c:/program files/microchip/xc16/v2.10/bin/bin/../../lib\libc99-elf.a(__toread.EP_o)
                  0x003f26                  ___toread_needs_stdio_exit
 .libc.__simple_malloc
                  0x003f28         0x86 c:/program files/microchip/xc16/v2.10/bin/bin/../../lib\libc99-elf.a(lite_malloc.EP_o)
                  0x003f28                  ___malloc0
                  0x003f28                  _malloc
                  0x003f28                  ___simple_malloc
 .libc.__lseek    0x003fae          0xc c:/program files/microchip/xc16/v2.10/bin/bin/../../lib\libc99-elf.a(lseek.EP_o)
                  0x003fae                  _lseek
                  0x003fae                  ___lseek
 .libc.__putc_unbuffered
                  0x003fba         0x2e c:/program files/microchip/xc16/v2.10/bin/bin/../../lib\libc99-elf.a(putc.EP_o)
                  0x003fba                  ___putc_unbuffered
 .libc.putc       0x003fe8          0x2 c:/program files/microchip/xc16/v2.10/bin/bin/../../lib\libc99-elf.a(putc.EP_o)
                  0x003fe8                  _putc
                  0x003fe8                  _fputc
                  0x003fe8                  _putc_unlocked
                  0x003fe8                  __IO_putc
 .libc.__readv    0x003fea         0x2e c:/program files/microchip/xc16/v2.10/bin/bin/../../lib\libc99-elf.a(readv.EP_o)
                  0x003fea                  _readv
 .libc.__syscall_ret
                  0x004018         0x14 c:/program files/microchip/xc16/v2.10/bin/bin/../../lib\libc99-elf.a(syscall_ret.EP_o)
                  0x004018                  ___syscall_ret
 .libc.__fclose
                  0x00402c         0x14 c:/program files/microchip/xc16/v2.10/bin/bin/../../lib\libc99-elf.a(__fclose.EP_o)
                  0x00402c                  ___fclose_needed
                  0x00402c                  ___fclose
 .libc.__dummy    0x004040          0x6 c:/program files/microchip/xc16/v2.10/bin/bin/../../lib\libc99-elf.a(__fopen.EP_o)
 .libc.__fopen_std
                  0x004046         0x26 c:/program files/microchip/xc16/v2.10/bin/bin/../../lib\libc99-elf.a(__fopen.EP_o)
 .libc.__fopen    0x00406c          0x2 c:/program files/microchip/xc16/v2.10/bin/bin/../../lib\libc99-elf.a(__fopen.EP_o)
                  0x00406c                  ___fopen
                  0x00406c                  ___fopen_needed
 .libc.__fseeko
                  0x00406e          0x4 c:/program files/microchip/xc16/v2.10/bin/bin/../../lib\libc99-elf.a(__fseeko.EP_o)
                  0x00406e                  ___fseeko_unlocked
                  0x00406e                  _fseeko
                  0x00406e                  ___fseeko
                  0x00406e                  ___fseeko_needed
 .libc.__dummy    0x004072         0x20 c:/program files/microchip/xc16/v2.10/bin/bin/../../lib\libc99-elf.a(__ftello.EP_o)
 .libc.__ftello_adj
                  0x004092          0x2 c:/program files/microchip/xc16/v2.10/bin/bin/../../lib\libc99-elf.a(__ftello.EP_o)
                  0x004092                  ___ftello_adj_needed
                  0x004092                  ___ftello_adj
 .libc.__fwrite
                  0x004094          0xc c:/program files/microchip/xc16/v2.10/bin/bin/../../lib\libc99-elf.a(__fwrite.EP_o)
                  0x004094                  ___fwrite
                  0x004094                  ___fwrite_needed
 .libc.__overflow
                  0x0040a0         0x50 c:/program files/microchip/xc16/v2.10/bin/bin/../../lib\libc99-elf.a(__overflow.EP_o)
                  0x0040a0                  ___overflow
 .libc.__dummy    0x0040f0          0x2 c:/program files/microchip/xc16/v2.10/bin/bin/../../lib\libc99-elf.a(__towrite.EP_o)
 .libc.__towrite
                  0x0040f2         0x1c c:/program files/microchip/xc16/v2.10/bin/bin/../../lib\libc99-elf.a(__towrite.EP_o)
                  0x0040f2                  ___towrite
 .libc.__expand_heap
                  0x00410e         0x14 c:/program files/microchip/xc16/v2.10/bin/bin/../../lib\libc99-elf.a(expand_heap.EP_o)
                  0x00410e                  ___expand_heap
 .libc.__dummy    0x004122          0x2 c:/program files/microchip/xc16/v2.10/bin/bin/../../lib\libc99-elf.a(__init_stdio.EP_o)
                  0x004122                  ___init_stdout
                  0x004122                  ___init_stderr
                  0x004122                  ___init_stdin
 .libc.__init_stdio
                  0x004124          0x6 c:/program files/microchip/xc16/v2.10/bin/bin/../../lib\libc99-elf.a(__init_stdio.EP_o)
                  0x004124                  ___init_stdio
                  0x004124                  ___init_stdio_needed
 .libc.doread     0x00412a          0x4 c:/program files/microchip/xc16/v2.10/bin/bin/../../lib\libc99-pic30-elf.a(readep.Meo)
 .libc.doclose    0x00412e          0x4 c:/program files/microchip/xc16/v2.10/bin/bin/../../lib\libc99-pic30-elf.a(closeep.Meo)
 .libc.dowrite    0x004132          0x4 c:/program files/microchip/xc16/v2.10/bin/bin/../../lib\libc99-pic30-elf.a(writeep.Meo)
 .libm.gtdf2      0x004136          0xa c:/program files/microchip/xc16/v2.10/bin/bin/../../lib\libc99-pic30-elf.a(dgtge.EP_o)
                  0x004136                  ___gtdf2
                  0x004136                  ___gedf2
 .libm.divsi3     0x004140         0x1e c:/program files/microchip/xc16/v2.10/bin/bin/../../lib\libc99-pic30-elf.a(divsi3.EP_o)
                  0x004140                  ___divsi3
 .libm.nedf2      0x00415e          0xa c:/program files/microchip/xc16/v2.10/bin/bin/../../lib\libc99-pic30-elf.a(dne.EP_o)
                  0x00415e                  ___nedf2
 .libm.extendsfdf2
                  0x004168         0x3e c:/program files/microchip/xc16/v2.10/bin/bin/../../lib\libc99-pic30-elf.a(extendsfdf.EP_o)
                  0x004168                  ___extendsfdf2
 .libm.floatsidf
                  0x0041a6          0x6 c:/program files/microchip/xc16/v2.10/bin/bin/../../lib\libc99-pic30-elf.a(floatsidf.EP_o)
                  0x0041a6                  ___floatsidf
 .libm.floatsisf
                  0x0041ac          0x6 c:/program files/microchip/xc16/v2.10/bin/bin/../../lib\libc99-pic30-elf.a(floatsisf.EP_o)
                  0x0041ac                  ___floatsisf
 .libm.floatunsidf
                  0x0041b2          0x4 c:/program files/microchip/xc16/v2.10/bin/bin/../../lib\libc99-pic30-elf.a(floatunsidf.EP_o)
                  0x0041b2                  ___floatunsidf
 .libm.truncdfsf2
                  0x0041b6         0x56 c:/program files/microchip/xc16/v2.10/bin/bin/../../lib\libc99-pic30-elf.a(truncdfsf.EP_o)
                  0x0041b6                  ___truncdfsf2
 .libm.umodsi3    0x00420c          0x6 c:/program files/microchip/xc16/v2.10/bin/bin/../../lib\libc99-pic30-elf.a(umodsi3.EP_o)
                  0x00420c                  ___umodsi3
 .libm.mulsi3     0x004212          0xc c:/program files/microchip/xc16/v2.10/bin/bin/../../lib\libc99-pic30-elf.a(mulsi3.EP_o)
                  0x004212                  ___mulp32peds3
                  0x004212                  ___mulsi3
                  0x004212                  ___mulp32eds3
 .lib_dpfops      0x00421e         0xa2 c:/program files/microchip/xc16/v2.10/bin/bin/../../lib\libc99-pic30-elf.a(dpadd.EP_o)
                  0x00421e                  ___subdf3
                  0x00422a                  ___adddf3
 .lib_dpfops      0x0042c0        0x15e c:/program files/microchip/xc16/v2.10/bin/bin/../../lib\libc99-pic30-elf.a(dpdiv.EP_o)
                  0x0042c0                  ___divdf3
 .lib_dpfops      0x00441e        0x11a c:/program files/microchip/xc16/v2.10/bin/bin/../../lib\libc99-pic30-elf.a(dpmul.EP_o)
                  0x00441e                  ___muldf3
 .lib_dpfops      0x004538        0x128 c:/program files/microchip/xc16/v2.10/bin/bin/../../lib\libc99-pic30-elf.a(dpsubs.EP_o)
                  0x004552                  __dxchg
                  0x004560                  __drshft
                  0x0045ba                  __dupchk
                  0x00461c                  __drndex
                  0x004626                  __dnsrnd
                  0x004652                  __dpakex
 .libm.__PplusBdi
                  0x004660         0x26 c:/program files/microchip/xc16/v2.10/bin/bin/../../lib\libc99-pic30-elf.a(divmoddi3.EP_o)
 .libm.__PminusBdi
                  0x004686         0x2a c:/program files/microchip/xc16/v2.10/bin/bin/../../lib\libc99-pic30-elf.a(divmoddi3.EP_o)
 .libm.__udivmoddi3
                  0x0046b0         0xe6 c:/program files/microchip/xc16/v2.10/bin/bin/../../lib\libc99-pic30-elf.a(divmoddi3.EP_o)
                  0x0046b0                  ___udivmoddi3
 .libm.__udivdi3
                  0x004796          0xe c:/program files/microchip/xc16/v2.10/bin/bin/../../lib\libc99-pic30-elf.a(divmoddi3.EP_o)
                  0x004796                  ___udivdi3
 .libm.__umoddi3
                  0x0047a4          0x8 c:/program files/microchip/xc16/v2.10/bin/bin/../../lib\libc99-pic30-elf.a(divmoddi3.EP_o)
                  0x0047a4                  ___umoddi3
 .libm.__divdi3
                  0x0047ac         0x60 c:/program files/microchip/xc16/v2.10/bin/bin/../../lib\libc99-pic30-elf.a(divmoddi3.EP_o)
                  0x0047ac                  ___divdi3
 .libm.__moddi3
                  0x00480c         0x5c c:/program files/microchip/xc16/v2.10/bin/bin/../../lib\libc99-pic30-elf.a(divmoddi3.EP_o)
                  0x00480c                  ___moddi3
 .libm.__muldi3
                  0x004868         0x52 c:/program files/microchip/xc16/v2.10/bin/bin/../../lib\libc99-pic30-elf.a(muldi3.EP_o)
                  0x004868                  ___muldi3
 .libm.dcompare
                  0x0048ba         0x52 c:/program files/microchip/xc16/v2.10/bin/bin/../../lib\libc99-pic30-elf.a(dcompare.EP_o)
                  0x0048ba                  __dcompare
 .libm.dtype      0x00490c         0x24 c:/program files/microchip/xc16/v2.10/bin/bin/../../lib\libc99-pic30-elf.a(dtype.EP_o)
                  0x00490c                  __dtype
 .libm.dunpack    0x004930         0x4e c:/program files/microchip/xc16/v2.10/bin/bin/../../lib\libc99-pic30-elf.a(dunpack.EP_o)
                  0x004930                  __dunpack
 .libm.dunpack2
                  0x00497e         0x32 c:/program files/microchip/xc16/v2.10/bin/bin/../../lib\libc99-pic30-elf.a(dunpack2.EP_o)
                  0x00497e                  __dunpack2
                  0x0049a0                  __dreturnNaN
                  0x0049a6                  __dunpack2exit
 .libm.floatdidf
                  0x0049b0         0x20 c:/program files/microchip/xc16/v2.10/bin/bin/../../lib\libc99-pic30-elf.a(floatdidf.EP_o)
                  0x0049b0                  ___floatdidf
 .libm.floatdisf
                  0x0049d0         0x20 c:/program files/microchip/xc16/v2.10/bin/bin/../../lib\libc99-pic30-elf.a(floatdisf.EP_o)
                  0x0049d0                  ___floatdisf
 .libm.floatundidf
                  0x0049f0         0x56 c:/program files/microchip/xc16/v2.10/bin/bin/../../lib\libc99-pic30-elf.a(floatundidf.EP_o)
                  0x0049f0                  ___floatundidf
 .libm.umuldi3    0x004a46         0x44 c:/program files/microchip/xc16/v2.10/bin/bin/../../lib\libc99-pic30-elf.a(umuldi3.EP_o)
                  0x004a46                  ___umuldi3
 .libm.dpack      0x004a8a         0x58 c:/program files/microchip/xc16/v2.10/bin/bin/../../lib\libc99-pic30-elf.a(dpack.EP_o)
                  0x004a8a                  __dpack
 .libm.dPropagateNaN
                  0x004ae2         0x1e c:/program files/microchip/xc16/v2.10/bin/bin/../../lib\libc99-pic30-elf.a(dpropagateNaN.EP_o)
                  0x004ae2                  __dPropagateNaN
 .libc.copysignl
                  0x004b00         0x34 c:/program files/microchip/xc16/v2.10/bin/bin/../../lib\libm-elf.a(copysignl.EP_o)
                  0x004b00                  _copysignl
 .libc.fabsl      0x004b34         0x16 c:/program files/microchip/xc16/v2.10/bin/bin/../../lib\libm-elf.a(fabsl.EP_o)
                  0x004b34                  _fabsl
 .libc.__LONG_DOUBLE_BITS
                  0x004b4a          0x2 c:/program files/microchip/xc16/v2.10/bin/bin/../../lib\libm-elf.a(fmodl.EP_o)
 .libc.fmodl      0x004b4c        0x32c c:/program files/microchip/xc16/v2.10/bin/bin/../../lib\libm-elf.a(fmodl.EP_o)
                  0x004b4c                  _fmodl
 .libc.scalbnf    0x004e78         0x54 c:/program files/microchip/xc16/v2.10/bin/bin/../../lib\libm-elf.a(scalbnf.EP_o)
                  0x004e78                  _scalbnf
 .libc.scalbnl    0x004ecc         0x60 c:/program files/microchip/xc16/v2.10/bin/bin/../../lib\libm-elf.a(scalbnl.EP_o)
                  0x004ecc                  _scalbnl

usercode
 *(usercode)

__FICD
 *(__FICD.sec*)

__FPOR
 *(__FPOR.sec*)

__FWDT
 *(__FWDT.sec*)

__FOSC
 *(__FOSC.sec*)

__FOSCSEL
 *(__FOSCSEL.sec*)

__FGS             0x02affa          0x2
 *(__FGS.sec*)
 __FGS.sec        0x02affa          0x2 /CW/_FGS0.@
                  0x02affa                  __FGS.sec

__FUID0
 *(__FUID0.sec*)

__FUID1
 *(__FUID1.sec*)

__FUID2
 *(__FUID2.sec*)

__FUID3
 *(__FUID3.sec*)

.comment
 *(.comment)

.debug_info       0x000000       0x59fb
 *(.debug_info)
 .debug_info      0x000000         0x96 build/default/production/mcc_generated_files/where_was_i.o
 .debug_info      0x000096        0x933 build/default/production/mcc_generated_files/pin_manager.o
 .debug_info      0x0009c9        0x5ea build/default/production/mcc_generated_files/traps.o
 .debug_info      0x000fb3        0x493 build/default/production/mcc_generated_files/reset.o
 .debug_info      0x001446        0x999 build/default/production/mcc_generated_files/uart1.o
 .debug_info      0x001ddf        0x293 build/default/production/mcc_generated_files/clock.o
 .debug_info      0x002072        0x15f build/default/production/mcc_generated_files/interrupt_manager.o
 .debug_info      0x0021d1        0x533 build/default/production/mcc_generated_files/system.o
 .debug_info      0x002704         0x7c build/default/production/flash.o
 .debug_info      0x002780        0x299 build/default/production/main.o
 .debug_info      0x002a19        0x97f build/default/production/nvmpic.o
 .debug_info      0x003398        0xb98 build/default/production/commands.o
 .debug_info      0x003f30        0x4c8 build/default/production/at.o
 .debug_info      0x0043f8         0x90 c:/program files/microchip/xc16/v2.10/bin/bin/../../lib\libc99-pic30-elf.a(fixunssfsi.EP_o)
 .debug_info      0x004488         0x91 c:/program files/microchip/xc16/v2.10/bin/bin/../../lib\libc99-pic30-elf.a(floatunsisf.EP_o)
 .debug_info      0x004519         0x8d c:/program files/microchip/xc16/v2.10/bin/bin/../../lib\libc99-pic30-elf.a(funpack.EP_o)
 .debug_info      0x0045a6         0x8d c:/program files/microchip/xc16/v2.10/bin/bin/../../lib\libc99-pic30-elf.a(udivsi3.EP_o)
 .debug_info      0x004633         0x9d c:/program files/microchip/xc16/v2.10/bin/bin/../../lib\libc99-pic30-elf.a(divsf3x.EP_o)
 .debug_info      0x0046d0         0x9d c:/program files/microchip/xc16/v2.10/bin/bin/../../lib\libc99-pic30-elf.a(mulsf3x.EP_o)
 .debug_info      0x00476d         0xa0 c:/program files/microchip/xc16/v2.10/bin/bin/../../lib\libc99-pic30-elf.a(dnrmpackfx.EP_o)
 .debug_info      0x00480d         0xa2 c:/program files/microchip/xc16/v2.10/bin/bin/../../lib\libc99-pic30-elf.a(unpackdnrmfx.EP_o)
 .debug_info      0x0048af         0x9c c:/program files/microchip/xc16/v2.10/bin/bin/../../lib\libc99-pic30-elf.a(typefx.EP_o)
 .debug_info      0x00494b         0x9f c:/program files/microchip/xc16/v2.10/bin/bin/../../lib\libc99-pic30-elf.a(propnanfx.EP_o)
 .debug_info      0x0049ea         0x9d c:/program files/microchip/xc16/v2.10/bin/bin/../../lib\libc99-pic30-elf.a(spackfx.EP_o)
 .debug_info      0x004a87         0x9e c:/program files/microchip/xc16/v2.10/bin/bin/../../lib\libc99-pic30-elf.a(unpackfx.EP_o)
 .debug_info      0x004b25         0x91 c:/program files/microchip/xc16/v2.10/bin/bin/../../lib\libc99-pic30-elf.a(floatundisf.EP_o)
 .debug_info      0x004bb6         0x8b c:/program files/microchip/xc16/v2.10/bin/bin/../../lib\libc99-pic30-elf.a(fpack.EP_o)
 .debug_info      0x004c41         0x8b c:/program files/microchip/xc16/v2.10/bin/bin/../../lib\libc99-pic30-elf.a(dgtge.EP_o)
 .debug_info      0x004ccc         0x8c c:/program files/microchip/xc16/v2.10/bin/bin/../../lib\libc99-pic30-elf.a(divsi3.EP_o)
 .debug_info      0x004d58         0x89 c:/program files/microchip/xc16/v2.10/bin/bin/../../lib\libc99-pic30-elf.a(dne.EP_o)
 .debug_info      0x004de1         0x90 c:/program files/microchip/xc16/v2.10/bin/bin/../../lib\libc99-pic30-elf.a(extendsfdf.EP_o)
 .debug_info      0x004e71         0x8f c:/program files/microchip/xc16/v2.10/bin/bin/../../lib\libc99-pic30-elf.a(floatsidf.EP_o)
 .debug_info      0x004f00         0x8f c:/program files/microchip/xc16/v2.10/bin/bin/../../lib\libc99-pic30-elf.a(floatsisf.EP_o)
 .debug_info      0x004f8f         0x91 c:/program files/microchip/xc16/v2.10/bin/bin/../../lib\libc99-pic30-elf.a(floatunsidf.EP_o)
 .debug_info      0x005020         0x8f c:/program files/microchip/xc16/v2.10/bin/bin/../../lib\libc99-pic30-elf.a(truncdfsf.EP_o)
 .debug_info      0x0050af         0x8d c:/program files/microchip/xc16/v2.10/bin/bin/../../lib\libc99-pic30-elf.a(umodsi3.EP_o)
 .debug_info      0x00513c         0x8c c:/program files/microchip/xc16/v2.10/bin/bin/../../lib\libc99-pic30-elf.a(mulsi3.EP_o)
 .debug_info      0x0051c8         0xa9 c:/program files/microchip/xc16/v2.10/bin/bin/../../lib\libc99-pic30-elf.a(dpadd.EP_o)
 .debug_info      0x005271         0xa9 c:/program files/microchip/xc16/v2.10/bin/bin/../../lib\libc99-pic30-elf.a(dpdiv.EP_o)
 .debug_info      0x00531a         0xa9 c:/program files/microchip/xc16/v2.10/bin/bin/../../lib\libc99-pic30-elf.a(dpmul.EP_o)
 .debug_info      0x0053c3         0xaa c:/program files/microchip/xc16/v2.10/bin/bin/../../lib\libc99-pic30-elf.a(dpsubs.EP_o)
 .debug_info      0x00546d         0x8e c:/program files/microchip/xc16/v2.10/bin/bin/../../lib\libc99-pic30-elf.a(dcompare.EP_o)
 .debug_info      0x0054fb         0x8b c:/program files/microchip/xc16/v2.10/bin/bin/../../lib\libc99-pic30-elf.a(dtype.EP_o)
 .debug_info      0x005586         0x8d c:/program files/microchip/xc16/v2.10/bin/bin/../../lib\libc99-pic30-elf.a(dunpack.EP_o)
 .debug_info      0x005613         0x8e c:/program files/microchip/xc16/v2.10/bin/bin/../../lib\libc99-pic30-elf.a(dunpack2.EP_o)
 .debug_info      0x0056a1         0x8f c:/program files/microchip/xc16/v2.10/bin/bin/../../lib\libc99-pic30-elf.a(floatdidf.EP_o)
 .debug_info      0x005730         0x8f c:/program files/microchip/xc16/v2.10/bin/bin/../../lib\libc99-pic30-elf.a(floatdisf.EP_o)
 .debug_info      0x0057bf         0x91 c:/program files/microchip/xc16/v2.10/bin/bin/../../lib\libc99-pic30-elf.a(floatundidf.EP_o)
 .debug_info      0x005850         0x8d c:/program files/microchip/xc16/v2.10/bin/bin/../../lib\libc99-pic30-elf.a(umuldi3.EP_o)
 .debug_info      0x0058dd         0x8b c:/program files/microchip/xc16/v2.10/bin/bin/../../lib\libc99-pic30-elf.a(dpack.EP_o)
 .debug_info      0x005968         0x93 c:/program files/microchip/xc16/v2.10/bin/bin/../../lib\libc99-pic30-elf.a(dpropagateNaN.EP_o)
 *(.gnu.linkonce.wi.*)

.debug_abbrev     0x000000        0xe52
 *(.debug_abbrev)
 .debug_abbrev    0x000000          0x1 build/default/production/mcc_generated_files/mcc.o
 .debug_abbrev    0x000001         0x14 build/default/production/mcc_generated_files/where_was_i.o
 .debug_abbrev    0x000015         0xc5 build/default/production/mcc_generated_files/pin_manager.o
 .debug_abbrev    0x0000da        0x10d build/default/production/mcc_generated_files/traps.o
 .debug_abbrev    0x0001e7         0xf6 build/default/production/mcc_generated_files/reset.o
 .debug_abbrev    0x0002dd        0x199 build/default/production/mcc_generated_files/uart1.o
 .debug_abbrev    0x000476         0x59 build/default/production/mcc_generated_files/clock.o
 .debug_abbrev    0x0004cf         0x34 build/default/production/mcc_generated_files/interrupt_manager.o
 .debug_abbrev    0x000503        0x12c build/default/production/mcc_generated_files/system.o
 .debug_abbrev    0x00062f         0x14 build/default/production/flash.o
 .debug_abbrev    0x000643         0xf8 build/default/production/main.o
 .debug_abbrev    0x00073b        0x197 build/default/production/nvmpic.o
 .debug_abbrev    0x0008d2        0x187 build/default/production/commands.o
 .debug_abbrev    0x000a59        0x101 build/default/production/at.o
 .debug_abbrev    0x000b5a         0x14 c:/program files/microchip/xc16/v2.10/bin/bin/../../lib\libc99-pic30-elf.a(fixunssfsi.EP_o)
 .debug_abbrev    0x000b6e         0x14 c:/program files/microchip/xc16/v2.10/bin/bin/../../lib\libc99-pic30-elf.a(floatunsisf.EP_o)
 .debug_abbrev    0x000b82         0x14 c:/program files/microchip/xc16/v2.10/bin/bin/../../lib\libc99-pic30-elf.a(funpack.EP_o)
 .debug_abbrev    0x000b96         0x14 c:/program files/microchip/xc16/v2.10/bin/bin/../../lib\libc99-pic30-elf.a(udivsi3.EP_o)
 .debug_abbrev    0x000baa         0x14 c:/program files/microchip/xc16/v2.10/bin/bin/../../lib\libc99-pic30-elf.a(divsf3x.EP_o)
 .debug_abbrev    0x000bbe         0x14 c:/program files/microchip/xc16/v2.10/bin/bin/../../lib\libc99-pic30-elf.a(mulsf3x.EP_o)
 .debug_abbrev    0x000bd2         0x14 c:/program files/microchip/xc16/v2.10/bin/bin/../../lib\libc99-pic30-elf.a(dnrmpackfx.EP_o)
 .debug_abbrev    0x000be6         0x14 c:/program files/microchip/xc16/v2.10/bin/bin/../../lib\libc99-pic30-elf.a(unpackdnrmfx.EP_o)
 .debug_abbrev    0x000bfa         0x14 c:/program files/microchip/xc16/v2.10/bin/bin/../../lib\libc99-pic30-elf.a(typefx.EP_o)
 .debug_abbrev    0x000c0e         0x14 c:/program files/microchip/xc16/v2.10/bin/bin/../../lib\libc99-pic30-elf.a(propnanfx.EP_o)
 .debug_abbrev    0x000c22         0x14 c:/program files/microchip/xc16/v2.10/bin/bin/../../lib\libc99-pic30-elf.a(spackfx.EP_o)
 .debug_abbrev    0x000c36         0x14 c:/program files/microchip/xc16/v2.10/bin/bin/../../lib\libc99-pic30-elf.a(unpackfx.EP_o)
 .debug_abbrev    0x000c4a         0x14 c:/program files/microchip/xc16/v2.10/bin/bin/../../lib\libc99-pic30-elf.a(floatundisf.EP_o)
 .debug_abbrev    0x000c5e         0x14 c:/program files/microchip/xc16/v2.10/bin/bin/../../lib\libc99-pic30-elf.a(fpack.EP_o)
 .debug_abbrev    0x000c72         0x14 c:/program files/microchip/xc16/v2.10/bin/bin/../../lib\libc99-pic30-elf.a(dgtge.EP_o)
 .debug_abbrev    0x000c86         0x14 c:/program files/microchip/xc16/v2.10/bin/bin/../../lib\libc99-pic30-elf.a(divsi3.EP_o)
 .debug_abbrev    0x000c9a         0x14 c:/program files/microchip/xc16/v2.10/bin/bin/../../lib\libc99-pic30-elf.a(dne.EP_o)
 .debug_abbrev    0x000cae         0x14 c:/program files/microchip/xc16/v2.10/bin/bin/../../lib\libc99-pic30-elf.a(extendsfdf.EP_o)
 .debug_abbrev    0x000cc2         0x14 c:/program files/microchip/xc16/v2.10/bin/bin/../../lib\libc99-pic30-elf.a(floatsidf.EP_o)
 .debug_abbrev    0x000cd6         0x14 c:/program files/microchip/xc16/v2.10/bin/bin/../../lib\libc99-pic30-elf.a(floatsisf.EP_o)
 .debug_abbrev    0x000cea         0x14 c:/program files/microchip/xc16/v2.10/bin/bin/../../lib\libc99-pic30-elf.a(floatunsidf.EP_o)
 .debug_abbrev    0x000cfe         0x14 c:/program files/microchip/xc16/v2.10/bin/bin/../../lib\libc99-pic30-elf.a(truncdfsf.EP_o)
 .debug_abbrev    0x000d12         0x14 c:/program files/microchip/xc16/v2.10/bin/bin/../../lib\libc99-pic30-elf.a(umodsi3.EP_o)
 .debug_abbrev    0x000d26         0x14 c:/program files/microchip/xc16/v2.10/bin/bin/../../lib\libc99-pic30-elf.a(mulsi3.EP_o)
 .debug_abbrev    0x000d3a         0x14 c:/program files/microchip/xc16/v2.10/bin/bin/../../lib\libc99-pic30-elf.a(dpadd.EP_o)
 .debug_abbrev    0x000d4e         0x14 c:/program files/microchip/xc16/v2.10/bin/bin/../../lib\libc99-pic30-elf.a(dpdiv.EP_o)
 .debug_abbrev    0x000d62         0x14 c:/program files/microchip/xc16/v2.10/bin/bin/../../lib\libc99-pic30-elf.a(dpmul.EP_o)
 .debug_abbrev    0x000d76         0x14 c:/program files/microchip/xc16/v2.10/bin/bin/../../lib\libc99-pic30-elf.a(dpsubs.EP_o)
 .debug_abbrev    0x000d8a         0x14 c:/program files/microchip/xc16/v2.10/bin/bin/../../lib\libc99-pic30-elf.a(dcompare.EP_o)
 .debug_abbrev    0x000d9e         0x14 c:/program files/microchip/xc16/v2.10/bin/bin/../../lib\libc99-pic30-elf.a(dtype.EP_o)
 .debug_abbrev    0x000db2         0x14 c:/program files/microchip/xc16/v2.10/bin/bin/../../lib\libc99-pic30-elf.a(dunpack.EP_o)
 .debug_abbrev    0x000dc6         0x14 c:/program files/microchip/xc16/v2.10/bin/bin/../../lib\libc99-pic30-elf.a(dunpack2.EP_o)
 .debug_abbrev    0x000dda         0x14 c:/program files/microchip/xc16/v2.10/bin/bin/../../lib\libc99-pic30-elf.a(floatdidf.EP_o)
 .debug_abbrev    0x000dee         0x14 c:/program files/microchip/xc16/v2.10/bin/bin/../../lib\libc99-pic30-elf.a(floatdisf.EP_o)
 .debug_abbrev    0x000e02         0x14 c:/program files/microchip/xc16/v2.10/bin/bin/../../lib\libc99-pic30-elf.a(floatundidf.EP_o)
 .debug_abbrev    0x000e16         0x14 c:/program files/microchip/xc16/v2.10/bin/bin/../../lib\libc99-pic30-elf.a(umuldi3.EP_o)
 .debug_abbrev    0x000e2a         0x14 c:/program files/microchip/xc16/v2.10/bin/bin/../../lib\libc99-pic30-elf.a(dpack.EP_o)
 .debug_abbrev    0x000e3e         0x14 c:/program files/microchip/xc16/v2.10/bin/bin/../../lib\libc99-pic30-elf.a(dpropagateNaN.EP_o)

.debug_line       0x000000       0x1fe7
 *(.debug_line)
 .debug_line      0x000000         0x1a build/default/production/mcc_generated_files/mcc.o
 .debug_line      0x00001a         0x55 build/default/production/mcc_generated_files/where_was_i.o
 .debug_line      0x00006f        0x159 build/default/production/mcc_generated_files/pin_manager.o
 .debug_line      0x0001c8        0x16a build/default/production/mcc_generated_files/traps.o
 .debug_line      0x000332        0x172 build/default/production/mcc_generated_files/reset.o
 .debug_line      0x0004a4        0x18c build/default/production/mcc_generated_files/uart1.o
 .debug_line      0x000630        0x131 build/default/production/mcc_generated_files/clock.o
 .debug_line      0x000761         0x55 build/default/production/mcc_generated_files/interrupt_manager.o
 .debug_line      0x0007b6        0x172 build/default/production/mcc_generated_files/system.o
 .debug_line      0x000928         0xbd build/default/production/flash.o
 .debug_line      0x0009e5        0x11e build/default/production/main.o
 .debug_line      0x000b03        0x1e1 build/default/production/nvmpic.o
 .debug_line      0x000ce4        0x26e build/default/production/commands.o
 .debug_line      0x000f52         0xba build/default/production/at.o
 .debug_line      0x00100c         0x53 c:/program files/microchip/xc16/v2.10/bin/bin/../../lib\libc99-pic30-elf.a(fixunssfsi.EP_o)
 .debug_line      0x00105f         0x3b c:/program files/microchip/xc16/v2.10/bin/bin/../../lib\libc99-pic30-elf.a(floatunsisf.EP_o)
 .debug_line      0x00109a         0x4a c:/program files/microchip/xc16/v2.10/bin/bin/../../lib\libc99-pic30-elf.a(funpack.EP_o)
 .debug_line      0x0010e4         0x45 c:/program files/microchip/xc16/v2.10/bin/bin/../../lib\libc99-pic30-elf.a(udivsi3.EP_o)
 .debug_line      0x001129        0x124 c:/program files/microchip/xc16/v2.10/bin/bin/../../lib\libc99-pic30-elf.a(divsf3x.EP_o)
 .debug_line      0x00124d         0xcc c:/program files/microchip/xc16/v2.10/bin/bin/../../lib\libc99-pic30-elf.a(mulsf3x.EP_o)
 .debug_line      0x001319         0x72 c:/program files/microchip/xc16/v2.10/bin/bin/../../lib\libc99-pic30-elf.a(dnrmpackfx.EP_o)
 .debug_line      0x00138b         0x7a c:/program files/microchip/xc16/v2.10/bin/bin/../../lib\libc99-pic30-elf.a(unpackdnrmfx.EP_o)
 .debug_line      0x001405         0x5e c:/program files/microchip/xc16/v2.10/bin/bin/../../lib\libc99-pic30-elf.a(typefx.EP_o)
 .debug_line      0x001463         0x51 c:/program files/microchip/xc16/v2.10/bin/bin/../../lib\libc99-pic30-elf.a(propnanfx.EP_o)
 .debug_line      0x0014b4         0x98 c:/program files/microchip/xc16/v2.10/bin/bin/../../lib\libc99-pic30-elf.a(spackfx.EP_o)
 .debug_line      0x00154c         0x79 c:/program files/microchip/xc16/v2.10/bin/bin/../../lib\libc99-pic30-elf.a(unpackfx.EP_o)
 .debug_line      0x0015c5         0x1a c:/program files/microchip/xc16/v2.10/bin/bin/../../lib\libc99-pic30-elf.a(errno.EP_o)
 .debug_line      0x0015df         0x6c c:/program files/microchip/xc16/v2.10/bin/bin/../../lib\libc99-pic30-elf.a(floatundisf.EP_o)
 .debug_line      0x00164b         0x5a c:/program files/microchip/xc16/v2.10/bin/bin/../../lib\libc99-pic30-elf.a(fpack.EP_o)
 .debug_line      0x0016a5         0x38 c:/program files/microchip/xc16/v2.10/bin/bin/../../lib\libc99-pic30-elf.a(dgtge.EP_o)
 .debug_line      0x0016dd         0x43 c:/program files/microchip/xc16/v2.10/bin/bin/../../lib\libc99-pic30-elf.a(divsi3.EP_o)
 .debug_line      0x001720         0x36 c:/program files/microchip/xc16/v2.10/bin/bin/../../lib\libc99-pic30-elf.a(dne.EP_o)
 .debug_line      0x001756         0x59 c:/program files/microchip/xc16/v2.10/bin/bin/../../lib\libc99-pic30-elf.a(extendsfdf.EP_o)
 .debug_line      0x0017af         0x3a c:/program files/microchip/xc16/v2.10/bin/bin/../../lib\libc99-pic30-elf.a(floatsidf.EP_o)
 .debug_line      0x0017e9         0x3a c:/program files/microchip/xc16/v2.10/bin/bin/../../lib\libc99-pic30-elf.a(floatsisf.EP_o)
 .debug_line      0x001823         0x3b c:/program files/microchip/xc16/v2.10/bin/bin/../../lib\libc99-pic30-elf.a(floatunsidf.EP_o)
 .debug_line      0x00185e         0x66 c:/program files/microchip/xc16/v2.10/bin/bin/../../lib\libc99-pic30-elf.a(truncdfsf.EP_o)
 .debug_line      0x0018c4         0x38 c:/program files/microchip/xc16/v2.10/bin/bin/../../lib\libc99-pic30-elf.a(umodsi3.EP_o)
 .debug_line      0x0018fc         0x3a c:/program files/microchip/xc16/v2.10/bin/bin/../../lib\libc99-pic30-elf.a(mulsi3.EP_o)
 .debug_line      0x001936         0xa2 c:/program files/microchip/xc16/v2.10/bin/bin/../../lib\libc99-pic30-elf.a(dpadd.EP_o)
 .debug_line      0x0019d8        0x100 c:/program files/microchip/xc16/v2.10/bin/bin/../../lib\libc99-pic30-elf.a(dpdiv.EP_o)
 .debug_line      0x001ad8         0xde c:/program files/microchip/xc16/v2.10/bin/bin/../../lib\libc99-pic30-elf.a(dpmul.EP_o)
 .debug_line      0x001bb6         0xe8 c:/program files/microchip/xc16/v2.10/bin/bin/../../lib\libc99-pic30-elf.a(dpsubs.EP_o)
 .debug_line      0x001c9e         0x5f c:/program files/microchip/xc16/v2.10/bin/bin/../../lib\libc99-pic30-elf.a(dcompare.EP_o)
 .debug_line      0x001cfd         0x45 c:/program files/microchip/xc16/v2.10/bin/bin/../../lib\libc99-pic30-elf.a(dtype.EP_o)
 .debug_line      0x001d42         0x5c c:/program files/microchip/xc16/v2.10/bin/bin/../../lib\libc99-pic30-elf.a(dunpack.EP_o)
 .debug_line      0x001d9e         0x53 c:/program files/microchip/xc16/v2.10/bin/bin/../../lib\libc99-pic30-elf.a(dunpack2.EP_o)
 .debug_line      0x001df1         0x47 c:/program files/microchip/xc16/v2.10/bin/bin/../../lib\libc99-pic30-elf.a(floatdidf.EP_o)
 .debug_line      0x001e38         0x47 c:/program files/microchip/xc16/v2.10/bin/bin/../../lib\libc99-pic30-elf.a(floatdisf.EP_o)
 .debug_line      0x001e7f         0x68 c:/program files/microchip/xc16/v2.10/bin/bin/../../lib\libc99-pic30-elf.a(floatundidf.EP_o)
 .debug_line      0x001ee7         0x57 c:/program files/microchip/xc16/v2.10/bin/bin/../../lib\libc99-pic30-elf.a(umuldi3.EP_o)
 .debug_line      0x001f3e         0x5f c:/program files/microchip/xc16/v2.10/bin/bin/../../lib\libc99-pic30-elf.a(dpack.EP_o)
 .debug_line      0x001f9d         0x4a c:/program files/microchip/xc16/v2.10/bin/bin/../../lib\libc99-pic30-elf.a(dpropagateNaN.EP_o)

.debug_frame      0x000000        0xa06
 *(.debug_frame)
 .debug_frame     0x000000         0x2e build/default/production/mcc_generated_files/pin_manager.o
 .debug_frame     0x00002e        0x1fa build/default/production/mcc_generated_files/traps.o
 .debug_frame     0x000228        0x118 build/default/production/mcc_generated_files/reset.o
 .debug_frame     0x000340        0x188 build/default/production/mcc_generated_files/uart1.o
 .debug_frame     0x0004c8         0x2e build/default/production/mcc_generated_files/clock.o
 .debug_frame     0x0004f6         0x2e build/default/production/mcc_generated_files/interrupt_manager.o
 .debug_frame     0x000524         0x62 build/default/production/mcc_generated_files/system.o
 .debug_frame     0x000586         0x48 build/default/production/main.o
 .debug_frame     0x0005ce        0x1d8 build/default/production/nvmpic.o
 .debug_frame     0x0007a6         0xf2 build/default/production/commands.o
 .debug_frame     0x000898        0x16e build/default/production/at.o

.debug_str        0x000000        0x24b
 *(.debug_str)
 .debug_str       0x000000         0x16 build/default/production/mcc_generated_files/pin_manager.o
 .debug_str       0x000016         0x24 build/default/production/mcc_generated_files/traps.o
 .debug_str       0x00003a         0x17 build/default/production/mcc_generated_files/reset.o
 .debug_str       0x000051         0x30 build/default/production/mcc_generated_files/uart1.o
 .debug_str       0x000081          0xc build/default/production/mcc_generated_files/system.o
 .debug_str       0x00008d          0xc build/default/production/main.o
 .debug_str       0x000099         0x71 build/default/production/nvmpic.o
 .debug_str       0x00010a         0xe3 build/default/production/commands.o
 .debug_str       0x0001ed         0x5e build/default/production/at.o

.debug_loc
 *(.debug_loc)

.debug_macinfo
 *(.debug_macinfo)

.debug_pubnames
                  0x000000        0x797
 *(.debug_pubnames)
 .debug_pubnames
                  0x000000         0x2d build/default/production/mcc_generated_files/pin_manager.o
 .debug_pubnames
                  0x00002d         0xa4 build/default/production/mcc_generated_files/traps.o
 .debug_pubnames
                  0x0000d1         0x54 build/default/production/mcc_generated_files/reset.o
 .debug_pubnames
                  0x000125        0x13a build/default/production/mcc_generated_files/uart1.o
 .debug_pubnames
                  0x00025f         0x27 build/default/production/mcc_generated_files/clock.o
 .debug_pubnames
                  0x000286         0x2b build/default/production/mcc_generated_files/interrupt_manager.o
 .debug_pubnames
                  0x0002b1         0x28 build/default/production/mcc_generated_files/system.o
 .debug_pubnames
                  0x0002d9         0x38 build/default/production/main.o
 .debug_pubnames
                  0x000311        0x160 build/default/production/nvmpic.o
 .debug_pubnames
                  0x000471        0x17b build/default/production/commands.o
 .debug_pubnames
                  0x0005ec        0x1ab build/default/production/at.o

.debug_ranges
 *(.debug_ranges)

.debug_aranges    0x000000        0x608
 *(.debug_aranges)
 .debug_aranges
                  0x000000         0x20 build/default/production/mcc_generated_files/where_was_i.o
 .debug_aranges
                  0x000020         0x18 build/default/production/mcc_generated_files/pin_manager.o
 .debug_aranges
                  0x000038         0x18 build/default/production/mcc_generated_files/traps.o
 .debug_aranges
                  0x000050         0x18 build/default/production/mcc_generated_files/reset.o
 .debug_aranges
                  0x000068         0x18 build/default/production/mcc_generated_files/uart1.o
 .debug_aranges
                  0x000080         0x18 build/default/production/mcc_generated_files/clock.o
 .debug_aranges
                  0x000098         0x18 build/default/production/mcc_generated_files/interrupt_manager.o
 .debug_aranges
                  0x0000b0         0x18 build/default/production/mcc_generated_files/system.o
 .debug_aranges
                  0x0000c8         0x20 build/default/production/flash.o
 .debug_aranges
                  0x0000e8         0x18 build/default/production/main.o
 .debug_aranges
                  0x000100         0x18 build/default/production/nvmpic.o
 .debug_aranges
                  0x000118         0x18 build/default/production/commands.o
 .debug_aranges
                  0x000130         0x18 build/default/production/at.o
 .debug_aranges
                  0x000148         0x20 c:/program files/microchip/xc16/v2.10/bin/bin/../../lib\libc99-pic30-elf.a(fixunssfsi.EP_o)
 .debug_aranges
                  0x000168         0x20 c:/program files/microchip/xc16/v2.10/bin/bin/../../lib\libc99-pic30-elf.a(floatunsisf.EP_o)
 .debug_aranges
                  0x000188         0x20 c:/program files/microchip/xc16/v2.10/bin/bin/../../lib\libc99-pic30-elf.a(funpack.EP_o)
 .debug_aranges
                  0x0001a8         0x20 c:/program files/microchip/xc16/v2.10/bin/bin/../../lib\libc99-pic30-elf.a(udivsi3.EP_o)
 .debug_aranges
                  0x0001c8         0x20 c:/program files/microchip/xc16/v2.10/bin/bin/../../lib\libc99-pic30-elf.a(divsf3x.EP_o)
 .debug_aranges
                  0x0001e8         0x20 c:/program files/microchip/xc16/v2.10/bin/bin/../../lib\libc99-pic30-elf.a(mulsf3x.EP_o)
 .debug_aranges
                  0x000208         0x20 c:/program files/microchip/xc16/v2.10/bin/bin/../../lib\libc99-pic30-elf.a(dnrmpackfx.EP_o)
 .debug_aranges
                  0x000228         0x20 c:/program files/microchip/xc16/v2.10/bin/bin/../../lib\libc99-pic30-elf.a(unpackdnrmfx.EP_o)
 .debug_aranges
                  0x000248         0x20 c:/program files/microchip/xc16/v2.10/bin/bin/../../lib\libc99-pic30-elf.a(typefx.EP_o)
 .debug_aranges
                  0x000268         0x20 c:/program files/microchip/xc16/v2.10/bin/bin/../../lib\libc99-pic30-elf.a(propnanfx.EP_o)
 .debug_aranges
                  0x000288         0x20 c:/program files/microchip/xc16/v2.10/bin/bin/../../lib\libc99-pic30-elf.a(spackfx.EP_o)
 .debug_aranges
                  0x0002a8         0x20 c:/program files/microchip/xc16/v2.10/bin/bin/../../lib\libc99-pic30-elf.a(unpackfx.EP_o)
 .debug_aranges
                  0x0002c8         0x20 c:/program files/microchip/xc16/v2.10/bin/bin/../../lib\libc99-pic30-elf.a(floatundisf.EP_o)
 .debug_aranges
                  0x0002e8         0x20 c:/program files/microchip/xc16/v2.10/bin/bin/../../lib\libc99-pic30-elf.a(fpack.EP_o)
 .debug_aranges
                  0x000308         0x20 c:/program files/microchip/xc16/v2.10/bin/bin/../../lib\libc99-pic30-elf.a(dgtge.EP_o)
 .debug_aranges
                  0x000328         0x20 c:/program files/microchip/xc16/v2.10/bin/bin/../../lib\libc99-pic30-elf.a(divsi3.EP_o)
 .debug_aranges
                  0x000348         0x20 c:/program files/microchip/xc16/v2.10/bin/bin/../../lib\libc99-pic30-elf.a(dne.EP_o)
 .debug_aranges
                  0x000368         0x20 c:/program files/microchip/xc16/v2.10/bin/bin/../../lib\libc99-pic30-elf.a(extendsfdf.EP_o)
 .debug_aranges
                  0x000388         0x20 c:/program files/microchip/xc16/v2.10/bin/bin/../../lib\libc99-pic30-elf.a(floatsidf.EP_o)
 .debug_aranges
                  0x0003a8         0x20 c:/program files/microchip/xc16/v2.10/bin/bin/../../lib\libc99-pic30-elf.a(floatsisf.EP_o)
 .debug_aranges
                  0x0003c8         0x20 c:/program files/microchip/xc16/v2.10/bin/bin/../../lib\libc99-pic30-elf.a(floatunsidf.EP_o)
 .debug_aranges
                  0x0003e8         0x20 c:/program files/microchip/xc16/v2.10/bin/bin/../../lib\libc99-pic30-elf.a(truncdfsf.EP_o)
 .debug_aranges
                  0x000408         0x20 c:/program files/microchip/xc16/v2.10/bin/bin/../../lib\libc99-pic30-elf.a(umodsi3.EP_o)
 .debug_aranges
                  0x000428         0x20 c:/program files/microchip/xc16/v2.10/bin/bin/../../lib\libc99-pic30-elf.a(mulsi3.EP_o)
 .debug_aranges
                  0x000448         0x20 c:/program files/microchip/xc16/v2.10/bin/bin/../../lib\libc99-pic30-elf.a(dpadd.EP_o)
 .debug_aranges
                  0x000468         0x20 c:/program files/microchip/xc16/v2.10/bin/bin/../../lib\libc99-pic30-elf.a(dpdiv.EP_o)
 .debug_aranges
                  0x000488         0x20 c:/program files/microchip/xc16/v2.10/bin/bin/../../lib\libc99-pic30-elf.a(dpmul.EP_o)
 .debug_aranges
                  0x0004a8         0x20 c:/program files/microchip/xc16/v2.10/bin/bin/../../lib\libc99-pic30-elf.a(dpsubs.EP_o)
 .debug_aranges
                  0x0004c8         0x20 c:/program files/microchip/xc16/v2.10/bin/bin/../../lib\libc99-pic30-elf.a(dcompare.EP_o)
 .debug_aranges
                  0x0004e8         0x20 c:/program files/microchip/xc16/v2.10/bin/bin/../../lib\libc99-pic30-elf.a(dtype.EP_o)
 .debug_aranges
                  0x000508         0x20 c:/program files/microchip/xc16/v2.10/bin/bin/../../lib\libc99-pic30-elf.a(dunpack.EP_o)
 .debug_aranges
                  0x000528         0x20 c:/program files/microchip/xc16/v2.10/bin/bin/../../lib\libc99-pic30-elf.a(dunpack2.EP_o)
 .debug_aranges
                  0x000548         0x20 c:/program files/microchip/xc16/v2.10/bin/bin/../../lib\libc99-pic30-elf.a(floatdidf.EP_o)
 .debug_aranges
                  0x000568         0x20 c:/program files/microchip/xc16/v2.10/bin/bin/../../lib\libc99-pic30-elf.a(floatdisf.EP_o)
 .debug_aranges
                  0x000588         0x20 c:/program files/microchip/xc16/v2.10/bin/bin/../../lib\libc99-pic30-elf.a(floatundidf.EP_o)
 .debug_aranges
                  0x0005a8         0x20 c:/program files/microchip/xc16/v2.10/bin/bin/../../lib\libc99-pic30-elf.a(umuldi3.EP_o)
 .debug_aranges
                  0x0005c8         0x20 c:/program files/microchip/xc16/v2.10/bin/bin/../../lib\libc99-pic30-elf.a(dpack.EP_o)
 .debug_aranges
                  0x0005e8         0x20 c:/program files/microchip/xc16/v2.10/bin/bin/../../lib\libc99-pic30-elf.a(dpropagateNaN.EP_o)
                    0x0000                  WREG0 = 0x0
                    0x0000                  _WREG0 = 0x0
                    0x0002                  WREG1 = 0x2
                    0x0002                  _WREG1 = 0x2
                    0x0004                  WREG2 = 0x4
                    0x0004                  _WREG2 = 0x4
                    0x0006                  WREG3 = 0x6
                    0x0006                  _WREG3 = 0x6
                    0x0008                  WREG4 = 0x8
                    0x0008                  _WREG4 = 0x8
                    0x000a                  WREG5 = 0xa
                    0x000a                  _WREG5 = 0xa
                    0x000c                  WREG6 = 0xc
                    0x000c                  _WREG6 = 0xc
                    0x000e                  WREG7 = 0xe
                    0x000e                  _WREG7 = 0xe
                    0x0010                  WREG8 = 0x10
                    0x0010                  _WREG8 = 0x10
                    0x0012                  WREG9 = 0x12
                    0x0012                  _WREG9 = 0x12
                    0x0014                  WREG10 = 0x14
                    0x0014                  _WREG10 = 0x14
                    0x0016                  WREG11 = 0x16
                    0x0016                  _WREG11 = 0x16
                    0x0018                  WREG12 = 0x18
                    0x0018                  _WREG12 = 0x18
                    0x001a                  WREG13 = 0x1a
                    0x001a                  _WREG13 = 0x1a
                    0x001c                  WREG14 = 0x1c
                    0x001c                  _WREG14 = 0x1c
                    0x001e                  WREG15 = 0x1e
                    0x001e                  _WREG15 = 0x1e
                    0x0020                  SPLIM = 0x20
                    0x0020                  _SPLIM = 0x20
                    0x0022                  ACCAL = 0x22
                    0x0022                  _ACCAL = 0x22
                    0x0024                  ACCAH = 0x24
                    0x0024                  _ACCAH = 0x24
                    0x0026                  ACCAU = 0x26
                    0x0026                  _ACCAU = 0x26
                    0x0028                  ACCBL = 0x28
                    0x0028                  _ACCBL = 0x28
                    0x002a                  ACCBH = 0x2a
                    0x002a                  _ACCBH = 0x2a
                    0x002c                  ACCBU = 0x2c
                    0x002c                  _ACCBU = 0x2c
                    0x002e                  PCL = 0x2e
                    0x002e                  _PCL = 0x2e
                    0x0030                  PCH = 0x30
                    0x0030                  _PCH = 0x30
                    0x0032                  DSRPAG = 0x32
                    0x0032                  _DSRPAG = 0x32
                    0x0032                  _DSRPAGbits = 0x32
                    0x0034                  DSWPAG = 0x34
                    0x0034                  _DSWPAG = 0x34
                    0x0034                  _DSWPAGbits = 0x34
                    0x0036                  RCOUNT = 0x36
                    0x0036                  _RCOUNT = 0x36
                    0x0038                  DCOUNT = 0x38
                    0x0038                  _DCOUNT = 0x38
                    0x003a                  DOSTARTL = 0x3a
                    0x003a                  _DOSTARTL = 0x3a
                    0x003c                  DOSTARTH = 0x3c
                    0x003c                  _DOSTARTH = 0x3c
                    0x003e                  DOENDL = 0x3e
                    0x003e                  _DOENDL = 0x3e
                    0x0040                  DOENDH = 0x40
                    0x0040                  _DOENDH = 0x40
                    0x0042                  SR = 0x42
                    0x0042                  _SR = 0x42
                    0x0042                  _SRbits = 0x42
                    0x0044                  CORCON = 0x44
                    0x0044                  _CORCON = 0x44
                    0x0044                  _CORCONbits = 0x44
                    0x0046                  MODCON = 0x46
                    0x0046                  _MODCON = 0x46
                    0x0046                  _MODCONbits = 0x46
                    0x0048                  XMODSRT = 0x48
                    0x0048                  _XMODSRT = 0x48
                    0x004a                  XMODEND = 0x4a
                    0x004a                  _XMODEND = 0x4a
                    0x004c                  YMODSRT = 0x4c
                    0x004c                  _YMODSRT = 0x4c
                    0x004e                  YMODEND = 0x4e
                    0x004e                  _YMODEND = 0x4e
                    0x0050                  XBREV = 0x50
                    0x0050                  _XBREV = 0x50
                    0x0050                  _XBREVbits = 0x50
                    0x0052                  DISICNT = 0x52
                    0x0052                  _DISICNT = 0x52
                    0x0054                  TBLPAG = 0x54
                    0x0054                  _TBLPAG = 0x54
                    0x0054                  _TBLPAGbits = 0x54
                    0x0058                  MSTRPR = 0x58
                    0x0058                  _MSTRPR = 0x58
                    0x0100                  TMR1 = 0x100
                    0x0100                  _TMR1 = 0x100
                    0x0102                  PR1 = 0x102
                    0x0102                  _PR1 = 0x102
                    0x0104                  T1CON = 0x104
                    0x0104                  _T1CON = 0x104
                    0x0104                  _T1CONbits = 0x104
                    0x0106                  TMR2 = 0x106
                    0x0106                  _TMR2 = 0x106
                    0x0108                  TMR3HLD = 0x108
                    0x0108                  _TMR3HLD = 0x108
                    0x010a                  TMR3 = 0x10a
                    0x010a                  _TMR3 = 0x10a
                    0x010c                  PR2 = 0x10c
                    0x010c                  _PR2 = 0x10c
                    0x010e                  PR3 = 0x10e
                    0x010e                  _PR3 = 0x10e
                    0x0110                  T2CON = 0x110
                    0x0110                  _T2CON = 0x110
                    0x0110                  _T2CONbits = 0x110
                    0x0112                  T3CON = 0x112
                    0x0112                  _T3CON = 0x112
                    0x0112                  _T3CONbits = 0x112
                    0x0114                  TMR4 = 0x114
                    0x0114                  _TMR4 = 0x114
                    0x0116                  TMR5HLD = 0x116
                    0x0116                  _TMR5HLD = 0x116
                    0x0118                  TMR5 = 0x118
                    0x0118                  _TMR5 = 0x118
                    0x011a                  PR4 = 0x11a
                    0x011a                  _PR4 = 0x11a
                    0x011c                  PR5 = 0x11c
                    0x011c                  _PR5 = 0x11c
                    0x011e                  T4CON = 0x11e
                    0x011e                  _T4CON = 0x11e
                    0x011e                  _T4CONbits = 0x11e
                    0x0120                  T5CON = 0x120
                    0x0120                  _T5CON = 0x120
                    0x0120                  _T5CONbits = 0x120
                    0x0140                  IC1CON1 = 0x140
                    0x0140                  _IC1CON1 = 0x140
                    0x0140                  _IC1CON1bits = 0x140
                    0x0142                  IC1CON2 = 0x142
                    0x0142                  _IC1CON2 = 0x142
                    0x0142                  _IC1CON2bits = 0x142
                    0x0144                  IC1BUF = 0x144
                    0x0144                  _IC1BUF = 0x144
                    0x0146                  IC1TMR = 0x146
                    0x0146                  _IC1TMR = 0x146
                    0x0148                  IC2CON1 = 0x148
                    0x0148                  _IC2CON1 = 0x148
                    0x0148                  _IC2CON1bits = 0x148
                    0x014a                  IC2CON2 = 0x14a
                    0x014a                  _IC2CON2 = 0x14a
                    0x014a                  _IC2CON2bits = 0x14a
                    0x014c                  IC2BUF = 0x14c
                    0x014c                  _IC2BUF = 0x14c
                    0x014e                  IC2TMR = 0x14e
                    0x014e                  _IC2TMR = 0x14e
                    0x0150                  IC3CON1 = 0x150
                    0x0150                  _IC3CON1 = 0x150
                    0x0150                  _IC3CON1bits = 0x150
                    0x0152                  IC3CON2 = 0x152
                    0x0152                  _IC3CON2 = 0x152
                    0x0152                  _IC3CON2bits = 0x152
                    0x0154                  IC3BUF = 0x154
                    0x0154                  _IC3BUF = 0x154
                    0x0156                  IC3TMR = 0x156
                    0x0156                  _IC3TMR = 0x156
                    0x0158                  IC4CON1 = 0x158
                    0x0158                  _IC4CON1 = 0x158
                    0x0158                  _IC4CON1bits = 0x158
                    0x015a                  IC4CON2 = 0x15a
                    0x015a                  _IC4CON2 = 0x15a
                    0x015a                  _IC4CON2bits = 0x15a
                    0x015c                  IC4BUF = 0x15c
                    0x015c                  _IC4BUF = 0x15c
                    0x015e                  IC4TMR = 0x15e
                    0x015e                  _IC4TMR = 0x15e
                    0x0200                  I2C1RCV = 0x200
                    0x0200                  _I2C1RCV = 0x200
                    0x0202                  I2C1TRN = 0x202
                    0x0202                  _I2C1TRN = 0x202
                    0x0204                  I2C1BRG = 0x204
                    0x0204                  _I2C1BRG = 0x204
                    0x0206                  I2C1CON = 0x206
                    0x0206                  _I2C1CON = 0x206
                    0x0206                  _I2C1CONbits = 0x206
                    0x0208                  I2C1STAT = 0x208
                    0x0208                  _I2C1STAT = 0x208
                    0x0208                  _I2C1STATbits = 0x208
                    0x020a                  I2C1ADD = 0x20a
                    0x020a                  _I2C1ADD = 0x20a
                    0x020c                  I2C1MSK = 0x20c
                    0x020c                  _I2C1MSK = 0x20c
                    0x0210                  I2C2RCV = 0x210
                    0x0210                  _I2C2RCV = 0x210
                    0x0212                  I2C2TRN = 0x212
                    0x0212                  _I2C2TRN = 0x212
                    0x0214                  I2C2BRG = 0x214
                    0x0214                  _I2C2BRG = 0x214
                    0x0216                  I2C2CON = 0x216
                    0x0216                  _I2C2CON = 0x216
                    0x0216                  _I2C2CONbits = 0x216
                    0x0218                  I2C2STAT = 0x218
                    0x0218                  _I2C2STAT = 0x218
                    0x0218                  _I2C2STATbits = 0x218
                    0x021a                  I2C2ADD = 0x21a
                    0x021a                  _I2C2ADD = 0x21a
                    0x021c                  I2C2MSK = 0x21c
                    0x021c                  _I2C2MSK = 0x21c
                    0x0220                  U1MODE = 0x220
                    0x0220                  _U1MODE = 0x220
                    0x0220                  _U1MODEbits = 0x220
                    0x0222                  U1STA = 0x222
                    0x0222                  _U1STA = 0x222
                    0x0222                  _U1STAbits = 0x222
                    0x0224                  U1TXREG = 0x224
                    0x0224                  _U1TXREG = 0x224
                    0x0226                  U1RXREG = 0x226
                    0x0226                  _U1RXREG = 0x226
                    0x0228                  U1BRG = 0x228
                    0x0228                  _U1BRG = 0x228
                    0x0230                  U2MODE = 0x230
                    0x0230                  _U2MODE = 0x230
                    0x0230                  _U2MODEbits = 0x230
                    0x0232                  U2STA = 0x232
                    0x0232                  _U2STA = 0x232
                    0x0232                  _U2STAbits = 0x232
                    0x0234                  U2TXREG = 0x234
                    0x0234                  _U2TXREG = 0x234
                    0x0236                  U2RXREG = 0x236
                    0x0236                  _U2RXREG = 0x236
                    0x0238                  U2BRG = 0x238
                    0x0238                  _U2BRG = 0x238
                    0x0240                  SPI1STAT = 0x240
                    0x0240                  _SPI1STAT = 0x240
                    0x0240                  _SPI1STATbits = 0x240
                    0x0242                  SPI1CON1 = 0x242
                    0x0242                  _SPI1CON1 = 0x242
                    0x0242                  _SPI1CON1bits = 0x242
                    0x0244                  SPI1CON2 = 0x244
                    0x0244                  _SPI1CON2 = 0x244
                    0x0244                  _SPI1CON2bits = 0x244
                    0x0248                  SPI1BUF = 0x248
                    0x0248                  _SPI1BUF = 0x248
                    0x0260                  SPI2STAT = 0x260
                    0x0260                  _SPI2STAT = 0x260
                    0x0260                  _SPI2STATbits = 0x260
                    0x0262                  SPI2CON1 = 0x262
                    0x0262                  _SPI2CON1 = 0x262
                    0x0262                  _SPI2CON1bits = 0x262
                    0x0264                  SPI2CON2 = 0x264
                    0x0264                  _SPI2CON2 = 0x264
                    0x0264                  _SPI2CON2bits = 0x264
                    0x0268                  SPI2BUF = 0x268
                    0x0268                  _SPI2BUF = 0x268
                    0x0300                  ADC1BUF0 = 0x300
                    0x0300                  _ADC1BUF0 = 0x300
                    0x0302                  ADC1BUF1 = 0x302
                    0x0302                  _ADC1BUF1 = 0x302
                    0x0304                  ADC1BUF2 = 0x304
                    0x0304                  _ADC1BUF2 = 0x304
                    0x0306                  ADC1BUF3 = 0x306
                    0x0306                  _ADC1BUF3 = 0x306
                    0x0308                  ADC1BUF4 = 0x308
                    0x0308                  _ADC1BUF4 = 0x308
                    0x030a                  ADC1BUF5 = 0x30a
                    0x030a                  _ADC1BUF5 = 0x30a
                    0x030c                  ADC1BUF6 = 0x30c
                    0x030c                  _ADC1BUF6 = 0x30c
                    0x030e                  ADC1BUF7 = 0x30e
                    0x030e                  _ADC1BUF7 = 0x30e
                    0x0310                  ADC1BUF8 = 0x310
                    0x0310                  _ADC1BUF8 = 0x310
                    0x0312                  ADC1BUF9 = 0x312
                    0x0312                  _ADC1BUF9 = 0x312
                    0x0314                  ADC1BUFA = 0x314
                    0x0314                  _ADC1BUFA = 0x314
                    0x0316                  ADC1BUFB = 0x316
                    0x0316                  _ADC1BUFB = 0x316
                    0x0318                  ADC1BUFC = 0x318
                    0x0318                  _ADC1BUFC = 0x318
                    0x031a                  ADC1BUFD = 0x31a
                    0x031a                  _ADC1BUFD = 0x31a
                    0x031c                  ADC1BUFE = 0x31c
                    0x031c                  _ADC1BUFE = 0x31c
                    0x031e                  ADC1BUFF = 0x31e
                    0x031e                  _ADC1BUFF = 0x31e
                    0x0320                  AD1CON1 = 0x320
                    0x0320                  _AD1CON1 = 0x320
                    0x0320                  _AD1CON1bits = 0x320
                    0x0322                  AD1CON2 = 0x322
                    0x0322                  _AD1CON2 = 0x322
                    0x0322                  _AD1CON2bits = 0x322
                    0x0324                  AD1CON3 = 0x324
                    0x0324                  _AD1CON3 = 0x324
                    0x0324                  _AD1CON3bits = 0x324
                    0x0326                  AD1CHS123 = 0x326
                    0x0326                  _AD1CHS123 = 0x326
                    0x0326                  _AD1CHS123bits = 0x326
                    0x0328                  AD1CHS0 = 0x328
                    0x0328                  _AD1CHS0 = 0x328
                    0x0328                  _AD1CHS0bits = 0x328
                    0x032e                  AD1CSSH = 0x32e
                    0x032e                  _AD1CSSH = 0x32e
                    0x032e                  _AD1CSSHbits = 0x32e
                    0x0330                  AD1CSSL = 0x330
                    0x0330                  _AD1CSSL = 0x330
                    0x0330                  _AD1CSSLbits = 0x330
                    0x0332                  AD1CON4 = 0x332
                    0x0332                  _AD1CON4 = 0x332
                    0x0332                  _AD1CON4bits = 0x332
                    0x033a                  CTMUCON1 = 0x33a
                    0x033a                  _CTMUCON1 = 0x33a
                    0x033a                  _CTMUCON1bits = 0x33a
                    0x033c                  CTMUCON2 = 0x33c
                    0x033c                  _CTMUCON2 = 0x33c
                    0x033c                  _CTMUCON2bits = 0x33c
                    0x033e                  CTMUICON = 0x33e
                    0x033e                  _CTMUICON = 0x33e
                    0x033e                  _CTMUICONbits = 0x33e
                    0x0400                  C1CTRL1 = 0x400
                    0x0400                  _C1CTRL1 = 0x400
                    0x0400                  _C1CTRL1bits = 0x400
                    0x0402                  C1CTRL2 = 0x402
                    0x0402                  _C1CTRL2 = 0x402
                    0x0402                  _C1CTRL2bits = 0x402
                    0x0404                  C1VEC = 0x404
                    0x0404                  _C1VEC = 0x404
                    0x0404                  _C1VECbits = 0x404
                    0x0406                  C1FCTRL = 0x406
                    0x0406                  _C1FCTRL = 0x406
                    0x0406                  _C1FCTRLbits = 0x406
                    0x0408                  C1FIFO = 0x408
                    0x0408                  _C1FIFO = 0x408
                    0x0408                  _C1FIFObits = 0x408
                    0x040a                  C1INTF = 0x40a
                    0x040a                  _C1INTF = 0x40a
                    0x040a                  _C1INTFbits = 0x40a
                    0x040c                  C1INTE = 0x40c
                    0x040c                  _C1INTE = 0x40c
                    0x040c                  _C1INTEbits = 0x40c
                    0x040e                  C1EC = 0x40e
                    0x040e                  _C1EC = 0x40e
                    0x040e                  _C1ECbits = 0x40e
                    0x040e                  C1RERRCNT = 0x40e
                    0x040e                  _C1RERRCNT = 0x40e
                    0x040f                  C1TERRCNT = 0x40f
                    0x040f                  _C1TERRCNT = 0x40f
                    0x0410                  C1CFG1 = 0x410
                    0x0410                  _C1CFG1 = 0x410
                    0x0410                  _C1CFG1bits = 0x410
                    0x0412                  C1CFG2 = 0x412
                    0x0412                  _C1CFG2 = 0x412
                    0x0412                  _C1CFG2bits = 0x412
                    0x0414                  C1FEN1 = 0x414
                    0x0414                  _C1FEN1 = 0x414
                    0x0414                  _C1FEN1bits = 0x414
                    0x0418                  C1FMSKSEL1 = 0x418
                    0x0418                  _C1FMSKSEL1 = 0x418
                    0x0418                  _C1FMSKSEL1bits = 0x418
                    0x041a                  C1FMSKSEL2 = 0x41a
                    0x041a                  _C1FMSKSEL2 = 0x41a
                    0x041a                  _C1FMSKSEL2bits = 0x41a